Archive member included to satisfy reference by file (symbol)

/Applications/Eclipse.app/Contents/Eclipse/plugins/fr.ac6.mcu.externaltools.arm-none.macos64_1.17.0.201812190825/tools/compiler/bin/../lib/gcc/arm-none-eabi/7.3.1/thumb/v7-m/libgcc.a(_arm_addsubdf3.o)
                              Src/main.o (__aeabi_dsub)
/Applications/Eclipse.app/Contents/Eclipse/plugins/fr.ac6.mcu.externaltools.arm-none.macos64_1.17.0.201812190825/tools/compiler/bin/../lib/gcc/arm-none-eabi/7.3.1/thumb/v7-m/libgcc.a(_arm_muldivdf3.o)
                              Src/main.o (__aeabi_dmul)
/Applications/Eclipse.app/Contents/Eclipse/plugins/fr.ac6.mcu.externaltools.arm-none.macos64_1.17.0.201812190825/tools/compiler/bin/../lib/gcc/arm-none-eabi/7.3.1/thumb/v7-m/libgcc.a(_arm_fixdfsi.o)
                              Src/main.o (__aeabi_d2iz)
/Applications/Eclipse.app/Contents/Eclipse/plugins/fr.ac6.mcu.externaltools.arm-none.macos64_1.17.0.201812190825/tools/compiler/bin/../lib/gcc/arm-none-eabi/7.3.1/thumb/v7-m/libgcc.a(_arm_truncdfsf2.o)
                              Src/main.o (__aeabi_d2f)
/Applications/Eclipse.app/Contents/Eclipse/plugins/fr.ac6.mcu.externaltools.arm-none.macos64_1.17.0.201812190825/tools/compiler/bin/../lib/gcc/arm-none-eabi/7.3.1/thumb/v7-m/libgcc.a(_arm_addsubsf3.o)
                              Src/main.o (__aeabi_fsub)
/Applications/Eclipse.app/Contents/Eclipse/plugins/fr.ac6.mcu.externaltools.arm-none.macos64_1.17.0.201812190825/tools/compiler/bin/../lib/gcc/arm-none-eabi/7.3.1/thumb/v7-m/libgcc.a(_arm_muldivsf3.o)
                              Src/main.o (__aeabi_fmul)
/Applications/Eclipse.app/Contents/Eclipse/plugins/fr.ac6.mcu.externaltools.arm-none.macos64_1.17.0.201812190825/tools/compiler/bin/../lib/gcc/arm-none-eabi/7.3.1/thumb/v7-m/libgcc.a(_arm_cmpsf2.o)
                              Src/bsp_usart_lcd.o (__aeabi_fcmplt)
/Applications/Eclipse.app/Contents/Eclipse/plugins/fr.ac6.mcu.externaltools.arm-none.macos64_1.17.0.201812190825/tools/compiler/bin/../lib/gcc/arm-none-eabi/7.3.1/thumb/v7-m/libgcc.a(_arm_fixsfsi.o)
                              Src/bsp_usart_lcd.o (__aeabi_f2iz)
/Applications/Eclipse.app/Contents/Eclipse/plugins/fr.ac6.mcu.externaltools.arm-none.macos64_1.17.0.201812190825/tools/compiler/bin/../lib/gcc/arm-none-eabi/7.3.1/thumb/v7-m/libgcc.a(_arm_fixunssfsi.o)
                              Src/bsp_usart_lcd.o (__aeabi_f2uiz)
/Applications/Eclipse.app/Contents/Eclipse/plugins/fr.ac6.mcu.externaltools.arm-none.macos64_1.17.0.201812190825/tools/compiler/bin/../lib/gcc/arm-none-eabi/7.3.1/../../../../arm-none-eabi/lib/thumb/v7-m/libc_nano.a(lib_a-errno.o)
                              startup/syscalls.o (__errno)
/Applications/Eclipse.app/Contents/Eclipse/plugins/fr.ac6.mcu.externaltools.arm-none.macos64_1.17.0.201812190825/tools/compiler/bin/../lib/gcc/arm-none-eabi/7.3.1/../../../../arm-none-eabi/lib/thumb/v7-m/libc_nano.a(lib_a-exit.o)
                              /Applications/Eclipse.app/Contents/Eclipse/plugins/fr.ac6.mcu.externaltools.arm-none.macos64_1.17.0.201812190825/tools/compiler/bin/../lib/gcc/arm-none-eabi/7.3.1/../../../../arm-none-eabi/lib/thumb/v7-m/crt0.o (exit)
/Applications/Eclipse.app/Contents/Eclipse/plugins/fr.ac6.mcu.externaltools.arm-none.macos64_1.17.0.201812190825/tools/compiler/bin/../lib/gcc/arm-none-eabi/7.3.1/../../../../arm-none-eabi/lib/thumb/v7-m/libc_nano.a(lib_a-impure.o)
                              /Applications/Eclipse.app/Contents/Eclipse/plugins/fr.ac6.mcu.externaltools.arm-none.macos64_1.17.0.201812190825/tools/compiler/bin/../lib/gcc/arm-none-eabi/7.3.1/../../../../arm-none-eabi/lib/thumb/v7-m/libc_nano.a(lib_a-exit.o) (_global_impure_ptr)
/Applications/Eclipse.app/Contents/Eclipse/plugins/fr.ac6.mcu.externaltools.arm-none.macos64_1.17.0.201812190825/tools/compiler/bin/../lib/gcc/arm-none-eabi/7.3.1/../../../../arm-none-eabi/lib/thumb/v7-m/libc_nano.a(lib_a-init.o)
                              /Applications/Eclipse.app/Contents/Eclipse/plugins/fr.ac6.mcu.externaltools.arm-none.macos64_1.17.0.201812190825/tools/compiler/bin/../lib/gcc/arm-none-eabi/7.3.1/../../../../arm-none-eabi/lib/thumb/v7-m/crt0.o (__libc_init_array)
/Applications/Eclipse.app/Contents/Eclipse/plugins/fr.ac6.mcu.externaltools.arm-none.macos64_1.17.0.201812190825/tools/compiler/bin/../lib/gcc/arm-none-eabi/7.3.1/../../../../arm-none-eabi/lib/thumb/v7-m/libc_nano.a(lib_a-memcpy-stub.o)
                              Src/main.o (memcpy)
/Applications/Eclipse.app/Contents/Eclipse/plugins/fr.ac6.mcu.externaltools.arm-none.macos64_1.17.0.201812190825/tools/compiler/bin/../lib/gcc/arm-none-eabi/7.3.1/../../../../arm-none-eabi/lib/thumb/v7-m/libc_nano.a(lib_a-memset.o)
                              /Applications/Eclipse.app/Contents/Eclipse/plugins/fr.ac6.mcu.externaltools.arm-none.macos64_1.17.0.201812190825/tools/compiler/bin/../lib/gcc/arm-none-eabi/7.3.1/../../../../arm-none-eabi/lib/thumb/v7-m/crt0.o (memset)
[...]
Memory Configuration

Name             Origin             Length             Attributes
RAM              0x0000000020000000 0x0000000000010000 xrw
FLASH            0x0000000008000000 0x0000000000080000 xr
*default*        0x0000000000000000 0xffffffffffffffff

Linker script and memory map

LOAD /Applications/Eclipse.app/Contents/Eclipse/plugins/fr.ac6.mcu.externaltools.arm-none.macos64_1.17.0.201812190825/tools/compiler/bin/../lib/gcc/arm-none-eabi/7.3.1/thumb/v7-m/crti.o
LOAD /Applications/Eclipse.app/Contents/Eclipse/plugins/fr.ac6.mcu.externaltools.arm-none.macos64_1.17.0.201812190825/tools/compiler/bin/../lib/gcc/arm-none-eabi/7.3.1/thumb/v7-m/crtbegin.o
LOAD /Applications/Eclipse.app/Contents/Eclipse/plugins/fr.ac6.mcu.externaltools.arm-none.macos64_1.17.0.201812190825/tools/compiler/bin/../lib/gcc/arm-none-eabi/7.3.1/../../../../arm-none-eabi/lib/thumb/v7-m/crt0.o
LOAD Drivers/STM32F1xx_HAL_Driver/Src/stm32f1xx_hal.o
LOAD Drivers/STM32F1xx_HAL_Driver/Src/stm32f1xx_hal_adc.o
LOAD Drivers/STM32F1xx_HAL_Driver/Src/stm32f1xx_hal_adc_ex.o
LOAD Drivers/STM32F1xx_HAL_Driver/Src/stm32f1xx_hal_cortex.o
LOAD Drivers/STM32F1xx_HAL_Driver/Src/stm32f1xx_hal_dma.o
LOAD Drivers/STM32F1xx_HAL_Driver/Src/stm32f1xx_hal_flash.o
LOAD Drivers/STM32F1xx_HAL_Driver/Src/stm32f1xx_hal_flash_ex.o
LOAD Drivers/STM32F1xx_HAL_Driver/Src/stm32f1xx_hal_gpio.o
LOAD Drivers/STM32F1xx_HAL_Driver/Src/stm32f1xx_hal_gpio_ex.o
LOAD Drivers/STM32F1xx_HAL_Driver/Src/stm32f1xx_hal_pwr.o
LOAD Drivers/STM32F1xx_HAL_Driver/Src/stm32f1xx_hal_rcc.o
LOAD Drivers/STM32F1xx_HAL_Driver/Src/stm32f1xx_hal_rcc_ex.o
LOAD Drivers/STM32F1xx_HAL_Driver/Src/stm32f1xx_hal_spi.o
LOAD Drivers/STM32F1xx_HAL_Driver/Src/stm32f1xx_hal_spi_ex.o
LOAD Drivers/STM32F1xx_HAL_Driver/Src/stm32f1xx_hal_tim.o
LOAD Drivers/STM32F1xx_HAL_Driver/Src/stm32f1xx_hal_tim_ex.o
LOAD Drivers/STM32F1xx_HAL_Driver/Src/stm32f1xx_hal_uart.o
LOAD Src/adc.o
LOAD Src/bsp_button.o
LOAD Src/bsp_ds1302.o
LOAD Src/bsp_led.o
LOAD Src/bsp_rs485.o
LOAD Src/bsp_spi_flash.o
LOAD Src/bsp_usart_lcd.o
LOAD Src/dma.o
LOAD Src/gpio.o
LOAD Src/main.o
LOAD Src/spi.o
LOAD Src/stm32f1xx_hal_msp.o
LOAD Src/stm32f1xx_it.o
LOAD Src/system_stm32f1xx.o
LOAD Src/tim.o
LOAD Src/usart.o
LOAD startup/startup_stm32f103xe.o
LOAD startup/syscalls.o
LOAD /Applications/Eclipse.app/Contents/Eclipse/plugins/fr.ac6.mcu.externaltools.arm-none.macos64_1.17.0.201812190825/tools/compiler/bin/../lib/gcc/arm-none-eabi/7.3.1/../../../../arm-none-eabi/lib/thumb/v7-m/libm.a
START GROUP
LOAD /Applications/Eclipse.app/Contents/Eclipse/plugins/fr.ac6.mcu.externaltools.arm-none.macos64_1.17.0.201812190825/tools/compiler/bin/../lib/gcc/arm-none-eabi/7.3.1/thumb/v7-m/libgcc.a
LOAD /Applications/Eclipse.app/Contents/Eclipse/plugins/fr.ac6.mcu.externaltools.arm-none.macos64_1.17.0.201812190825/tools/compiler/bin/../lib/gcc/arm-none-eabi/7.3.1/../../../../arm-none-eabi/lib/thumb/v7-m/libc_nano.a
END GROUP
START GROUP
LOAD /Applications/Eclipse.app/Contents/Eclipse/plugins/fr.ac6.mcu.externaltools.arm-none.macos64_1.17.0.201812190825/tools/compiler/bin/../lib/gcc/arm-none-eabi/7.3.1/thumb/v7-m/libgcc.a
LOAD /Applications/Eclipse.app/Contents/Eclipse/plugins/fr.ac6.mcu.externaltools.arm-none.macos64_1.17.0.201812190825/tools/compiler/bin/../lib/gcc/arm-none-eabi/7.3.1/../../../../arm-none-eabi/lib/thumb/v7-m/libc_nano.a
LOAD /Applications/Eclipse.app/Contents/Eclipse/plugins/fr.ac6.mcu.externaltools.arm-none.macos64_1.17.0.201812190825/tools/compiler/bin/../lib/gcc/arm-none-eabi/7.3.1/../../../../arm-none-eabi/lib/thumb/v7-m/libnosys.a
END GROUP
START GROUP
LOAD /Applications/Eclipse.app/Contents/Eclipse/plugins/fr.ac6.mcu.externaltools.arm-none.macos64_1.17.0.201812190825/tools/compiler/bin/../lib/gcc/arm-none-eabi/7.3.1/thumb/v7-m/libgcc.a
LOAD /Applications/Eclipse.app/Contents/Eclipse/plugins/fr.ac6.mcu.externaltools.arm-none.macos64_1.17.0.201812190825/tools/compiler/bin/../lib/gcc/arm-none-eabi/7.3.1/../../../../arm-none-eabi/lib/thumb/v7-m/libc_nano.a
LOAD /Applications/Eclipse.app/Contents/Eclipse/plugins/fr.ac6.mcu.externaltools.arm-none.macos64_1.17.0.201812190825/tools/compiler/bin/../lib/gcc/arm-none-eabi/7.3.1/../../../../arm-none-eabi/lib/thumb/v7-m/libnosys.a
END GROUP
LOAD /Applications/Eclipse.app/Contents/Eclipse/plugins/fr.ac6.mcu.externaltools.arm-none.macos64_1.17.0.201812190825/tools/compiler/bin/../lib/gcc/arm-none-eabi/7.3.1/thumb/v7-m/crtend.o
LOAD /Applications/Eclipse.app/Contents/Eclipse/plugins/fr.ac6.mcu.externaltools.arm-none.macos64_1.17.0.201812190825/tools/compiler/bin/../lib/gcc/arm-none-eabi/7.3.1/thumb/v7-m/crtn.o
                0x0000000020010000                _estack = 0x20010000
                0x0000000000000200                _Min_Heap_Size = 0x200
                0x0000000000000400                _Min_Stack_Size = 0x400

.isr_vector     0x0000000008000000      0x1e4
                0x0000000008000000                . = ALIGN (0x4)
 *(.isr_vector)
 .isr_vector    0x0000000008000000      0x1e4 startup/startup_stm32f103xe.o
                0x0000000008000000                g_pfnVectors
                0x00000000080001e4                . = ALIGN (0x4)

.text           0x00000000080001e8    0x11810
                0x00000000080001e8                . = ALIGN (0x4)
 *(.text)
 .text          0x00000000080001e8       0x40 /Applications/Eclipse.app/Contents/Eclipse/plugins/fr.ac6.mcu.externaltools.arm-none.macos64_1.17.0.201812190825/tools/compiler/bin/../lib/gcc/arm-none-eabi/7.3.1/thumb/v7-m/crtbegin.o
 .text          0x0000000008000228      0x378 /Applications/Eclipse.app/Contents/Eclipse/plugins/fr.ac6.mcu.externaltools.arm-none.macos64_1.17.0.201812190825/tools/compiler/bin/../lib/gcc/arm-none-eabi/7.3.1/thumb/v7-m/libgcc.a(_arm_addsubdf3.o)
                0x0000000008000228                __aeabi_drsub
                0x0000000008000230                __subdf3
                0x0000000008000230                __aeabi_dsub
                0x0000000008000234                __aeabi_dadd
                0x0000000008000234                __adddf3
                0x00000000080004ac                __aeabi_ui2d
                0x00000000080004ac                __floatunsidf
                0x00000000080004cc                __floatsidf
                0x00000000080004cc                __aeabi_i2d
                0x00000000080004f0                __extendsfdf2
                0x00000000080004f0                __aeabi_f2d
                0x0000000008000534                __aeabi_ul2d
                0x0000000008000534                __floatundidf
                0x0000000008000544                __aeabi_l2d
                0x0000000008000544                __floatdidf
 .text          0x00000000080005a0      0x424 /Applications/Eclipse.app/Contents/Eclipse/plugins/fr.ac6.mcu.externaltools.arm-none.macos64_1.17.0.201812190825/tools/compiler/bin/../lib/gcc/arm-none-eabi/7.3.1/thumb/v7-m/libgcc.a(_arm_muldivdf3.o)
                0x00000000080005a0                __aeabi_dmul
                0x00000000080005a0                __muldf3
                0x00000000080007f4                __aeabi_ddiv
                0x00000000080007f4                __divdf3
 .text          0x00000000080009c4       0x50 /Applications/Eclipse.app/Contents/Eclipse/plugins/fr.ac6.mcu.externaltools.arm-none.macos64_1.17.0.201812190825/tools/compiler/bin/../lib/gcc/arm-none-eabi/7.3.1/thumb/v7-m/libgcc.a(_arm_fixdfsi.o)
                0x00000000080009c4                __fixdfsi
                0x00000000080009c4                __aeabi_d2iz
 .text          0x0000000008000a14       0xa0 /Applications/Eclipse.app/Contents/Eclipse/plugins/fr.ac6.mcu.externaltools.arm-none.macos64_1.17.0.201812190825/tools/compiler/bin/../lib/gcc/arm-none-eabi/7.3.1/thumb/v7-m/libgcc.a(_arm_truncdfsf2.o)
                0x0000000008000a14                __aeabi_d2f
                0x0000000008000a14                __truncdfsf2
 .text          0x0000000008000ab4      0x21c /Applications/Eclipse.app/Contents/Eclipse/plugins/fr.ac6.mcu.externaltools.arm-none.macos64_1.17.0.201812190825/tools/compiler/bin/../lib/gcc/arm-none-eabi/7.3.1/thumb/v7-m/libgcc.a(_arm_addsubsf3.o)
                0x0000000008000ab4                __aeabi_frsub
                0x0000000008000abc                __aeabi_fsub
                0x0000000008000abc                __subsf3
                0x0000000008000ac0                __aeabi_fadd
                0x0000000008000ac0                __addsf3
                0x0000000008000c20                __aeabi_ui2f
                0x0000000008000c20                __floatunsisf
                0x0000000008000c28                __floatsisf
                0x0000000008000c28                __aeabi_i2f
                0x0000000008000c44                __aeabi_ul2f
                0x0000000008000c44                __floatundisf
                0x0000000008000c54                __aeabi_l2f
                0x0000000008000c54                __floatdisf
 .text          0x0000000008000cd0      0x2a0 /Applications/Eclipse.app/Contents/Eclipse/plugins/fr.ac6.mcu.externaltools.arm-none.macos64_1.17.0.201812190825/tools/compiler/bin/../lib/gcc/arm-none-eabi/7.3.1/thumb/v7-m/libgcc.a(_arm_muldivsf3.o)
                0x0000000008000cd0                __mulsf3
                0x0000000008000cd0                __aeabi_fmul
                0x0000000008000e38                __divsf3
                0x0000000008000e38                __aeabi_fdiv
 .text          0x0000000008000f70       0xec /Applications/Eclipse.app/Contents/Eclipse/plugins/fr.ac6.mcu.externaltools.arm-none.macos64_1.17.0.201812190825/tools/compiler/bin/../lib/gcc/arm-none-eabi/7.3.1/thumb/v7-m/libgcc.a(_arm_cmpsf2.o)
                0x0000000008000f70                __gesf2
                0x0000000008000f70                __gtsf2
                0x0000000008000f78                __ltsf2
                0x0000000008000f78                __lesf2
                0x0000000008000f80                __nesf2
                0x0000000008000f80                __eqsf2
                0x0000000008000f80                __cmpsf2
                0x0000000008000fe0                __aeabi_cfrcmple
                0x0000000008000fe8                __aeabi_cfcmpeq
                0x0000000008000fe8                __aeabi_cfcmple
                0x0000000008000ff8                __aeabi_fcmpeq
                0x000000000800100c                __aeabi_fcmplt
                0x0000000008001020                __aeabi_fcmple
                0x0000000008001034                __aeabi_fcmpge
                0x0000000008001048                __aeabi_fcmpgt
 .text          0x000000000800105c       0x4c /Applications/Eclipse.app/Contents/Eclipse/plugins/fr.ac6.mcu.externaltools.arm-none.macos64_1.17.0.201812190825/tools/compiler/bin/../lib/gcc/arm-none-eabi/7.3.1/thumb/v7-m/libgcc.a(_arm_fixsfsi.o)
                0x000000000800105c                __fixsfsi
                0x000000000800105c                __aeabi_f2iz
 .text          0x00000000080010a8       0x40 /Applications/Eclipse.app/Contents/Eclipse/plugins/fr.ac6.mcu.externaltools.arm-none.macos64_1.17.0.201812190825/tools/compiler/bin/../lib/gcc/arm-none-eabi/7.3.1/thumb/v7-m/libgcc.a(_arm_fixunssfsi.o)
                0x00000000080010a8                __aeabi_f2uiz
                0x00000000080010a8                __fixunssfsi
 .text          0x00000000080010e8       0x10 /Applications/Eclipse.app/Contents/Eclipse/plugins/fr.ac6.mcu.externaltools.arm-none.macos64_1.17.0.201812190825/tools/compiler/bin/../lib/gcc/arm-none-eabi/7.3.1/../../../../arm-none-eabi/lib/thumb/v7-m/libc_nano.a(lib_a-strlen.o)
                0x00000000080010e8                strlen
 .text          0x00000000080010f8      0x110 /Applications/Eclipse.app/Contents/Eclipse/plugins/fr.ac6.mcu.externaltools.arm-none.macos64_1.17.0.201812190825/tools/compiler/bin/../lib/gcc/arm-none-eabi/7.3.1/thumb/v7-m/libgcc.a(_arm_cmpdf2.o)
                0x00000000080010f8                __gedf2
                0x00000000080010f8                __gtdf2
                0x0000000008001100                __ledf2
                0x0000000008001100                __ltdf2
                0x0000000008001108                __cmpdf2
                0x0000000008001108                __eqdf2
                0x0000000008001108                __nedf2
                0x0000000008001184                __aeabi_cdrcmple
                0x0000000008001194                __aeabi_cdcmple
                0x0000000008001194                __aeabi_cdcmpeq
                0x00000000080011a4                __aeabi_dcmpeq
                0x00000000080011b8                __aeabi_dcmplt
                0x00000000080011cc                __aeabi_dcmple
                0x00000000080011e0                __aeabi_dcmpge
                0x00000000080011f4                __aeabi_dcmpgt
 .text          0x0000000008001208       0x2c /Applications/Eclipse.app/Contents/Eclipse/plugins/fr.ac6.mcu.externaltools.arm-none.macos64_1.17.0.201812190825/tools/compiler/bin/../lib/gcc/arm-none-eabi/7.3.1/thumb/v7-m/libgcc.a(_arm_unorddf2.o)
                0x0000000008001208                __aeabi_dcmpun
                0x0000000008001208                __unorddf2
 *(.text*)
 .text.HAL_InitTick
                0x0000000008001234       0x2c Drivers/STM32F1xx_HAL_Driver/Src/stm32f1xx_hal.o
                0x0000000008001234                HAL_InitTick
 .text.HAL_Init
                0x0000000008001260       0x24 Drivers/STM32F1xx_HAL_Driver/Src/stm32f1xx_hal.o
                0x0000000008001260                HAL_Init
 .text.HAL_IncTick
                0x0000000008001284       0x10 Drivers/STM32F1xx_HAL_Driver/Src/stm32f1xx_hal.o
                0x0000000008001284                HAL_IncTick
 .text.HAL_GetTick
                0x0000000008001294        0xc Drivers/STM32F1xx_HAL_Driver/Src/stm32f1xx_hal.o
                0x0000000008001294                HAL_GetTick
 .text.HAL_Delay
                0x00000000080012a0       0x24 Drivers/STM32F1xx_HAL_Driver/Src/stm32f1xx_hal.o
                0x00000000080012a0                HAL_Delay
 .text.HAL_ADC_ConvCpltCallback
                0x00000000080012c4        0x2 Drivers/STM32F1xx_HAL_Driver/Src/stm32f1xx_hal_adc.o
                0x00000000080012c4                HAL_ADC_ConvCpltCallback
 .text.ADC_DMAConvCplt
                0x00000000080012c6       0x52 Drivers/STM32F1xx_HAL_Driver/Src/stm32f1xx_hal_adc.o
                0x00000000080012c6                ADC_DMAConvCplt
 .text.HAL_ADC_ConvHalfCpltCallback
                0x0000000008001318        0x2 Drivers/STM32F1xx_HAL_Driver/Src/stm32f1xx_hal_adc.o
                0x0000000008001318                HAL_ADC_ConvHalfCpltCallback
 .text.ADC_DMAHalfConvCplt
                0x000000000800131a        0xa Drivers/STM32F1xx_HAL_Driver/Src/stm32f1xx_hal_adc.o
                0x000000000800131a                ADC_DMAHalfConvCplt
 .text.HAL_ADC_ErrorCallback
                0x0000000008001324        0x2 Drivers/STM32F1xx_HAL_Driver/Src/stm32f1xx_hal_adc.o
                0x0000000008001324                HAL_ADC_ErrorCallback
 .text.ADC_DMAError
                0x0000000008001326       0x1a Drivers/STM32F1xx_HAL_Driver/Src/stm32f1xx_hal_adc.o
                0x0000000008001326                ADC_DMAError
 .text.HAL_ADC_ConfigChannel
                0x0000000008001340      0x138 Drivers/STM32F1xx_HAL_Driver/Src/stm32f1xx_hal_adc.o
                0x0000000008001340                HAL_ADC_ConfigChannel
 .text.ADC_Enable
                0x0000000008001478       0x80 Drivers/STM32F1xx_HAL_Driver/Src/stm32f1xx_hal_adc.o
                0x0000000008001478                ADC_Enable
 .text.HAL_ADC_Start_DMA
                0x00000000080014f8      0x130 Drivers/STM32F1xx_HAL_Driver/Src/stm32f1xx_hal_adc.o
                0x00000000080014f8                HAL_ADC_Start_DMA
 .text.ADC_ConversionStop_Disable
                0x0000000008001628       0x4c Drivers/STM32F1xx_HAL_Driver/Src/stm32f1xx_hal_adc.o
                0x0000000008001628                ADC_ConversionStop_Disable
 .text.HAL_ADC_Init
                0x0000000008001674      0x12c Drivers/STM32F1xx_HAL_Driver/Src/stm32f1xx_hal_adc.o
                0x0000000008001674                HAL_ADC_Init
 .text.HAL_ADCEx_Calibration_Start
                0x00000000080017a0       0xec Drivers/STM32F1xx_HAL_Driver/Src/stm32f1xx_hal_adc_ex.o
                0x00000000080017a0                HAL_ADCEx_Calibration_Start
 .text.HAL_NVIC_SetPriorityGrouping
                0x000000000800188c       0x24 Drivers/STM32F1xx_HAL_Driver/Src/stm32f1xx_hal_cortex.o
                0x000000000800188c                HAL_NVIC_SetPriorityGrouping
 .text.HAL_NVIC_SetPriority
                0x00000000080018b0       0x68 Drivers/STM32F1xx_HAL_Driver/Src/stm32f1xx_hal_cortex.o
                0x00000000080018b0                HAL_NVIC_SetPriority
 .text.HAL_NVIC_EnableIRQ
                0x0000000008001918       0x18 Drivers/STM32F1xx_HAL_Driver/Src/stm32f1xx_hal_cortex.o
                0x0000000008001918                HAL_NVIC_EnableIRQ
 .text.HAL_NVIC_DisableIRQ
                0x0000000008001930       0x18 Drivers/STM32F1xx_HAL_Driver/Src/stm32f1xx_hal_cortex.o
                0x0000000008001930                HAL_NVIC_DisableIRQ
 .text.HAL_SYSTICK_Config
                0x0000000008001948       0x2c Drivers/STM32F1xx_HAL_Driver/Src/stm32f1xx_hal_cortex.o
                0x0000000008001948                HAL_SYSTICK_Config
 .text.HAL_SYSTICK_CLKSourceConfig
                0x0000000008001974       0x20 Drivers/STM32F1xx_HAL_Driver/Src/stm32f1xx_hal_cortex.o
                0x0000000008001974                HAL_SYSTICK_CLKSourceConfig
 .text.HAL_SYSTICK_Callback
                0x0000000008001994        0x2 Drivers/STM32F1xx_HAL_Driver/Src/stm32f1xx_hal_cortex.o
                0x0000000008001994                HAL_SYSTICK_Callback
 .text.HAL_SYSTICK_IRQHandler
                0x0000000008001996        0x8 Drivers/STM32F1xx_HAL_Driver/Src/stm32f1xx_hal_cortex.o
                0x0000000008001996                HAL_SYSTICK_IRQHandler
 .text.DMA_SetConfig
                0x000000000800199e       0x2c Drivers/STM32F1xx_HAL_Driver/Src/stm32f1xx_hal_dma.o
 *fill*         0x00000000080019ca        0x2 
 .text.HAL_DMA_Init
                0x00000000080019cc       0xa0 Drivers/STM32F1xx_HAL_Driver/Src/stm32f1xx_hal_dma.o
                0x00000000080019cc                HAL_DMA_Init
 .text.HAL_DMA_Start_IT
                0x0000000008001a6c       0x74 Drivers/STM32F1xx_HAL_Driver/Src/stm32f1xx_hal_dma.o
                0x0000000008001a6c                HAL_DMA_Start_IT
 .text.HAL_DMA_Abort
                0x0000000008001ae0       0x2e Drivers/STM32F1xx_HAL_Driver/Src/stm32f1xx_hal_dma.o
                0x0000000008001ae0                HAL_DMA_Abort
 *fill*         0x0000000008001b0e        0x2 
 .text.HAL_DMA_IRQHandler
                0x0000000008001b10      0x2ec Drivers/STM32F1xx_HAL_Driver/Src/stm32f1xx_hal_dma.o
                0x0000000008001b10                HAL_DMA_IRQHandler
 .text.HAL_GPIO_Init
                0x0000000008001dfc      0x1f0 Drivers/STM32F1xx_HAL_Driver/Src/stm32f1xx_hal_gpio.o
                0x0000000008001dfc                HAL_GPIO_Init
 .text.HAL_GPIO_ReadPin
                0x0000000008001fec        0xe Drivers/STM32F1xx_HAL_Driver/Src/stm32f1xx_hal_gpio.o
                0x0000000008001fec                HAL_GPIO_ReadPin
 .text.HAL_GPIO_WritePin
                0x0000000008001ffa        0xc Drivers/STM32F1xx_HAL_Driver/Src/stm32f1xx_hal_gpio.o
                0x0000000008001ffa                HAL_GPIO_WritePin
 *fill*         0x0000000008002006        0x2 
 .text.HAL_GPIO_EXTI_IRQHandler
                0x0000000008002008       0x1c Drivers/STM32F1xx_HAL_Driver/Src/stm32f1xx_hal_gpio.o
                0x0000000008002008                HAL_GPIO_EXTI_IRQHandler
 .text.RCC_Delay
                0x0000000008002024       0x2c Drivers/STM32F1xx_HAL_Driver/Src/stm32f1xx_hal_rcc.o
 .text.HAL_RCC_OscConfig
                0x0000000008002050      0x3dc Drivers/STM32F1xx_HAL_Driver/Src/stm32f1xx_hal_rcc.o
                0x0000000008002050                HAL_RCC_OscConfig
 .text.HAL_RCC_GetSysClockFreq
                0x000000000800242c       0x70 Drivers/STM32F1xx_HAL_Driver/Src/stm32f1xx_hal_rcc.o
                0x000000000800242c                HAL_RCC_GetSysClockFreq
 .text.HAL_RCC_ClockConfig
                0x000000000800249c      0x178 Drivers/STM32F1xx_HAL_Driver/Src/stm32f1xx_hal_rcc.o
                0x000000000800249c                HAL_RCC_ClockConfig
 .text.HAL_RCC_GetHCLKFreq
                0x0000000008002614        0xc Drivers/STM32F1xx_HAL_Driver/Src/stm32f1xx_hal_rcc.o
                0x0000000008002614                HAL_RCC_GetHCLKFreq
 .text.HAL_RCC_GetPCLK1Freq
                0x0000000008002620       0x20 Drivers/STM32F1xx_HAL_Driver/Src/stm32f1xx_hal_rcc.o
                0x0000000008002620                HAL_RCC_GetPCLK1Freq
 .text.HAL_RCC_GetPCLK2Freq
                0x0000000008002640       0x20 Drivers/STM32F1xx_HAL_Driver/Src/stm32f1xx_hal_rcc.o
                0x0000000008002640                HAL_RCC_GetPCLK2Freq
 .text.HAL_RCCEx_PeriphCLKConfig
                0x0000000008002660      0x114 Drivers/STM32F1xx_HAL_Driver/Src/stm32f1xx_hal_rcc_ex.o
                0x0000000008002660                HAL_RCCEx_PeriphCLKConfig
 .text.HAL_RCCEx_GetPeriphCLKFreq
                0x0000000008002774      0x118 Drivers/STM32F1xx_HAL_Driver/Src/stm32f1xx_hal_rcc_ex.o
                0x0000000008002774                HAL_RCCEx_GetPeriphCLKFreq
 .text.SPI_WaitFlagStateUntilTimeout
                0x000000000800288c       0x96 Drivers/STM32F1xx_HAL_Driver/Src/stm32f1xx_hal_spi.o
 .text.SPI_CheckFlag_BSY
                0x0000000008002922       0x28 Drivers/STM32F1xx_HAL_Driver/Src/stm32f1xx_hal_spi.o
 .text.HAL_SPI_TransmitReceive
                0x000000000800294a      0x238 Drivers/STM32F1xx_HAL_Driver/Src/stm32f1xx_hal_spi.o
                0x000000000800294a                HAL_SPI_TransmitReceive
 .text.HAL_SPI_Init
                0x0000000008002b82       0x82 Drivers/STM32F1xx_HAL_Driver/Src/stm32f1xx_hal_spi_ex.o
                0x0000000008002b82                HAL_SPI_Init
 .text.TIM_TI1_ConfigInputStage
                0x0000000008002c04       0x24 Drivers/STM32F1xx_HAL_Driver/Src/stm32f1xx_hal_tim.o
 .text.TIM_TI2_ConfigInputStage
                0x0000000008002c28       0x26 Drivers/STM32F1xx_HAL_Driver/Src/stm32f1xx_hal_tim.o
 .text.TIM_ITRx_SetConfig
                0x0000000008002c4e       0x10 Drivers/STM32F1xx_HAL_Driver/Src/stm32f1xx_hal_tim.o
 .text.TIM_ETR_SetConfig
                0x0000000008002c5e       0x16 Drivers/STM32F1xx_HAL_Driver/Src/stm32f1xx_hal_tim.o
 .text.HAL_TIM_Base_Start_IT
                0x0000000008002c74       0x18 Drivers/STM32F1xx_HAL_Driver/Src/stm32f1xx_hal_tim.o
                0x0000000008002c74                HAL_TIM_Base_Start_IT
 .text.HAL_TIM_ConfigClockSource
                0x0000000008002c8c      0x108 Drivers/STM32F1xx_HAL_Driver/Src/stm32f1xx_hal_tim.o
                0x0000000008002c8c                HAL_TIM_ConfigClockSource
 .text.HAL_TIM_OC_DelayElapsedCallback
                0x0000000008002d94        0x2 Drivers/STM32F1xx_HAL_Driver/Src/stm32f1xx_hal_tim.o
                0x0000000008002d94                HAL_TIM_OC_DelayElapsedCallback
 .text.HAL_TIM_IC_CaptureCallback
                0x0000000008002d96        0x2 Drivers/STM32F1xx_HAL_Driver/Src/stm32f1xx_hal_tim.o
                0x0000000008002d96                HAL_TIM_IC_CaptureCallback
 .text.HAL_TIM_PWM_PulseFinishedCallback
                0x0000000008002d98        0x2 Drivers/STM32F1xx_HAL_Driver/Src/stm32f1xx_hal_tim.o
                0x0000000008002d98                HAL_TIM_PWM_PulseFinishedCallback
 .text.HAL_TIM_TriggerCallback
                0x0000000008002d9a        0x2 Drivers/STM32F1xx_HAL_Driver/Src/stm32f1xx_hal_tim.o
                0x0000000008002d9a                HAL_TIM_TriggerCallback
 .text.HAL_TIM_IRQHandler
                0x0000000008002d9c      0x17a Drivers/STM32F1xx_HAL_Driver/Src/stm32f1xx_hal_tim.o
                0x0000000008002d9c                HAL_TIM_IRQHandler
 *fill*         0x0000000008002f16        0x2 
 .text.TIM_Base_SetConfig
                0x0000000008002f18       0x98 Drivers/STM32F1xx_HAL_Driver/Src/stm32f1xx_hal_tim.o
                0x0000000008002f18                TIM_Base_SetConfig
 .text.HAL_TIM_Base_Init
                0x0000000008002fb0       0x32 Drivers/STM32F1xx_HAL_Driver/Src/stm32f1xx_hal_tim.o
                0x0000000008002fb0                HAL_TIM_Base_Init
 .text.HAL_TIMEx_MasterConfigSynchronization
                0x0000000008002fe2       0x52 Drivers/STM32F1xx_HAL_Driver/Src/stm32f1xx_hal_tim_ex.o
                0x0000000008002fe2                HAL_TIMEx_MasterConfigSynchronization
 .text.HAL_TIMEx_CommutationCallback
                0x0000000008003034        0x2 Drivers/STM32F1xx_HAL_Driver/Src/stm32f1xx_hal_tim_ex.o
                0x0000000008003034                HAL_TIMEx_CommutationCallback
 .text.HAL_TIMEx_BreakCallback
                0x0000000008003036        0x2 Drivers/STM32F1xx_HAL_Driver/Src/stm32f1xx_hal_tim_ex.o
                0x0000000008003036                HAL_TIMEx_BreakCallback
 .text.UART_EndTxTransfer
                0x0000000008003038       0x12 Drivers/STM32F1xx_HAL_Driver/Src/stm32f1xx_hal_uart.o
 .text.UART_EndRxTransfer
                0x000000000800304a       0x1c Drivers/STM32F1xx_HAL_Driver/Src/stm32f1xx_hal_uart.o
 *fill*         0x0000000008003066        0x2 
 .text.UART_SetConfig
                0x0000000008003068      0x1ac Drivers/STM32F1xx_HAL_Driver/Src/stm32f1xx_hal_uart.o
 .text.UART_WaitOnFlagUntilTimeout
                0x0000000008003214       0x62 Drivers/STM32F1xx_HAL_Driver/Src/stm32f1xx_hal_uart.o
 .text.HAL_UART_Init
                0x0000000008003276       0x5e Drivers/STM32F1xx_HAL_Driver/Src/stm32f1xx_hal_uart.o
                0x0000000008003276                HAL_UART_Init
 .text.HAL_UART_Transmit
                0x00000000080032d4       0xe0 Drivers/STM32F1xx_HAL_Driver/Src/stm32f1xx_hal_uart.o
                0x00000000080032d4                HAL_UART_Transmit
 .text.HAL_UART_Receive_DMA
                0x00000000080033b4       0xa8 Drivers/STM32F1xx_HAL_Driver/Src/stm32f1xx_hal_uart.o
                0x00000000080033b4                HAL_UART_Receive_DMA
 .text.HAL_UART_DMAStop
                0x000000000800345c       0x64 Drivers/STM32F1xx_HAL_Driver/Src/stm32f1xx_hal_uart.o
                0x000000000800345c                HAL_UART_DMAStop
 .text.UART_DMAReceiveCplt
                0x00000000080034c0       0x3e Drivers/STM32F1xx_HAL_Driver/Src/stm32f1xx_hal_uart.o
 .text.HAL_UART_RxHalfCpltCallback
                0x00000000080034fe        0x2 Drivers/STM32F1xx_HAL_Driver/Src/stm32f1xx_hal_uart.o
                0x00000000080034fe                HAL_UART_RxHalfCpltCallback
 .text.UART_DMARxHalfCplt
                0x0000000008003500        0xa Drivers/STM32F1xx_HAL_Driver/Src/stm32f1xx_hal_uart.o
 .text.HAL_UART_ErrorCallback
                0x000000000800350a        0x2 Drivers/STM32F1xx_HAL_Driver/Src/stm32f1xx_hal_uart.o
                0x000000000800350a                HAL_UART_ErrorCallback
 .text.UART_DMAError
                0x000000000800350c       0x58 Drivers/STM32F1xx_HAL_Driver/Src/stm32f1xx_hal_uart.o
 .text.MX_ADC1_Init
                0x0000000008003564      0x10c Src/adc.o
                0x0000000008003564                MX_ADC1_Init
 .text.HAL_ADC_MspInit
                0x0000000008003670       0x8c Src/adc.o
                0x0000000008003670                HAL_ADC_MspInit
 .text.IO_OUT   0x00000000080036fc       0x24 Src/bsp_ds1302.o
                0x00000000080036fc                IO_OUT
 .text.ds1302_write
                0x0000000008003720       0x5c Src/bsp_ds1302.o
                0x0000000008003720                ds1302_write
 .text.ds1302_init
                0x000000000800377c       0x60 Src/bsp_ds1302.o
                0x000000000800377c                ds1302_init
 .text.set_time
                0x00000000080037dc       0x3c Src/bsp_ds1302.o
                0x00000000080037dc                set_time
 .text.IO_INPUT
                0x0000000008003818       0x28 Src/bsp_ds1302.o
                0x0000000008003818                IO_INPUT
 .text.ds1302_read
                0x0000000008003840       0x54 Src/bsp_ds1302.o
                0x0000000008003840                ds1302_read
 .text.get_all  0x0000000008003894       0x3c Src/bsp_ds1302.o
                0x0000000008003894                get_all
 .text.get_date
                0x00000000080038d0       0x3c Src/bsp_ds1302.o
                0x00000000080038d0                get_date
 .text.CRC16    0x000000000800390c       0x34 Src/bsp_rs485.o
                0x000000000800390c                CRC16
 .text.RS485_Send_Data
                0x0000000008003940       0x50 Src/bsp_rs485.o
                0x0000000008003940                RS485_Send_Data
 .text.SPI_FLASH_SendByte
                0x0000000008003990       0x34 Src/bsp_spi_flash.o
                0x0000000008003990                SPI_FLASH_SendByte
 .text.SPI_FLASH_BufferRead
                0x00000000080039c4       0x58 Src/bsp_spi_flash.o
                0x00000000080039c4                SPI_FLASH_BufferRead
 .text.SPI_FLASH_WriteEnable
                0x0000000008003a1c       0x28 Src/bsp_spi_flash.o
                0x0000000008003a1c                SPI_FLASH_WriteEnable
 .text.SPI_FLASH_WaitForWriteEnd
                0x0000000008003a44       0x34 Src/bsp_spi_flash.o
                0x0000000008003a44                SPI_FLASH_WaitForWriteEnd
 .text.SPI_FLASH_SectorErase
                0x0000000008003a78       0x4c Src/bsp_spi_flash.o
                0x0000000008003a78                SPI_FLASH_SectorErase
 .text.SPI_FLASH_PageWrite
                0x0000000008003ac4       0x68 Src/bsp_spi_flash.o
                0x0000000008003ac4                SPI_FLASH_PageWrite
 .text.SPI_FLASH_BufferWrite
                0x0000000008003b2c       0xc4 Src/bsp_spi_flash.o
                0x0000000008003b2c                SPI_FLASH_BufferWrite
 .text.SPI_Flash_PowerDown
                0x0000000008003bf0       0x28 Src/bsp_spi_flash.o
                0x0000000008003bf0                SPI_Flash_PowerDown
 .text.SPI_Flash_WAKEUP
                0x0000000008003c18       0x28 Src/bsp_spi_flash.o
                0x0000000008003c18                SPI_Flash_WAKEUP
 .text.NotifyScreen
                0x0000000008003c40      0x5a8 Src/bsp_usart_lcd.o
                0x0000000008003c40                NotifyScreen
 .text.NotifyButton
                0x00000000080041e8      0x9ec Src/bsp_usart_lcd.o
                0x00000000080041e8                NotifyButton
 .text.NotifyText
                0x0000000008004bd4      0x738 Src/bsp_usart_lcd.o
                0x0000000008004bd4                NotifyText
 .text.NotifyMenu
                0x000000000800530c       0xe8 Src/bsp_usart_lcd.o
                0x000000000800530c                NotifyMenu
 .text.NotifySelector
                0x00000000080053f4      0x288 Src/bsp_usart_lcd.o
                0x00000000080053f4                NotifySelector
 .text.ProcessUIMessage
                0x000000000800567c       0x6c Src/bsp_usart_lcd.o
                0x000000000800567c                ProcessUIMessage
 .text.MX_DMA_Init
                0x00000000080056e8       0x34 Src/dma.o
                0x00000000080056e8                MX_DMA_Init
 .text.MX_GPIO_Init
                0x000000000800571c      0x1d8 Src/gpio.o
                0x000000000800571c                MX_GPIO_Init
 .text.eepromReadSetting
                0x00000000080058f4       0x68 Src/main.o
                0x00000000080058f4                eepromReadSetting
 .text.eepromWriteSetting
                0x000000000800595c       0x7c Src/main.o
                0x000000000800595c                eepromWriteSetting
 .text.factorySetting
                0x00000000080059d8      0x1c0 Src/main.o
                0x00000000080059d8                factorySetting
 .text.updateADC
                0x0000000008005b98      0x234 Src/main.o
                0x0000000008005b98                updateADC
 .text.updateLed
                0x0000000008005dcc     0x23ec Src/main.o
                0x0000000008005dcc                updateLed
 .text.HAL_UART_RxCpltCallback
                0x00000000080081b8        0x2 Src/main.o
                0x00000000080081b8                HAL_UART_RxCpltCallback
 *fill*         0x00000000080081ba        0x2 
 .text.HAL_GPIO_EXTI_Callback
                0x00000000080081bc      0x14c Src/main.o
                0x00000000080081bc                HAL_GPIO_EXTI_Callback
 .text.calcDays
                0x0000000008008308      0x140 Src/main.o
                0x0000000008008308                calcDays
 .text.FloatToStr5
                0x0000000008008448      0x14c Src/main.o
                0x0000000008008448                FloatToStr5
 *fill*         0x0000000008008594        0x4 
 .text.StrToFloat
                0x0000000008008598      0x114 Src/main.o
                0x0000000008008598                StrToFloat
 .text.change_float_big_485rom
                0x00000000080086ac       0x24 Src/main.o
                0x00000000080086ac                change_float_big_485rom
 .text.set485rom
                0x00000000080086d0      0x680 Src/main.o
                0x00000000080086d0                set485rom
 .text.read485rom
                0x0000000008008d50      0x2f8 Src/main.o
                0x0000000008008d50                read485rom
 .text.alarm_on
                0x0000000008009048       0x70 Src/main.o
                0x0000000008009048                alarm_on
 .text.alarm_off
                0x00000000080090b8       0x60 Src/main.o
                0x00000000080090b8                alarm_off
 .text.getCurrentPage
                0x0000000008009118       0x48 Src/main.o
                0x0000000008009118                getCurrentPage
 .text.checkLic
                0x0000000008009160      0x128 Src/main.o
                0x0000000008009160                checkLic
 .text.setBluetooth
                0x0000000008009288       0x30 Src/main.o
                0x0000000008009288                setBluetooth
 .text._Error_Handler
                0x00000000080092b8        0x2 Src/main.o
                0x00000000080092b8                _Error_Handler
 *fill*         0x00000000080092ba        0x2 
 .text.SystemClock_Config
                0x00000000080092bc       0xa4 Src/main.o
                0x00000000080092bc                SystemClock_Config
 .text.loadMainPage
                0x0000000008009360     0x29fc Src/main.o
                0x0000000008009360                loadMainPage
 .text.selfTest
                0x000000000800bd5c      0xa08 Src/main.o
                0x000000000800bd5c                selfTest
 .text.updateUI
                0x000000000800c764     0x215c Src/main.o
                0x000000000800c764                updateUI
 .text.HAL_TIM_PeriodElapsedCallback
                0x000000000800e8c0      0x11c Src/main.o
                0x000000000800e8c0                HAL_TIM_PeriodElapsedCallback
 .text.application
                0x000000000800e9dc      0x574 Src/main.o
                0x000000000800e9dc                application
 .text.main     0x000000000800ef50       0x36 Src/main.o
                0x000000000800ef50                main
 *fill*         0x000000000800ef86        0x2 
 .text.UART_RxIDLECallback
                0x000000000800ef88      0x7c0 Src/main.o
                0x000000000800ef88                UART_RxIDLECallback
 .text.MX_SPI1_Init
                0x000000000800f748       0x4c Src/spi.o
                0x000000000800f748                MX_SPI1_Init
 .text.MX_SPI2_Init
                0x000000000800f794       0x50 Src/spi.o
                0x000000000800f794                MX_SPI2_Init
 .text.HAL_SPI_MspInit
                0x000000000800f7e4       0xac Src/spi.o
                0x000000000800f7e4                HAL_SPI_MspInit
 .text.HAL_MspInit
                0x000000000800f890       0x94 Src/stm32f1xx_hal_msp.o
                0x000000000800f890                HAL_MspInit
 .text.NMI_Handler
                0x000000000800f924        0x2 Src/stm32f1xx_it.o
                0x000000000800f924                NMI_Handler
 .text.HardFault_Handler
                0x000000000800f926        0x2 Src/stm32f1xx_it.o
                0x000000000800f926                HardFault_Handler
 .text.MemManage_Handler
                0x000000000800f928        0x2 Src/stm32f1xx_it.o
                0x000000000800f928                MemManage_Handler
 .text.BusFault_Handler
                0x000000000800f92a        0x2 Src/stm32f1xx_it.o
                0x000000000800f92a                BusFault_Handler
 .text.UsageFault_Handler
                0x000000000800f92c        0x2 Src/stm32f1xx_it.o
                0x000000000800f92c                UsageFault_Handler
 .text.SVC_Handler
                0x000000000800f92e        0x2 Src/stm32f1xx_it.o
                0x000000000800f92e                SVC_Handler
 .text.DebugMon_Handler
                0x000000000800f930        0x2 Src/stm32f1xx_it.o
                0x000000000800f930                DebugMon_Handler
 .text.PendSV_Handler
                0x000000000800f932        0x2 Src/stm32f1xx_it.o
                0x000000000800f932                PendSV_Handler
 .text.SysTick_Handler
                0x000000000800f934        0xc Src/stm32f1xx_it.o
                0x000000000800f934                SysTick_Handler
 .text.DMA1_Channel1_IRQHandler
                0x000000000800f940       0x10 Src/stm32f1xx_it.o
                0x000000000800f940                DMA1_Channel1_IRQHandler
 .text.DMA1_Channel4_IRQHandler
                0x000000000800f950        0x2 Src/stm32f1xx_it.o
                0x000000000800f950                DMA1_Channel4_IRQHandler
 .text.DMA1_Channel5_IRQHandler
                0x000000000800f952        0x2 Src/stm32f1xx_it.o
                0x000000000800f952                DMA1_Channel5_IRQHandler
 .text.DMA1_Channel6_IRQHandler
                0x000000000800f954        0x2 Src/stm32f1xx_it.o
                0x000000000800f954                DMA1_Channel6_IRQHandler
 .text.DMA1_Channel7_IRQHandler
                0x000000000800f956        0x2 Src/stm32f1xx_it.o
                0x000000000800f956                DMA1_Channel7_IRQHandler
 .text.DMA1_Channel3_IRQHandler
                0x000000000800f958        0x2 Src/stm32f1xx_it.o
                0x000000000800f958                DMA1_Channel3_IRQHandler
 .text.DMA1_Channel2_IRQHandler
                0x000000000800f95a        0x2 Src/stm32f1xx_it.o
                0x000000000800f95a                DMA1_Channel2_IRQHandler
 .text.TIM2_IRQHandler
                0x000000000800f95c       0x18 Src/stm32f1xx_it.o
                0x000000000800f95c                TIM2_IRQHandler
 .text.TIM4_IRQHandler
                0x000000000800f974       0x18 Src/stm32f1xx_it.o
                0x000000000800f974                TIM4_IRQHandler
 .text.USART1_IRQHandler
                0x000000000800f98c       0x10 Src/stm32f1xx_it.o
                0x000000000800f98c                USART1_IRQHandler
 .text.USART2_IRQHandler
                0x000000000800f99c       0x10 Src/stm32f1xx_it.o
                0x000000000800f99c                USART2_IRQHandler
 .text.USART3_IRQHandler
                0x000000000800f9ac       0x10 Src/stm32f1xx_it.o
                0x000000000800f9ac                USART3_IRQHandler
 .text.EXTI15_10_IRQHandler
                0x000000000800f9bc       0x14 Src/stm32f1xx_it.o
                0x000000000800f9bc                EXTI15_10_IRQHandler
 .text.SystemInit
                0x000000000800f9d0       0x4c Src/system_stm32f1xx.o
                0x000000000800f9d0                SystemInit
 .text.MX_TIM2_Init
                0x000000000800fa1c       0x74 Src/tim.o
                0x000000000800fa1c                MX_TIM2_Init
 .text.MX_TIM4_Init
                0x000000000800fa90       0x78 Src/tim.o
                0x000000000800fa90                MX_TIM4_Init
 .text.HAL_TIM_Base_MspInit
                0x000000000800fb08       0x70 Src/tim.o
                0x000000000800fb08                HAL_TIM_Base_MspInit
 .text.MX_USART1_UART_Init
                0x000000000800fb78       0x3c Src/usart.o
                0x000000000800fb78                MX_USART1_UART_Init
 .text.MX_USART2_UART_Init
                0x000000000800fbb4       0x3c Src/usart.o
                0x000000000800fbb4                MX_USART2_UART_Init
 .text.MX_USART3_UART_Init
                0x000000000800fbf0       0x3c Src/usart.o
                0x000000000800fbf0                MX_USART3_UART_Init
 .text.HAL_UART_MspInit
                0x000000000800fc2c      0x290 Src/usart.o
                0x000000000800fc2c                HAL_UART_MspInit
 .text.Reset_Handler
                0x000000000800febc       0x48 startup/startup_stm32f103xe.o
                0x000000000800febc                Reset_Handler
 .text.Default_Handler
                0x000000000800ff04        0x2 startup/startup_stm32f103xe.o
                0x000000000800ff04                DMA2_Channel3_IRQHandler
                0x000000000800ff04                EXTI2_IRQHandler
                0x000000000800ff04                TIM8_TRG_COM_IRQHandler
                0x000000000800ff04                TIM8_CC_IRQHandler
                0x000000000800ff04                TIM1_CC_IRQHandler
                0x000000000800ff04                TIM6_IRQHandler
                0x000000000800ff04                PVD_IRQHandler
                0x000000000800ff04                SDIO_IRQHandler
                0x000000000800ff04                EXTI3_IRQHandler
                0x000000000800ff04                EXTI0_IRQHandler
                0x000000000800ff04                I2C2_EV_IRQHandler
                0x000000000800ff04                ADC1_2_IRQHandler
                0x000000000800ff04                SPI1_IRQHandler
                0x000000000800ff04                TAMPER_IRQHandler
                0x000000000800ff04                TIM8_UP_IRQHandler
                0x000000000800ff04                DMA2_Channel2_IRQHandler
                0x000000000800ff04                RTC_IRQHandler
                0x000000000800ff04                CAN1_RX1_IRQHandler
                0x000000000800ff04                UART5_IRQHandler
                0x000000000800ff04                ADC3_IRQHandler
                0x000000000800ff04                DMA2_Channel1_IRQHandler
                0x000000000800ff04                I2C1_EV_IRQHandler
                0x000000000800ff04                UART4_IRQHandler
                0x000000000800ff04                TIM3_IRQHandler
                0x000000000800ff04                RCC_IRQHandler
                0x000000000800ff04                TIM1_TRG_COM_IRQHandler
                0x000000000800ff04                Default_Handler
                0x000000000800ff04                TIM7_IRQHandler
                0x000000000800ff04                TIM5_IRQHandler
                0x000000000800ff04                EXTI9_5_IRQHandler
                0x000000000800ff04                SPI2_IRQHandler
                0x000000000800ff04                EXTI4_IRQHandler
                0x000000000800ff04                USB_LP_CAN1_RX0_IRQHandler
                0x000000000800ff04                USB_HP_CAN1_TX_IRQHandler
                0x000000000800ff04                FSMC_IRQHandler
                0x000000000800ff04                TIM1_UP_IRQHandler
                0x000000000800ff04                WWDG_IRQHandler
                0x000000000800ff04                TIM1_BRK_IRQHandler
                0x000000000800ff04                EXTI1_IRQHandler
                0x000000000800ff04                DMA2_Channel4_5_IRQHandler
                0x000000000800ff04                I2C2_ER_IRQHandler
                0x000000000800ff04                TIM8_BRK_IRQHandler
                0x000000000800ff04                CAN1_SCE_IRQHandler
                0x000000000800ff04                FLASH_IRQHandler
                0x000000000800ff04                SPI3_IRQHandler
                0x000000000800ff04                I2C1_ER_IRQHandler
                0x000000000800ff04                USBWakeUp_IRQHandler
                0x000000000800ff04                RTC_Alarm_IRQHandler
 *fill*         0x000000000800ff06        0x2 
 .text._sbrk    0x000000000800ff08       0x48 startup/syscalls.o
                0x000000000800ff08                _sbrk
 .text.__errno  0x000000000800ff50        0xc /Applications/Eclipse.app/Contents/Eclipse/plugins/fr.ac6.mcu.externaltools.arm-none.macos64_1.17.0.201812190825/tools/compiler/bin/../lib/gcc/arm-none-eabi/7.3.1/../../../../arm-none-eabi/lib/thumb/v7-m/libc_nano.a(lib_a-errno.o)
                0x000000000800ff50                __errno
 .text.__libc_init_array
                0x000000000800ff5c       0x48 /Applications/Eclipse.app/Contents/Eclipse/plugins/fr.ac6.mcu.externaltools.arm-none.macos64_1.17.0.201812190825/tools/compiler/bin/../lib/gcc/arm-none-eabi/7.3.1/../../../../arm-none-eabi/lib/thumb/v7-m/libc_nano.a(lib_a-init.o)
                0x000000000800ff5c                __libc_init_array
 .text.memcpy   0x000000000800ffa4       0x16 /Applications/Eclipse.app/Contents/Eclipse/plugins/fr.ac6.mcu.externaltools.arm-none.macos64_1.17.0.201812190825/tools/compiler/bin/../lib/gcc/arm-none-eabi/7.3.1/../../../../arm-none-eabi/lib/thumb/v7-m/libc_nano.a(lib_a-memcpy-stub.o)
                0x000000000800ffa4                memcpy
 .text.memset   0x000000000800ffba       0x10 /Applications/Eclipse.app/Contents/Eclipse/plugins/fr.ac6.mcu.externaltools.arm-none.macos64_1.17.0.201812190825/tools/compiler/bin/../lib/gcc/arm-none-eabi/7.3.1/../../../../arm-none-eabi/lib/thumb/v7-m/libc_nano.a(lib_a-memset.o)
                0x000000000800ffba                memset
 .text.__cvt    0x000000000800ffca       0xb8 /Applications/Eclipse.app/Contents/Eclipse/plugins/fr.ac6.mcu.externaltools.arm-none.macos64_1.17.0.201812190825/tools/compiler/bin/../lib/gcc/arm-none-eabi/7.3.1/../../../../arm-none-eabi/lib/thumb/v7-m/libc_nano.a(lib_a-nano-vfprintf_float.o)
                0x000000000800ffca                __cvt
 .text.__exponent
                0x0000000008010082       0x6a /Applications/Eclipse.app/Contents/Eclipse/plugins/fr.ac6.mcu.externaltools.arm-none.macos64_1.17.0.201812190825/tools/compiler/bin/../lib/gcc/arm-none-eabi/7.3.1/../../../../arm-none-eabi/lib/thumb/v7-m/libc_nano.a(lib_a-nano-vfprintf_float.o)
                0x0000000008010082                __exponent
 .text._printf_float
                0x00000000080100ec      0x46c /Applications/Eclipse.app/Contents/Eclipse/plugins/fr.ac6.mcu.externaltools.arm-none.macos64_1.17.0.201812190825/tools/compiler/bin/../lib/gcc/arm-none-eabi/7.3.1/../../../../arm-none-eabi/lib/thumb/v7-m/libc_nano.a(lib_a-nano-vfprintf_float.o)
                0x00000000080100ec                _printf_float
 .text._printf_common
                0x0000000008010558       0xec /Applications/Eclipse.app/Contents/Eclipse/plugins/fr.ac6.mcu.externaltools.arm-none.macos64_1.17.0.201812190825/tools/compiler/bin/../lib/gcc/arm-none-eabi/7.3.1/../../../../arm-none-eabi/lib/thumb/v7-m/libc_nano.a(lib_a-nano-vfprintf_i.o)
                0x0000000008010558                _printf_common
 .text.quorem   0x0000000008010644      0x11c /Applications/Eclipse.app/Contents/Eclipse/plugins/fr.ac6.mcu.externaltools.arm-none.macos64_1.17.0.201812190825/tools/compiler/bin/../lib/gcc/arm-none-eabi/7.3.1/../../../../arm-none-eabi/lib/thumb/v7-m/libc_nano.a(lib_a-dtoa.o)
 .text._dtoa_r  0x0000000008010760      0xb68 /Applications/Eclipse.app/Contents/Eclipse/plugins/fr.ac6.mcu.externaltools.arm-none.macos64_1.17.0.201812190825/tools/compiler/bin/../lib/gcc/arm-none-eabi/7.3.1/../../../../arm-none-eabi/lib/thumb/v7-m/libc_nano.a(lib_a-dtoa.o)
                0x0000000008010760                _dtoa_r
 .text._localeconv_r
                0x00000000080112c8       0x1c /Applications/Eclipse.app/Contents/Eclipse/plugins/fr.ac6.mcu.externaltools.arm-none.macos64_1.17.0.201812190825/tools/compiler/bin/../lib/gcc/arm-none-eabi/7.3.1/../../../../arm-none-eabi/lib/thumb/v7-m/libc_nano.a(lib_a-localeconv.o)
                0x00000000080112c8                _localeconv_r
 .text.malloc   0x00000000080112e4       0x10 /Applications/Eclipse.app/Contents/Eclipse/plugins/fr.ac6.mcu.externaltools.arm-none.macos64_1.17.0.201812190825/tools/compiler/bin/../lib/gcc/arm-none-eabi/7.3.1/../../../../arm-none-eabi/lib/thumb/v7-m/libc_nano.a(lib_a-malloc.o)
                0x00000000080112e4                malloc
 .text._Balloc  0x00000000080112f4       0x68 /Applications/Eclipse.app/Contents/Eclipse/plugins/fr.ac6.mcu.externaltools.arm-none.macos64_1.17.0.201812190825/tools/compiler/bin/../lib/gcc/arm-none-eabi/7.3.1/../../../../arm-none-eabi/lib/thumb/v7-m/libc_nano.a(lib_a-mprec.o)
                0x00000000080112f4                _Balloc
 .text._Bfree   0x000000000801135c       0x2e /Applications/Eclipse.app/Contents/Eclipse/plugins/fr.ac6.mcu.externaltools.arm-none.macos64_1.17.0.201812190825/tools/compiler/bin/../lib/gcc/arm-none-eabi/7.3.1/../../../../arm-none-eabi/lib/thumb/v7-m/libc_nano.a(lib_a-mprec.o)
                0x000000000801135c                _Bfree
 .text.__multadd
                0x000000000801138a       0x76 /Applications/Eclipse.app/Contents/Eclipse/plugins/fr.ac6.mcu.externaltools.arm-none.macos64_1.17.0.201812190825/tools/compiler/bin/../lib/gcc/arm-none-eabi/7.3.1/../../../../arm-none-eabi/lib/thumb/v7-m/libc_nano.a(lib_a-mprec.o)
                0x000000000801138a                __multadd
 .text.__hi0bits
                0x0000000008011400       0x3e /Applications/Eclipse.app/Contents/Eclipse/plugins/fr.ac6.mcu.externaltools.arm-none.macos64_1.17.0.201812190825/tools/compiler/bin/../lib/gcc/arm-none-eabi/7.3.1/../../../../arm-none-eabi/lib/thumb/v7-m/libc_nano.a(lib_a-mprec.o)
                0x0000000008011400                __hi0bits
 .text.__lo0bits
                0x000000000801143e       0x5e /Applications/Eclipse.app/Contents/Eclipse/plugins/fr.ac6.mcu.externaltools.arm-none.macos64_1.17.0.201812190825/tools/compiler/bin/../lib/gcc/arm-none-eabi/7.3.1/../../../../arm-none-eabi/lib/thumb/v7-m/libc_nano.a(lib_a-mprec.o)
                0x000000000801143e                __lo0bits
 .text.__i2b    0x000000000801149c       0x12 /Applications/Eclipse.app/Contents/Eclipse/plugins/fr.ac6.mcu.externaltools.arm-none.macos64_1.17.0.201812190825/tools/compiler/bin/../lib/gcc/arm-none-eabi/7.3.1/../../../../arm-none-eabi/lib/thumb/v7-m/libc_nano.a(lib_a-mprec.o)
                0x000000000801149c                __i2b
 .text.__multiply
                0x00000000080114ae      0x12a /Applications/Eclipse.app/Contents/Eclipse/plugins/fr.ac6.mcu.externaltools.arm-none.macos64_1.17.0.201812190825/tools/compiler/bin/../lib/gcc/arm-none-eabi/7.3.1/../../../../arm-none-eabi/lib/thumb/v7-m/libc_nano.a(lib_a-mprec.o)
                0x00000000080114ae                __multiply
 .text.__pow5mult
                0x00000000080115d8       0x9c /Applications/Eclipse.app/Contents/Eclipse/plugins/fr.ac6.mcu.externaltools.arm-none.macos64_1.17.0.201812190825/tools/compiler/bin/../lib/gcc/arm-none-eabi/7.3.1/../../../../arm-none-eabi/lib/thumb/v7-m/libc_nano.a(lib_a-mprec.o)
                0x00000000080115d8                __pow5mult
 .text.__lshift
                0x0000000008011674       0xa8 /Applications/Eclipse.app/Contents/Eclipse/plugins/fr.ac6.mcu.externaltools.arm-none.macos64_1.17.0.201812190825/tools/compiler/bin/../lib/gcc/arm-none-eabi/7.3.1/../../../../arm-none-eabi/lib/thumb/v7-m/libc_nano.a(lib_a-mprec.o)
                0x0000000008011674                __lshift
 .text.__mcmp   0x000000000801171c       0x34 /Applications/Eclipse.app/Contents/Eclipse/plugins/fr.ac6.mcu.externaltools.arm-none.macos64_1.17.0.201812190825/tools/compiler/bin/../lib/gcc/arm-none-eabi/7.3.1/../../../../arm-none-eabi/lib/thumb/v7-m/libc_nano.a(lib_a-mprec.o)
                0x000000000801171c                __mcmp
 .text.__mdiff  0x0000000008011750       0xbc /Applications/Eclipse.app/Contents/Eclipse/plugins/fr.ac6.mcu.externaltools.arm-none.macos64_1.17.0.201812190825/tools/compiler/bin/../lib/gcc/arm-none-eabi/7.3.1/../../../../arm-none-eabi/lib/thumb/v7-m/libc_nano.a(lib_a-mprec.o)
                0x0000000008011750                __mdiff
 .text.__d2b    0x000000000801180c       0x9e /Applications/Eclipse.app/Contents/Eclipse/plugins/fr.ac6.mcu.externaltools.arm-none.macos64_1.17.0.201812190825/tools/compiler/bin/../lib/gcc/arm-none-eabi/7.3.1/../../../../arm-none-eabi/lib/thumb/v7-m/libc_nano.a(lib_a-mprec.o)
                0x000000000801180c                __d2b
 .text._calloc_r
                0x00000000080118aa       0x1c /Applications/Eclipse.app/Contents/Eclipse/plugins/fr.ac6.mcu.externaltools.arm-none.macos64_1.17.0.201812190825/tools/compiler/bin/../lib/gcc/arm-none-eabi/7.3.1/../../../../arm-none-eabi/lib/thumb/v7-m/libc_nano.a(lib_a-nano-callocr.o)
                0x00000000080118aa                _calloc_r
 *fill*         0x00000000080118c6        0x2 
 .text._malloc_r
                0x00000000080118c8       0xb4 /Applications/Eclipse.app/Contents/Eclipse/plugins/fr.ac6.mcu.externaltools.arm-none.macos64_1.17.0.201812190825/tools/compiler/bin/../lib/gcc/arm-none-eabi/7.3.1/../../../../arm-none-eabi/lib/thumb/v7-m/libc_nano.a(lib_a-nano-mallocr.o)
                0x00000000080118c8                _malloc_r
 .text._sbrk_r  0x000000000801197c       0x20 /Applications/Eclipse.app/Contents/Eclipse/plugins/fr.ac6.mcu.externaltools.arm-none.macos64_1.17.0.201812190825/tools/compiler/bin/../lib/gcc/arm-none-eabi/7.3.1/../../../../arm-none-eabi/lib/thumb/v7-m/libc_nano.a(lib_a-sbrkr.o)
                0x000000000801197c                _sbrk_r
 .text.__ascii_mbtowc
                0x000000000801199c       0x24 /Applications/Eclipse.app/Contents/Eclipse/plugins/fr.ac6.mcu.externaltools.arm-none.macos64_1.17.0.201812190825/tools/compiler/bin/../lib/gcc/arm-none-eabi/7.3.1/../../../../arm-none-eabi/lib/thumb/v7-m/libc_nano.a(lib_a-mbtowc_r.o)
                0x000000000801199c                __ascii_mbtowc
 .text.__malloc_lock
                0x00000000080119c0        0x2 /Applications/Eclipse.app/Contents/Eclipse/plugins/fr.ac6.mcu.externaltools.arm-none.macos64_1.17.0.201812190825/tools/compiler/bin/../lib/gcc/arm-none-eabi/7.3.1/../../../../arm-none-eabi/lib/thumb/v7-m/libc_nano.a(lib_a-mlock.o)
                0x00000000080119c0                __malloc_lock
 .text.__malloc_unlock
                0x00000000080119c2        0x2 /Applications/Eclipse.app/Contents/Eclipse/plugins/fr.ac6.mcu.externaltools.arm-none.macos64_1.17.0.201812190825/tools/compiler/bin/../lib/gcc/arm-none-eabi/7.3.1/../../../../arm-none-eabi/lib/thumb/v7-m/libc_nano.a(lib_a-mlock.o)
                0x00000000080119c2                __malloc_unlock
 .text.__ascii_wctomb
                0x00000000080119c4       0x1a /Applications/Eclipse.app/Contents/Eclipse/plugins/fr.ac6.mcu.externaltools.arm-none.macos64_1.17.0.201812190825/tools/compiler/bin/../lib/gcc/arm-none-eabi/7.3.1/../../../../arm-none-eabi/lib/thumb/v7-m/libc_nano.a(lib_a-wctomb_r.o)
                0x00000000080119c4                __ascii_wctomb
 *(.glue_7)
 .glue_7        0x00000000080119de        0x0 linker stubs
 *(.glue_7t)
 .glue_7t       0x00000000080119de        0x0 linker stubs
 *(.eh_frame)
 *fill*         0x00000000080119de        0x2 
 .eh_frame      0x00000000080119e0        0x0 /Applications/Eclipse.app/Contents/Eclipse/plugins/fr.ac6.mcu.externaltools.arm-none.macos64_1.17.0.201812190825/tools/compiler/bin/../lib/gcc/arm-none-eabi/7.3.1/thumb/v7-m/crtbegin.o
 *(.init)
 .init          0x00000000080119e0        0x4 /Applications/Eclipse.app/Contents/Eclipse/plugins/fr.ac6.mcu.externaltools.arm-none.macos64_1.17.0.201812190825/tools/compiler/bin/../lib/gcc/arm-none-eabi/7.3.1/thumb/v7-m/crti.o
                0x00000000080119e0                _init
 .init          0x00000000080119e4        0x8 /Applications/Eclipse.app/Contents/Eclipse/plugins/fr.ac6.mcu.externaltools.arm-none.macos64_1.17.0.201812190825/tools/compiler/bin/../lib/gcc/arm-none-eabi/7.3.1/thumb/v7-m/crtn.o
 *(.fini)
 .fini          0x00000000080119ec        0x4 /Applications/Eclipse.app/Contents/Eclipse/plugins/fr.ac6.mcu.externaltools.arm-none.macos64_1.17.0.201812190825/tools/compiler/bin/../lib/gcc/arm-none-eabi/7.3.1/thumb/v7-m/crti.o
                0x00000000080119ec                _fini
 .fini          0x00000000080119f0        0x8 /Applications/Eclipse.app/Contents/Eclipse/plugins/fr.ac6.mcu.externaltools.arm-none.macos64_1.17.0.201812190825/tools/compiler/bin/../lib/gcc/arm-none-eabi/7.3.1/thumb/v7-m/crtn.o
                0x00000000080119f8                . = ALIGN (0x4)
                0x00000000080119f8                _etext = .

.vfp11_veneer   0x00000000080119f8        0x0
 .vfp11_veneer  0x00000000080119f8        0x0 linker stubs

.v4_bx          0x00000000080119f8        0x0
 .v4_bx         0x00000000080119f8        0x0 linker stubs

.iplt           0x00000000080119f8        0x0
 .iplt          0x00000000080119f8        0x0 /Applications/Eclipse.app/Contents/Eclipse/plugins/fr.ac6.mcu.externaltools.arm-none.macos64_1.17.0.201812190825/tools/compiler/bin/../lib/gcc/arm-none-eabi/7.3.1/thumb/v7-m/crtbegin.o

.rodata         0x00000000080119f8      0x5c0
                0x00000000080119f8                . = ALIGN (0x4)
 *(.rodata)
 .rodata        0x00000000080119f8       0x12 Drivers/STM32F1xx_HAL_Driver/Src/stm32f1xx_hal_rcc.o
 *fill*         0x0000000008011a0a        0x2 
 .rodata        0x0000000008011a0c       0x12 Drivers/STM32F1xx_HAL_Driver/Src/stm32f1xx_hal_rcc_ex.o
 *fill*         0x0000000008011a1e        0x2 
 .rodata        0x0000000008011a20      0x200 Src/bsp_rs485.o
 .rodata        0x0000000008011c20       0xa4 Src/bsp_usart_lcd.o
 .rodata        0x0000000008011cc4       0x5f Src/main.o
 *fill*         0x0000000008011d23        0x1 
 .rodata        0x0000000008011d24       0x18 Src/system_stm32f1xx.o
                0x0000000008011d24                AHBPrescTable
                0x0000000008011d34                APBPrescTable
 *(.rodata*)
 .rodata.str1.4
                0x0000000008011d3c        0xd Src/adc.o
 *fill*         0x0000000008011d49        0x3 
 .rodata.str1.4
                0x0000000008011d4c        0xe Src/main.o
 *fill*         0x0000000008011d5a        0x2 
 .rodata.str1.4
                0x0000000008011d5c        0xd Src/spi.o
 *fill*         0x0000000008011d69        0x3 
 .rodata.str1.4
                0x0000000008011d6c        0xd Src/tim.o
 *fill*         0x0000000008011d79        0x3 
 .rodata.str1.4
                0x0000000008011d7c       0x10 Src/usart.o
                                          0xf (size before relaxing)
 .rodata._printf_float.str1.1
                0x0000000008011d8c       0x12 /Applications/Eclipse.app/Contents/Eclipse/plugins/fr.ac6.mcu.externaltools.arm-none.macos64_1.17.0.201812190825/tools/compiler/bin/../lib/gcc/arm-none-eabi/7.3.1/../../../../arm-none-eabi/lib/thumb/v7-m/libc_nano.a(lib_a-nano-vfprintf_float.o)
 .rodata._dtoa_r.str1.1
                0x0000000008011d9e        0xd /Applications/Eclipse.app/Contents/Eclipse/plugins/fr.ac6.mcu.externaltools.arm-none.macos64_1.17.0.201812190825/tools/compiler/bin/../lib/gcc/arm-none-eabi/7.3.1/../../../../arm-none-eabi/lib/thumb/v7-m/libc_nano.a(lib_a-dtoa.o)
                                          0xf (size before relaxing)
 *fill*         0x0000000008011dab        0x5 
 .rodata.__mprec_bigtens
                0x0000000008011db0       0x28 /Applications/Eclipse.app/Contents/Eclipse/plugins/fr.ac6.mcu.externaltools.arm-none.macos64_1.17.0.201812190825/tools/compiler/bin/../lib/gcc/arm-none-eabi/7.3.1/../../../../arm-none-eabi/lib/thumb/v7-m/libc_nano.a(lib_a-mprec.o)
                0x0000000008011db0                __mprec_bigtens
 .rodata.__mprec_tens
                0x0000000008011dd8       0xc8 /Applications/Eclipse.app/Contents/Eclipse/plugins/fr.ac6.mcu.externaltools.arm-none.macos64_1.17.0.201812190825/tools/compiler/bin/../lib/gcc/arm-none-eabi/7.3.1/../../../../arm-none-eabi/lib/thumb/v7-m/libc_nano.a(lib_a-mprec.o)
                0x0000000008011dd8                __mprec_tens
 .rodata.p05.6084
                0x0000000008011ea0        0xc /Applications/Eclipse.app/Contents/Eclipse/plugins/fr.ac6.mcu.externaltools.arm-none.macos64_1.17.0.201812190825/tools/compiler/bin/../lib/gcc/arm-none-eabi/7.3.1/../../../../arm-none-eabi/lib/thumb/v7-m/libc_nano.a(lib_a-mprec.o)
 .rodata._setlocale_r.str1.1
                0x0000000008011eac        0x8 /Applications/Eclipse.app/Contents/Eclipse/plugins/fr.ac6.mcu.externaltools.arm-none.macos64_1.17.0.201812190825/tools/compiler/bin/../lib/gcc/arm-none-eabi/7.3.1/../../../../arm-none-eabi/lib/thumb/v7-m/libc_nano.a(lib_a-locale.o)
                                          0x9 (size before relaxing)
 .rodata.str1.1
                0x0000000008011eb4        0x2 /Applications/Eclipse.app/Contents/Eclipse/plugins/fr.ac6.mcu.externaltools.arm-none.macos64_1.17.0.201812190825/tools/compiler/bin/../lib/gcc/arm-none-eabi/7.3.1/../../../../arm-none-eabi/lib/thumb/v7-m/libc_nano.a(lib_a-locale.o)
 .rodata._ctype_
                0x0000000008011eb6      0x101 /Applications/Eclipse.app/Contents/Eclipse/plugins/fr.ac6.mcu.externaltools.arm-none.macos64_1.17.0.201812190825/tools/compiler/bin/../lib/gcc/arm-none-eabi/7.3.1/../../../../arm-none-eabi/lib/thumb/v7-m/libc_nano.a(lib_a-ctype_.o)
                0x0000000008011eb6                _ctype_
                0x0000000008011fb8                . = ALIGN (0x4)
 *fill*         0x0000000008011fb7        0x1 

.rel.dyn        0x0000000008011fb8        0x0
 .rel.iplt      0x0000000008011fb8        0x0 /Applications/Eclipse.app/Contents/Eclipse/plugins/fr.ac6.mcu.externaltools.arm-none.macos64_1.17.0.201812190825/tools/compiler/bin/../lib/gcc/arm-none-eabi/7.3.1/thumb/v7-m/crtbegin.o

.ARM.extab
 *(.ARM.extab* .gnu.linkonce.armextab.*)

.ARM            0x0000000008011fb8        0x0
                0x0000000008011fb8                __exidx_start = .
 *(.ARM.exidx*)
                0x0000000008011fb8                __exidx_end = .

.preinit_array  0x0000000008011fb8        0x0
                0x0000000008011fb8                PROVIDE (__preinit_array_start = .)
 *(.preinit_array*)
                0x0000000008011fb8                PROVIDE (__preinit_array_end = .)

.init_array     0x0000000008011fb8        0x4
                0x0000000008011fb8                PROVIDE (__init_array_start = .)
 *(SORT_BY_NAME(.init_array.*))
 *(.init_array*)
 .init_array    0x0000000008011fb8        0x4 /Applications/Eclipse.app/Contents/Eclipse/plugins/fr.ac6.mcu.externaltools.arm-none.macos64_1.17.0.201812190825/tools/compiler/bin/../lib/gcc/arm-none-eabi/7.3.1/thumb/v7-m/crtbegin.o
                0x0000000008011fbc                PROVIDE (__init_array_end = .)

.fini_array     0x0000000008011fbc        0x4
                [!provide]                        PROVIDE (__fini_array_start = .)
 *(SORT_BY_NAME(.fini_array.*))
 *(.fini_array*)
 .fini_array    0x0000000008011fbc        0x4 /Applications/Eclipse.app/Contents/Eclipse/plugins/fr.ac6.mcu.externaltools.arm-none.macos64_1.17.0.201812190825/tools/compiler/bin/../lib/gcc/arm-none-eabi/7.3.1/thumb/v7-m/crtbegin.o
                [!provide]                        PROVIDE (__fini_array_end = .)
                0x0000000008011fc0                _sidata = LOADADDR (.data)

.data           0x0000000020000000      0x6f8 load address 0x0000000008011fc0
                0x0000000020000000                . = ALIGN (0x4)
                0x0000000020000000                _sdata = .
 *(.data)
 .data          0x0000000020000000        0x8 Src/bsp_ds1302.o
                0x0000000020000000                time_tab
 .data          0x0000000020000008      0x33e Src/bsp_usart_lcd.o
                0x0000000020000008                rangeUpperLimit
                0x0000000020000028                rangeLowerLimit
                0x0000000020000048                colorName
                0x0000000020000064                chnName
                0x00000000200001e0                engName
                0x0000000020000340                setTextRed
                0x0000000020000344                setTextGreen
 *fill*         0x0000000020000346        0x2 
 .data          0x0000000020000348      0x1db Src/main.o
                0x0000000020000348                doubleLight
                0x000000002000034c                volumePicCMD
                0x0000000020000358                SendTime
                0x000000002000035c                licPassedCMD
                0x0000000020000368                licFailedCMD
                0x000000002000037c                multiUICMD1
                0x00000000200003cc                multiUICMD2
                0x000000002000041c                statusColorCMD
                0x000000002000046c                numColorCMD
                0x00000000200004bc                percentPicCMD
                0x0000000020000504                timeStamp
                0x0000000020000508                light
                0x000000002000050c                Ver
 *fill*         0x0000000020000523        0x1 
 .data          0x0000000020000524        0x4 Src/system_stm32f1xx.o
                0x0000000020000524                SystemCoreClock
 *(.data*)
 .data._impure_ptr
                0x0000000020000528        0x4 /Applications/Eclipse.app/Contents/Eclipse/plugins/fr.ac6.mcu.externaltools.arm-none.macos64_1.17.0.201812190825/tools/compiler/bin/../lib/gcc/arm-none-eabi/7.3.1/../../../../arm-none-eabi/lib/thumb/v7-m/libc_nano.a(lib_a-impure.o)
                0x0000000020000528                _impure_ptr
 .data.impure_data
                0x000000002000052c       0x60 /Applications/Eclipse.app/Contents/Eclipse/plugins/fr.ac6.mcu.externaltools.arm-none.macos64_1.17.0.201812190825/tools/compiler/bin/../lib/gcc/arm-none-eabi/7.3.1/../../../../arm-none-eabi/lib/thumb/v7-m/libc_nano.a(lib_a-impure.o)
 .data.__global_locale
                0x000000002000058c      0x16c /Applications/Eclipse.app/Contents/Eclipse/plugins/fr.ac6.mcu.externaltools.arm-none.macos64_1.17.0.201812190825/tools/compiler/bin/../lib/gcc/arm-none-eabi/7.3.1/../../../../arm-none-eabi/lib/thumb/v7-m/libc_nano.a(lib_a-locale.o)
                0x000000002000058c                __global_locale
                0x00000000200006f8                . = ALIGN (0x4)
                0x00000000200006f8                _edata = .

.igot.plt       0x00000000200006f8        0x0 load address 0x00000000080126b8
 .igot.plt      0x00000000200006f8        0x0 /Applications/Eclipse.app/Contents/Eclipse/plugins/fr.ac6.mcu.externaltools.arm-none.macos64_1.17.0.201812190825/tools/compiler/bin/../lib/gcc/arm-none-eabi/7.3.1/thumb/v7-m/crtbegin.o
                0x00000000200006f8                . = ALIGN (0x4)

.bss            0x00000000200006f8      0xb80 load address 0x00000000080126b8
                0x00000000200006f8                _sbss = .
                0x00000000200006f8                __bss_start__ = _sbss
 *(.bss)
 .bss           0x00000000200006f8       0x1c /Applications/Eclipse.app/Contents/Eclipse/plugins/fr.ac6.mcu.externaltools.arm-none.macos64_1.17.0.201812190825/tools/compiler/bin/../lib/gcc/arm-none-eabi/7.3.1/thumb/v7-m/crtbegin.o
 .bss           0x0000000020000714      0x10a Src/main.o
                0x0000000020000714                adc_index
                0x000000002000072c                adc_count
                0x0000000020000744                g_adc_Temp_filter
                0x000000002000075c                gg_adc_Temp_filter
                0x0000000020000774                adc_Temp_filter
                0x000000002000078c                float_ADCValue
                0x00000000200007a4                k
                0x00000000200007bc                b
                0x00000000200007d4                ledFlag
                0x00000000200007dc                LED_Select
                0x00000000200007e0                alarmFlag
                0x00000000200007e1                testFlag
                0x00000000200007e2                currentPage
                0x00000000200007e4                muteFlag
                0x00000000200007ea                bebe
                0x00000000200007eb                licFailedFlag
                0x00000000200007ec                mainpage
                0x00000000200007ed                lastPage
                0x00000000200007f0                currentTime
                0x00000000200007f4                minTick
                0x00000000200007f8                licFlag
                0x00000000200007f9                ADCFlag
                0x00000000200007fa                getUIFlag
                0x00000000200007fb                bluetoothFlag
                0x00000000200007fc                RS232_recvEndFlag
                0x00000000200007fd                RS232_recvLength
                0x0000000020000800                K
                0x0000000020000818                current_index
 *fill*         0x000000002000081e        0x2 
 .bss           0x0000000020000820        0x4 startup/syscalls.o
 *(.bss*)
 .bss.__malloc_free_list
                0x0000000020000824        0x4 /Applications/Eclipse.app/Contents/Eclipse/plugins/fr.ac6.mcu.externaltools.arm-none.macos64_1.17.0.201812190825/tools/compiler/bin/../lib/gcc/arm-none-eabi/7.3.1/../../../../arm-none-eabi/lib/thumb/v7-m/libc_nano.a(lib_a-nano-mallocr.o)
                0x0000000020000824                __malloc_free_list
 .bss.__malloc_sbrk_start
                0x0000000020000828        0x4 /Applications/Eclipse.app/Contents/Eclipse/plugins/fr.ac6.mcu.externaltools.arm-none.macos64_1.17.0.201812190825/tools/compiler/bin/../lib/gcc/arm-none-eabi/7.3.1/../../../../arm-none-eabi/lib/thumb/v7-m/libc_nano.a(lib_a-nano-mallocr.o)
                0x0000000020000828                __malloc_sbrk_start
 *(COMMON)
 COMMON         0x000000002000082c        0x4 Drivers/STM32F1xx_HAL_Driver/Src/stm32f1xx_hal.o
                0x000000002000082c                uwTick
 COMMON         0x0000000020000830       0x74 Src/adc.o
                0x0000000020000830                hadc1
                0x0000000020000860                hdma_adc1
 COMMON         0x00000000200008a4       0x22 Src/bsp_ds1302.o
                0x00000000200008a4                month
                0x00000000200008a8                table
                0x00000000200008b0                date_1302
                0x00000000200008b6                hour
                0x00000000200008b8                time_1302
                0x00000000200008be                min
                0x00000000200008c0                year
                0x00000000200008c4                sec
                0x00000000200008c5                date
 *fill*         0x00000000200008c6        0x2 
 COMMON         0x00000000200008c8       0x18 Src/bsp_rs485.o
                0x00000000200008c8                RS485_RX_BUF
                0x00000000200008d0                ad_data
 COMMON         0x00000000200008e0      0x60c Src/main.o
                0x00000000200008e0                val_4mA
                0x00000000200008f8                lcd_number_x
                0x00000000200008fc                inputPassword
                0x0000000020000909                currentCHN
                0x000000002000090c                BLUETOOTH_RX_BUF
                0x0000000020000948                ADC_ConvertedValue
                0x0000000020000960                val_20mA
                0x0000000020000978                rom485
                0x0000000020000a78                RS232_RX_BUF
                0x0000000020000ab4                adcTemp
                0x0000000020000c94                saveData
 COMMON         0x0000000020000eec       0xb0 Src/spi.o
                0x0000000020000eec                hspi2
                0x0000000020000f44                hspi1
 COMMON         0x0000000020000f9c       0x80 Src/tim.o
                0x0000000020000f9c                htim4
                0x0000000020000fdc                htim2
 COMMON         0x000000002000101c      0x258 Src/usart.o
                0x000000002000101c                hdma_usart2_rx
                0x0000000020001060                hdma_usart3_rx
                0x00000000200010a4                huart3
                0x00000000200010e4                hdma_usart3_tx
                0x0000000020001128                hdma_usart1_tx
                0x000000002000116c                hdma_usart1_rx
                0x00000000200011b0                hdma_usart2_tx
                0x00000000200011f4                huart1
                0x0000000020001234                huart2
 COMMON         0x0000000020001274        0x4 /Applications/Eclipse.app/Contents/Eclipse/plugins/fr.ac6.mcu.externaltools.arm-none.macos64_1.17.0.201812190825/tools/compiler/bin/../lib/gcc/arm-none-eabi/7.3.1/../../../../arm-none-eabi/lib/thumb/v7-m/libc_nano.a(lib_a-reent.o)
                0x0000000020001274                errno
                0x0000000020001278                . = ALIGN (0x4)
                0x0000000020001278                _ebss = .
                0x0000000020001278                __bss_end__ = _ebss

._user_heap_stack
                0x0000000020001278      0x600 load address 0x00000000080126b8
                0x0000000020001278                . = ALIGN (0x8)
                0x0000000020001278                PROVIDE (end = .)
                [!provide]                        PROVIDE (_end = .)
                0x0000000020001478                . = (. + _Min_Heap_Size)
 *fill*         0x0000000020001278      0x200 
                0x0000000020001878                . = (. + _Min_Stack_Size)
 *fill*         0x0000000020001478      0x400 
                0x0000000020001878                . = ALIGN (0x8)

/DISCARD/
 libc.a(*)
 libm.a(*)
 libgcc.a(*)

.ARM.attributes
                0x0000000000000000       0x29
 *(.ARM.attributes)
 .ARM.attributes
                0x0000000000000000       0x1d /Applications/Eclipse.app/Contents/Eclipse/plugins/fr.ac6.mcu.externaltools.arm-none.macos64_1.17.0.201812190825/tools/compiler/bin/../lib/gcc/arm-none-eabi/7.3.1/thumb/v7-m/crti.o
 .ARM.attributes
                0x000000000000001d       0x2d /Applications/Eclipse.app/Contents/Eclipse/plugins/fr.ac6.mcu.externaltools.arm-none.macos64_1.17.0.201812190825/tools/compiler/bin/../lib/gcc/arm-none-eabi/7.3.1/thumb/v7-m/crtbegin.o
 .ARM.attributes
                0x000000000000004a       0x33 Drivers/STM32F1xx_HAL_Driver/Src/stm32f1xx_hal.o
 .ARM.attributes
                0x000000000000007d       0x33 Drivers/STM32F1xx_HAL_Driver/Src/stm32f1xx_hal_adc.o
 .ARM.attributes
                0x00000000000000b0       0x33 Drivers/STM32F1xx_HAL_Driver/Src/stm32f1xx_hal_adc_ex.o
 .ARM.attributes
                0x00000000000000e3       0x33 Drivers/STM32F1xx_HAL_Driver/Src/stm32f1xx_hal_cortex.o
 .ARM.attributes
                0x0000000000000116       0x33 Drivers/STM32F1xx_HAL_Driver/Src/stm32f1xx_hal_dma.o
 .ARM.attributes
                0x0000000000000149       0x33 Drivers/STM32F1xx_HAL_Driver/Src/stm32f1xx_hal_gpio.o
 .ARM.attributes
                0x000000000000017c       0x33 Drivers/STM32F1xx_HAL_Driver/Src/stm32f1xx_hal_rcc.o
 .ARM.attributes
                0x00000000000001af       0x33 Drivers/STM32F1xx_HAL_Driver/Src/stm32f1xx_hal_rcc_ex.o
 .ARM.attributes
                0x00000000000001e2       0x33 Drivers/STM32F1xx_HAL_Driver/Src/stm32f1xx_hal_spi.o
 .ARM.attributes
                0x0000000000000215       0x33 Drivers/STM32F1xx_HAL_Driver/Src/stm32f1xx_hal_spi_ex.o
 .ARM.attributes
                0x0000000000000248       0x33 Drivers/STM32F1xx_HAL_Driver/Src/stm32f1xx_hal_tim.o
 .ARM.attributes
                0x000000000000027b       0x33 Drivers/STM32F1xx_HAL_Driver/Src/stm32f1xx_hal_tim_ex.o
 .ARM.attributes
                0x00000000000002ae       0x33 Drivers/STM32F1xx_HAL_Driver/Src/stm32f1xx_hal_uart.o
 .ARM.attributes
                0x00000000000002e1       0x33 Src/adc.o
 .ARM.attributes
                0x0000000000000314       0x33 Src/bsp_ds1302.o
 .ARM.attributes
                0x0000000000000347       0x33 Src/bsp_rs485.o
 .ARM.attributes
                0x000000000000037a       0x33 Src/bsp_spi_flash.o
 .ARM.attributes
                0x00000000000003ad       0x33 Src/bsp_usart_lcd.o
 .ARM.attributes
                0x00000000000003e0       0x33 Src/dma.o
 .ARM.attributes
                0x0000000000000413       0x33 Src/gpio.o
 .ARM.attributes
                0x0000000000000446       0x33 Src/main.o
 .ARM.attributes
                0x0000000000000479       0x33 Src/spi.o
 .ARM.attributes
                0x00000000000004ac       0x33 Src/stm32f1xx_hal_msp.o
 .ARM.attributes
                0x00000000000004df       0x33 Src/stm32f1xx_it.o
 .ARM.attributes
                0x0000000000000512       0x33 Src/system_stm32f1xx.o
 .ARM.attributes
                0x0000000000000545       0x33 Src/tim.o
 .ARM.attributes
                0x0000000000000578       0x33 Src/usart.o
 .ARM.attributes
                0x00000000000005ab       0x21 startup/startup_stm32f103xe.o
 .ARM.attributes
                0x00000000000005cc       0x33 startup/syscalls.o
 .ARM.attributes
                0x00000000000005ff       0x1d /Applications/Eclipse.app/Contents/Eclipse/plugins/fr.ac6.mcu.externaltools.arm-none.macos64_1.17.0.201812190825/tools/compiler/bin/../lib/gcc/arm-none-eabi/7.3.1/thumb/v7-m/libgcc.a(_arm_addsubdf3.o)
 .ARM.attributes
                0x000000000000061c       0x1d /Applications/Eclipse.app/Contents/Eclipse/plugins/fr.ac6.mcu.externaltools.arm-none.macos64_1.17.0.201812190825/tools/compiler/bin/../lib/gcc/arm-none-eabi/7.3.1/thumb/v7-m/libgcc.a(_arm_muldivdf3.o)
 .ARM.attributes
                0x0000000000000639       0x1d /Applications/Eclipse.app/Contents/Eclipse/plugins/fr.ac6.mcu.externaltools.arm-none.macos64_1.17.0.201812190825/tools/compiler/bin/../lib/gcc/arm-none-eabi/7.3.1/thumb/v7-m/libgcc.a(_arm_fixdfsi.o)
 .ARM.attributes
                0x0000000000000656       0x1d /Applications/Eclipse.app/Contents/Eclipse/plugins/fr.ac6.mcu.externaltools.arm-none.macos64_1.17.0.201812190825/tools/compiler/bin/../lib/gcc/arm-none-eabi/7.3.1/thumb/v7-m/libgcc.a(_arm_truncdfsf2.o)
 .ARM.attributes
                0x0000000000000673       0x1d /Applications/Eclipse.app/Contents/Eclipse/plugins/fr.ac6.mcu.externaltools.arm-none.macos64_1.17.0.201812190825/tools/compiler/bin/../lib/gcc/arm-none-eabi/7.3.1/thumb/v7-m/libgcc.a(_arm_addsubsf3.o)
 .ARM.attributes
                0x0000000000000690       0x1d /Applications/Eclipse.app/Contents/Eclipse/plugins/fr.ac6.mcu.externaltools.arm-none.macos64_1.17.0.201812190825/tools/compiler/bin/../lib/gcc/arm-none-eabi/7.3.1/thumb/v7-m/libgcc.a(_arm_muldivsf3.o)
 .ARM.attributes
                0x00000000000006ad       0x1d /Applications/Eclipse.app/Contents/Eclipse/plugins/fr.ac6.mcu.externaltools.arm-none.macos64_1.17.0.201812190825/tools/compiler/bin/../lib/gcc/arm-none-eabi/7.3.1/thumb/v7-m/libgcc.a(_arm_cmpsf2.o)
 .ARM.attributes
                0x00000000000006ca       0x1d /Applications/Eclipse.app/Contents/Eclipse/plugins/fr.ac6.mcu.externaltools.arm-none.macos64_1.17.0.201812190825/tools/compiler/bin/../lib/gcc/arm-none-eabi/7.3.1/thumb/v7-m/libgcc.a(_arm_fixsfsi.o)
 .ARM.attributes
                0x00000000000006e7       0x1d /Applications/Eclipse.app/Contents/Eclipse/plugins/fr.ac6.mcu.externaltools.arm-none.macos64_1.17.0.201812190825/tools/compiler/bin/../lib/gcc/arm-none-eabi/7.3.1/thumb/v7-m/libgcc.a(_arm_fixunssfsi.o)
 .ARM.attributes
                0x0000000000000704       0x2d /Applications/Eclipse.app/Contents/Eclipse/plugins/fr.ac6.mcu.externaltools.arm-none.macos64_1.17.0.201812190825/tools/compiler/bin/../lib/gcc/arm-none-eabi/7.3.1/../../../../arm-none-eabi/lib/thumb/v7-m/libc_nano.a(lib_a-errno.o)
 .ARM.attributes
                0x0000000000000731       0x2d /Applications/Eclipse.app/Contents/Eclipse/plugins/fr.ac6.mcu.externaltools.arm-none.macos64_1.17.0.201812190825/tools/compiler/bin/../lib/gcc/arm-none-eabi/7.3.1/../../../../arm-none-eabi/lib/thumb/v7-m/libc_nano.a(lib_a-impure.o)
 .ARM.attributes
                0x000000000000075e       0x2d /Applications/Eclipse.app/Contents/Eclipse/plugins/fr.ac6.mcu.externaltools.arm-none.macos64_1.17.0.201812190825/tools/compiler/bin/../lib/gcc/arm-none-eabi/7.3.1/../../../../arm-none-eabi/lib/thumb/v7-m/libc_nano.a(lib_a-init.o)
 .ARM.attributes
                0x000000000000078b       0x2d /Applications/Eclipse.app/Contents/Eclipse/plugins/fr.ac6.mcu.externaltools.arm-none.macos64_1.17.0.201812190825/tools/compiler/bin/../lib/gcc/arm-none-eabi/7.3.1/../../../../arm-none-eabi/lib/thumb/v7-m/libc_nano.a(lib_a-memcpy-stub.o)
 .ARM.attributes
                0x00000000000007b8       0x2d /Applications/Eclipse.app/Contents/Eclipse/plugins/fr.ac6.mcu.externaltools.arm-none.macos64_1.17.0.201812190825/tools/compiler/bin/../lib/gcc/arm-none-eabi/7.3.1/../../../../arm-none-eabi/lib/thumb/v7-m/libc_nano.a(lib_a-memset.o)
 .ARM.attributes
                0x00000000000007e5       0x2d /Applications/Eclipse.app/Contents/Eclipse/plugins/fr.ac6.mcu.externaltools.arm-none.macos64_1.17.0.201812190825/tools/compiler/bin/../lib/gcc/arm-none-eabi/7.3.1/../../../../arm-none-eabi/lib/thumb/v7-m/libc_nano.a(lib_a-nano-vfprintf_float.o)
 .ARM.attributes
                0x0000000000000812       0x2d /Applications/Eclipse.app/Contents/Eclipse/plugins/fr.ac6.mcu.externaltools.arm-none.macos64_1.17.0.201812190825/tools/compiler/bin/../lib/gcc/arm-none-eabi/7.3.1/../../../../arm-none-eabi/lib/thumb/v7-m/libc_nano.a(lib_a-nano-vfprintf_i.o)
 .ARM.attributes
                0x000000000000083f       0x17 /Applications/Eclipse.app/Contents/Eclipse/plugins/fr.ac6.mcu.externaltools.arm-none.macos64_1.17.0.201812190825/tools/compiler/bin/../lib/gcc/arm-none-eabi/7.3.1/../../../../arm-none-eabi/lib/thumb/v7-m/libc_nano.a(lib_a-strlen.o)
 .ARM.attributes
                0x0000000000000856       0x2d /Applications/Eclipse.app/Contents/Eclipse/plugins/fr.ac6.mcu.externaltools.arm-none.macos64_1.17.0.201812190825/tools/compiler/bin/../lib/gcc/arm-none-eabi/7.3.1/../../../../arm-none-eabi/lib/thumb/v7-m/libc_nano.a(lib_a-dtoa.o)
 .ARM.attributes
                0x0000000000000883       0x2d /Applications/Eclipse.app/Contents/Eclipse/plugins/fr.ac6.mcu.externaltools.arm-none.macos64_1.17.0.201812190825/tools/compiler/bin/../lib/gcc/arm-none-eabi/7.3.1/../../../../arm-none-eabi/lib/thumb/v7-m/libc_nano.a(lib_a-localeconv.o)
 .ARM.attributes
                0x00000000000008b0       0x2d /Applications/Eclipse.app/Contents/Eclipse/plugins/fr.ac6.mcu.externaltools.arm-none.macos64_1.17.0.201812190825/tools/compiler/bin/../lib/gcc/arm-none-eabi/7.3.1/../../../../arm-none-eabi/lib/thumb/v7-m/libc_nano.a(lib_a-malloc.o)
 .ARM.attributes
                0x00000000000008dd       0x2d /Applications/Eclipse.app/Contents/Eclipse/plugins/fr.ac6.mcu.externaltools.arm-none.macos64_1.17.0.201812190825/tools/compiler/bin/../lib/gcc/arm-none-eabi/7.3.1/../../../../arm-none-eabi/lib/thumb/v7-m/libc_nano.a(lib_a-mprec.o)
 .ARM.attributes
                0x000000000000090a       0x2d /Applications/Eclipse.app/Contents/Eclipse/plugins/fr.ac6.mcu.externaltools.arm-none.macos64_1.17.0.201812190825/tools/compiler/bin/../lib/gcc/arm-none-eabi/7.3.1/../../../../arm-none-eabi/lib/thumb/v7-m/libc_nano.a(lib_a-nano-callocr.o)
 .ARM.attributes
                0x0000000000000937       0x2d /Applications/Eclipse.app/Contents/Eclipse/plugins/fr.ac6.mcu.externaltools.arm-none.macos64_1.17.0.201812190825/tools/compiler/bin/../lib/gcc/arm-none-eabi/7.3.1/../../../../arm-none-eabi/lib/thumb/v7-m/libc_nano.a(lib_a-nano-mallocr.o)
 .ARM.attributes
                0x0000000000000964       0x2d /Applications/Eclipse.app/Contents/Eclipse/plugins/fr.ac6.mcu.externaltools.arm-none.macos64_1.17.0.201812190825/tools/compiler/bin/../lib/gcc/arm-none-eabi/7.3.1/../../../../arm-none-eabi/lib/thumb/v7-m/libc_nano.a(lib_a-sbrkr.o)
 .ARM.attributes
                0x0000000000000991       0x2d /Applications/Eclipse.app/Contents/Eclipse/plugins/fr.ac6.mcu.externaltools.arm-none.macos64_1.17.0.201812190825/tools/compiler/bin/../lib/gcc/arm-none-eabi/7.3.1/../../../../arm-none-eabi/lib/thumb/v7-m/libc_nano.a(lib_a-locale.o)
 .ARM.attributes
                0x00000000000009be       0x2d /Applications/Eclipse.app/Contents/Eclipse/plugins/fr.ac6.mcu.externaltools.arm-none.macos64_1.17.0.201812190825/tools/compiler/bin/../lib/gcc/arm-none-eabi/7.3.1/../../../../arm-none-eabi/lib/thumb/v7-m/libc_nano.a(lib_a-mbtowc_r.o)
 .ARM.attributes
                0x00000000000009eb       0x2d /Applications/Eclipse.app/Contents/Eclipse/plugins/fr.ac6.mcu.externaltools.arm-none.macos64_1.17.0.201812190825/tools/compiler/bin/../lib/gcc/arm-none-eabi/7.3.1/../../../../arm-none-eabi/lib/thumb/v7-m/libc_nano.a(lib_a-mlock.o)
 .ARM.attributes
                0x0000000000000a18       0x2d /Applications/Eclipse.app/Contents/Eclipse/plugins/fr.ac6.mcu.externaltools.arm-none.macos64_1.17.0.201812190825/tools/compiler/bin/../lib/gcc/arm-none-eabi/7.3.1/../../../../arm-none-eabi/lib/thumb/v7-m/libc_nano.a(lib_a-reent.o)
 .ARM.attributes
                0x0000000000000a45       0x2d /Applications/Eclipse.app/Contents/Eclipse/plugins/fr.ac6.mcu.externaltools.arm-none.macos64_1.17.0.201812190825/tools/compiler/bin/../lib/gcc/arm-none-eabi/7.3.1/../../../../arm-none-eabi/lib/thumb/v7-m/libc_nano.a(lib_a-wctomb_r.o)
 .ARM.attributes
                0x0000000000000a72       0x2d /Applications/Eclipse.app/Contents/Eclipse/plugins/fr.ac6.mcu.externaltools.arm-none.macos64_1.17.0.201812190825/tools/compiler/bin/../lib/gcc/arm-none-eabi/7.3.1/../../../../arm-none-eabi/lib/thumb/v7-m/libc_nano.a(lib_a-ctype_.o)
 .ARM.attributes
                0x0000000000000a9f       0x1d /Applications/Eclipse.app/Contents/Eclipse/plugins/fr.ac6.mcu.externaltools.arm-none.macos64_1.17.0.201812190825/tools/compiler/bin/../lib/gcc/arm-none-eabi/7.3.1/thumb/v7-m/libgcc.a(_arm_cmpdf2.o)
 .ARM.attributes
                0x0000000000000abc       0x1d /Applications/Eclipse.app/Contents/Eclipse/plugins/fr.ac6.mcu.externaltools.arm-none.macos64_1.17.0.201812190825/tools/compiler/bin/../lib/gcc/arm-none-eabi/7.3.1/thumb/v7-m/libgcc.a(_arm_unorddf2.o)
 .ARM.attributes
                0x0000000000000ad9       0x1d /Applications/Eclipse.app/Contents/Eclipse/plugins/fr.ac6.mcu.externaltools.arm-none.macos64_1.17.0.201812190825/tools/compiler/bin/../lib/gcc/arm-none-eabi/7.3.1/thumb/v7-m/crtn.o
OUTPUT(MAD_10inch.elf elf32-littlearm)

.debug_info     0x0000000000000000    0x29df8
 .debug_info    0x0000000000000000      0xf47 Drivers/STM32F1xx_HAL_Driver/Src/stm32f1xx_hal.o
 .debug_info    0x0000000000000f47     0x162a Drivers/STM32F1xx_HAL_Driver/Src/stm32f1xx_hal_adc.o
 .debug_info    0x0000000000002571     0x1354 Drivers/STM32F1xx_HAL_Driver/Src/stm32f1xx_hal_adc_ex.o
 .debug_info    0x00000000000038c5     0x14db Drivers/STM32F1xx_HAL_Driver/Src/stm32f1xx_hal_cortex.o
 .debug_info    0x0000000000004da0     0x1014 Drivers/STM32F1xx_HAL_Driver/Src/stm32f1xx_hal_dma.o
 .debug_info    0x0000000000005db4      0xe87 Drivers/STM32F1xx_HAL_Driver/Src/stm32f1xx_hal_gpio.o
 .debug_info    0x0000000000006c3b     0x117d Drivers/STM32F1xx_HAL_Driver/Src/stm32f1xx_hal_rcc.o
 .debug_info    0x0000000000007db8      0xc9f Drivers/STM32F1xx_HAL_Driver/Src/stm32f1xx_hal_rcc_ex.o
 .debug_info    0x0000000000008a57     0x215a Drivers/STM32F1xx_HAL_Driver/Src/stm32f1xx_hal_spi.o
 .debug_info    0x000000000000abb1      0xe32 Drivers/STM32F1xx_HAL_Driver/Src/stm32f1xx_hal_spi_ex.o
 .debug_info    0x000000000000b9e3     0x3661 Drivers/STM32F1xx_HAL_Driver/Src/stm32f1xx_hal_tim.o
 .debug_info    0x000000000000f044     0x1ad0 Drivers/STM32F1xx_HAL_Driver/Src/stm32f1xx_hal_tim_ex.o
 .debug_info    0x0000000000010b14     0x1e7b Drivers/STM32F1xx_HAL_Driver/Src/stm32f1xx_hal_uart.o
 .debug_info    0x000000000001298f     0x1207 Src/adc.o
 .debug_info    0x0000000000013b96      0xf97 Src/bsp_ds1302.o
 .debug_info    0x0000000000014b2d      0xfa8 Src/bsp_rs485.o
 .debug_info    0x0000000000015ad5     0x187f Src/bsp_spi_flash.o
 .debug_info    0x0000000000017354     0x28fd Src/bsp_usart_lcd.o
 .debug_info    0x0000000000019c51      0xbfa Src/dma.o
 .debug_info    0x000000000001a84b      0xf89 Src/gpio.o
 .debug_info    0x000000000001b7d4     0x6e63 Src/main.o
 .debug_info    0x0000000000022637     0x1149 Src/spi.o
 .debug_info    0x0000000000023780      0xd1b Src/stm32f1xx_hal_msp.o
 .debug_info    0x000000000002449b     0x12a1 Src/stm32f1xx_it.o
 .debug_info    0x000000000002573c      0xc15 Src/system_stm32f1xx.o
 .debug_info    0x0000000000026351     0x13ca Src/tim.o
 .debug_info    0x000000000002771b     0x163e Src/usart.o
 .debug_info    0x0000000000028d59       0x22 startup/startup_stm32f103xe.o
 .debug_info    0x0000000000028d7b     0x107d startup/syscalls.o

.debug_abbrev   0x0000000000000000     0x4c36
 .debug_abbrev  0x0000000000000000      0x2e7 Drivers/STM32F1xx_HAL_Driver/Src/stm32f1xx_hal.o
 .debug_abbrev  0x00000000000002e7      0x288 Drivers/STM32F1xx_HAL_Driver/Src/stm32f1xx_hal_adc.o
 .debug_abbrev  0x000000000000056f      0x2d3 Drivers/STM32F1xx_HAL_Driver/Src/stm32f1xx_hal_adc_ex.o
 .debug_abbrev  0x0000000000000842      0x3cd Drivers/STM32F1xx_HAL_Driver/Src/stm32f1xx_hal_cortex.o
 .debug_abbrev  0x0000000000000c0f      0x2e5 Drivers/STM32F1xx_HAL_Driver/Src/stm32f1xx_hal_dma.o
 .debug_abbrev  0x0000000000000ef4      0x2a7 Drivers/STM32F1xx_HAL_Driver/Src/stm32f1xx_hal_gpio.o
 .debug_abbrev  0x000000000000119b      0x322 Drivers/STM32F1xx_HAL_Driver/Src/stm32f1xx_hal_rcc.o
 .debug_abbrev  0x00000000000014bd      0x2b4 Drivers/STM32F1xx_HAL_Driver/Src/stm32f1xx_hal_rcc_ex.o
 .debug_abbrev  0x0000000000001771      0x2e1 Drivers/STM32F1xx_HAL_Driver/Src/stm32f1xx_hal_spi.o
 .debug_abbrev  0x0000000000001a52      0x209 Drivers/STM32F1xx_HAL_Driver/Src/stm32f1xx_hal_spi_ex.o
 .debug_abbrev  0x0000000000001c5b      0x2ef Drivers/STM32F1xx_HAL_Driver/Src/stm32f1xx_hal_tim.o
 .debug_abbrev  0x0000000000001f4a      0x2e0 Drivers/STM32F1xx_HAL_Driver/Src/stm32f1xx_hal_tim_ex.o
 .debug_abbrev  0x000000000000222a      0x308 Drivers/STM32F1xx_HAL_Driver/Src/stm32f1xx_hal_uart.o
 .debug_abbrev  0x0000000000002532      0x274 Src/adc.o
 .debug_abbrev  0x00000000000027a6      0x296 Src/bsp_ds1302.o
 .debug_abbrev  0x0000000000002a3c      0x29d Src/bsp_rs485.o
 .debug_abbrev  0x0000000000002cd9      0x2b7 Src/bsp_spi_flash.o
 .debug_abbrev  0x0000000000002f90      0x361 Src/bsp_usart_lcd.o
 .debug_abbrev  0x00000000000032f1      0x234 Src/dma.o
 .debug_abbrev  0x0000000000003525      0x245 Src/gpio.o
 .debug_abbrev  0x000000000000376a      0x3b2 Src/main.o
 .debug_abbrev  0x0000000000003b1c      0x258 Src/spi.o
 .debug_abbrev  0x0000000000003d74      0x234 Src/stm32f1xx_hal_msp.o
 .debug_abbrev  0x0000000000003fa8      0x288 Src/stm32f1xx_it.o
 .debug_abbrev  0x0000000000004230      0x228 Src/system_stm32f1xx.o
 .debug_abbrev  0x0000000000004458      0x272 Src/tim.o
 .debug_abbrev  0x00000000000046ca      0x2a6 Src/usart.o
 .debug_abbrev  0x0000000000004970       0x12 startup/startup_stm32f103xe.o
 .debug_abbrev  0x0000000000004982      0x2b4 startup/syscalls.o

.debug_loc      0x0000000000000000     0xdc11
 .debug_loc     0x0000000000000000       0x69 Drivers/STM32F1xx_HAL_Driver/Src/stm32f1xx_hal.o
 .debug_loc     0x0000000000000069      0x9fa Drivers/STM32F1xx_HAL_Driver/Src/stm32f1xx_hal_adc.o
 .debug_loc     0x0000000000000a63      0x798 Drivers/STM32F1xx_HAL_Driver/Src/stm32f1xx_hal_adc_ex.o
 .debug_loc     0x00000000000011fb      0x5ad Drivers/STM32F1xx_HAL_Driver/Src/stm32f1xx_hal_cortex.o
 .debug_loc     0x00000000000017a8      0x7a7 Drivers/STM32F1xx_HAL_Driver/Src/stm32f1xx_hal_dma.o
 .debug_loc     0x0000000000001f4f      0x443 Drivers/STM32F1xx_HAL_Driver/Src/stm32f1xx_hal_gpio.o
 .debug_loc     0x0000000000002392      0x480 Drivers/STM32F1xx_HAL_Driver/Src/stm32f1xx_hal_rcc.o
 .debug_loc     0x0000000000002812      0x30a Drivers/STM32F1xx_HAL_Driver/Src/stm32f1xx_hal_rcc_ex.o
 .debug_loc     0x0000000000002b1c     0x1958 Drivers/STM32F1xx_HAL_Driver/Src/stm32f1xx_hal_spi.o
 .debug_loc     0x0000000000004474       0x4d Drivers/STM32F1xx_HAL_Driver/Src/stm32f1xx_hal_spi_ex.o
 .debug_loc     0x00000000000044c1     0x3612 Drivers/STM32F1xx_HAL_Driver/Src/stm32f1xx_hal_tim.o
 .debug_loc     0x0000000000007ad3      0xf46 Drivers/STM32F1xx_HAL_Driver/Src/stm32f1xx_hal_tim_ex.o
 .debug_loc     0x0000000000008a19     0x1529 Drivers/STM32F1xx_HAL_Driver/Src/stm32f1xx_hal_uart.o
 .debug_loc     0x0000000000009f42       0x4a Src/adc.o
 .debug_loc     0x0000000000009f8c      0x255 Src/bsp_ds1302.o
 .debug_loc     0x000000000000a1e1      0x115 Src/bsp_rs485.o
 .debug_loc     0x000000000000a2f6      0x6db Src/bsp_spi_flash.o
 .debug_loc     0x000000000000a9d1      0xd3f Src/bsp_usart_lcd.o
 .debug_loc     0x000000000000b710     0x1e4f Src/main.o
 .debug_loc     0x000000000000d55f       0xa6 Src/spi.o
 .debug_loc     0x000000000000d605       0xdf Src/system_stm32f1xx.o
 .debug_loc     0x000000000000d6e4       0x68 Src/tim.o
 .debug_loc     0x000000000000d74c       0xc0 Src/usart.o
 .debug_loc     0x000000000000d80c      0x405 startup/syscalls.o

.debug_aranges  0x0000000000000000     0x1268
 .debug_aranges
                0x0000000000000000       0xb8 Drivers/STM32F1xx_HAL_Driver/Src/stm32f1xx_hal.o
 .debug_aranges
                0x00000000000000b8       0xf0 Drivers/STM32F1xx_HAL_Driver/Src/stm32f1xx_hal_adc.o
 .debug_aranges
                0x00000000000001a8       0x80 Drivers/STM32F1xx_HAL_Driver/Src/stm32f1xx_hal_adc_ex.o
 .debug_aranges
                0x0000000000000228       0x90 Drivers/STM32F1xx_HAL_Driver/Src/stm32f1xx_hal_cortex.o
 .debug_aranges
                0x00000000000002b8       0x80 Drivers/STM32F1xx_HAL_Driver/Src/stm32f1xx_hal_dma.o
 .debug_aranges
                0x0000000000000338       0x58 Drivers/STM32F1xx_HAL_Driver/Src/stm32f1xx_hal_gpio.o
 .debug_aranges
                0x0000000000000390       0x90 Drivers/STM32F1xx_HAL_Driver/Src/stm32f1xx_hal_rcc.o
 .debug_aranges