Component: ARM Compiler 5.06 update 2 (build 183) Tool: armlink [4d35b7]

==============================================================================

Section Cross References

    system_stm32f1xx.o(i.SystemCoreClockUpdate) refers to system_stm32f1xx.o(.data) for .data
    system_stm32f1xx.o(i.SystemCoreClockUpdate) refers to system_stm32f1xx.o(.constdata) for .constdata
    spi.o(i.HAL_SPI_MspDeInit) refers to stm32f1xx_hal_gpio.o(i.HAL_GPIO_DeInit) for HAL_GPIO_DeInit
    spi.o(i.HAL_SPI_MspInit) refers to stm32f1xx_hal_gpio.o(i.HAL_GPIO_Init) for HAL_GPIO_Init
    spi.o(i.MX_SPI1_Init) refers to stm32f1xx_hal_spi_ex.o(i.HAL_SPI_Init) for HAL_SPI_Init
    spi.o(i.MX_SPI1_Init) refers to main.o(i._Error_Handler) for _Error_Handler
    spi.o(i.MX_SPI1_Init) refers to spi.o(.bss) for .bss
    spi.o(i.MX_SPI2_Init) refers to stm32f1xx_hal_spi_ex.o(i.HAL_SPI_Init) for HAL_SPI_Init
    spi.o(i.MX_SPI2_Init) refers to main.o(i._Error_Handler) for _Error_Handler
    spi.o(i.MX_SPI2_Init) refers to spi.o(.bss) for .bss
    stm32f1xx_it.o(i.DMA1_Channel1_IRQHandler) refers to stm32f1xx_hal_dma.o(i.HAL_DMA_IRQHandler) for HAL_DMA_IRQHandler
    stm32f1xx_it.o(i.DMA1_Channel1_IRQHandler) refers to adc.o(.bss) for hdma_adc1
    stm32f1xx_it.o(i.DMA1_Channel4_IRQHandler) refers to stm32f1xx_hal_dma.o(i.HAL_DMA_IRQHandler) for HAL_DMA_IRQHandler
    stm32f1xx_it.o(i.DMA1_Channel4_IRQHandler) refers to usart.o(.bss) for hdma_usart1_tx
    stm32f1xx_it.o(i.DMA1_Channel5_IRQHandler) refers to stm32f1xx_hal_dma.o(i.HAL_DMA_IRQHandler) for HAL_DMA_IRQHandler
    stm32f1xx_it.o(i.DMA1_Channel5_IRQHandler) refers to usart.o(.bss) for hdma_usart1_rx
    stm32f1xx_it.o(i.DMA1_Channel6_IRQHandler) refers to stm32f1xx_hal_dma.o(i.HAL_DMA_IRQHandler) for HAL_DMA_IRQHandler
    stm32f1xx_it.o(i.DMA1_Channel6_IRQHandler) refers to usart.o(.bss) for hdma_usart2_rx
    stm32f1xx_it.o(i.DMA1_Channel7_IRQHandler) refers to stm32f1xx_hal_dma.o(i.HAL_DMA_IRQHandler) for HAL_DMA_IRQHandler
    stm32f1xx_it.o(i.DMA1_Channel7_IRQHandler) refers to usart.o(.bss) for hdma_usart2_tx
    stm32f1xx_it.o(i.EXTI15_10_IRQHandler) refers to stm32f1xx_hal_gpio.o(i.HAL_GPIO_EXTI_IRQHandler) for HAL_GPIO_EXTI_IRQHandler
    stm32f1xx_it.o(i.SysTick_Handler) refers to stm32f1xx_hal.o(i.HAL_IncTick) for HAL_IncTick
    stm32f1xx_it.o(i.SysTick_Handler) refers to stm32f1xx_hal_cortex.o(i.HAL_SYSTICK_IRQHandler) for HAL_SYSTICK_IRQHandler
    stm32f1xx_it.o(i.TIM2_IRQHandler) refers to main.o(i.HAL_TIM_PeriodElapsedCallback) for HAL_TIM_PeriodElapsedCallback
    stm32f1xx_it.o(i.TIM2_IRQHandler) refers to stm32f1xx_hal_tim.o(i.HAL_TIM_IRQHandler) for HAL_TIM_IRQHandler
    stm32f1xx_it.o(i.TIM2_IRQHandler) refers to tim.o(.bss) for htim2
    stm32f1xx_it.o(i.USART1_IRQHandler) refers to main.o(i.UART_RxIDLECallback) for UART_RxIDLECallback
    stm32f1xx_it.o(i.USART1_IRQHandler) refers to stm32f1xx_hal_uart.o(i.HAL_UART_IRQHandler) for HAL_UART_IRQHandler
    stm32f1xx_it.o(i.USART1_IRQHandler) refers to usart.o(.bss) for huart1
    stm32f1xx_it.o(i.USART2_IRQHandler) refers to main.o(i.UART_RxIDLECallback) for UART_RxIDLECallback
    stm32f1xx_it.o(i.USART2_IRQHandler) refers to stm32f1xx_hal_uart.o(i.HAL_UART_IRQHandler) for HAL_UART_IRQHandler
    stm32f1xx_it.o(i.USART2_IRQHandler) refers to usart.o(.bss) for huart2
    adc.o(i.HAL_ADC_MspDeInit) refers to stm32f1xx_hal_gpio.o(i.HAL_GPIO_DeInit) for HAL_GPIO_DeInit
    adc.o(i.HAL_ADC_MspDeInit) refers to stm32f1xx_hal_dma.o(i.HAL_DMA_DeInit) for HAL_DMA_DeInit
    adc.o(i.HAL_ADC_MspInit) refers to stm32f1xx_hal_gpio.o(i.HAL_GPIO_Init) for HAL_GPIO_Init
    adc.o(i.HAL_ADC_MspInit) refers to stm32f1xx_hal_dma.o(i.HAL_DMA_Init) for HAL_DMA_Init
    adc.o(i.HAL_ADC_MspInit) refers to main.o(i._Error_Handler) for _Error_Handler
    adc.o(i.HAL_ADC_MspInit) refers to adc.o(.bss) for .bss
    adc.o(i.MX_ADC1_Init) refers to stm32f1xx_hal_adc.o(i.HAL_ADC_Init) for HAL_ADC_Init
    adc.o(i.MX_ADC1_Init) refers to main.o(i._Error_Handler) for _Error_Handler
    adc.o(i.MX_ADC1_Init) refers to stm32f1xx_hal_adc.o(i.HAL_ADC_ConfigChannel) for HAL_ADC_ConfigChannel
    adc.o(i.MX_ADC1_Init) refers to adc.o(.bss) for .bss
    gpio.o(i.MX_GPIO_Init) refers to stm32f1xx_hal_gpio.o(i.HAL_GPIO_WritePin) for HAL_GPIO_WritePin
    gpio.o(i.MX_GPIO_Init) refers to stm32f1xx_hal_gpio.o(i.HAL_GPIO_Init) for HAL_GPIO_Init
    gpio.o(i.MX_GPIO_Init) refers to stm32f1xx_hal_cortex.o(i.HAL_NVIC_SetPriority) for HAL_NVIC_SetPriority
    gpio.o(i.MX_GPIO_Init) refers to stm32f1xx_hal_cortex.o(i.HAL_NVIC_EnableIRQ) for HAL_NVIC_EnableIRQ
    main.o(i.FloatToStr5) refers to memseta.o(.text) for __aeabi_memclr
    main.o(i.FloatToStr5) refers to fdiv.o(.text) for __aeabi_fdiv
    main.o(i.FloatToStr5) refers to ffixi.o(.text) for __aeabi_f2iz
    main.o(i.FloatToStr5) refers to fflti.o(.text) for __aeabi_i2f
[...]
    ..\\Src\\bsp_rs485.c                     0x00000000   Number         0  bsp_rs485.o ABSOLUTE
    ..\\Src\\bsp_spi_flash.c                 0x00000000   Number         0  bsp_spi_flash.o ABSOLUTE
    ..\\Src\\bsp_usart_lcd.c                 0x00000000   Number         0  bsp_usart_lcd.o ABSOLUTE
    ..\\Src\\tim.c                           0x00000000   Number         0  tim.o ABSOLUTE
    cfcmple.s                                0x00000000   Number         0  cfcmple.o ABSOLUTE
    cfrcmple.s                               0x00000000   Number         0  cfrcmple.o ABSOLUTE
    dc.s                                     0x00000000   Number         0  dc.o ABSOLUTE
    handlers.s                               0x00000000   Number         0  handlers.o ABSOLUTE
    init.s                                   0x00000000   Number         0  init.o ABSOLUTE
    startup_stm32f103xe.s                    0x00000000   Number         0  startup_stm32f103xe.o ABSOLUTE
    RESET                                    0x08000000   Section      304  startup_stm32f103xe.o(RESET)
    .ARM.Collect$$$$00000000                 0x08000130   Section        0  entry.o(.ARM.Collect$$$$00000000)
    .ARM.Collect$$$$00000001                 0x08000130   Section        4  entry2.o(.ARM.Collect$$$$00000001)
    .ARM.Collect$$$$00000004                 0x08000134   Section        4  entry5.o(.ARM.Collect$$$$00000004)
    .ARM.Collect$$$$00000008                 0x08000138   Section        0  entry7b.o(.ARM.Collect$$$$00000008)
    .ARM.Collect$$$$0000000A                 0x08000138   Section        0  entry8b.o(.ARM.Collect$$$$0000000A)
    .ARM.Collect$$$$0000000B                 0x08000138   Section        8  entry9a.o(.ARM.Collect$$$$0000000B)
    .ARM.Collect$$$$0000000D                 0x08000140   Section        0  entry10a.o(.ARM.Collect$$$$0000000D)
    .ARM.Collect$$$$0000000F                 0x08000140   Section        0  entry11a.o(.ARM.Collect$$$$0000000F)
    .ARM.Collect$$$$00002712                 0x08000140   Section        4  entry2.o(.ARM.Collect$$$$00002712)
    __lit__00000000                          0x08000140   Data           4  entry2.o(.ARM.Collect$$$$00002712)
    .text                                    0x08000144   Section       36  startup_stm32f103xe.o(.text)
    .text                                    0x08000168   Section        0  llushr.o(.text)
    .text                                    0x08000188   Section        0  memcpya.o(.text)
    .text                                    0x080001ac   Section        0  memseta.o(.text)
    .text                                    0x080001d0   Section        0  fadd.o(.text)
    .text                                    0x08000280   Section        0  fmul.o(.text)
    .text                                    0x080002e4   Section        0  fdiv.o(.text)
    .text                                    0x08000360   Section        0  dadd.o(.text)
    .text                                    0x080004ae   Section        0  dmul.o(.text)
    .text                                    0x08000592   Section        0  ddiv.o(.text)
    .text                                    0x08000670   Section        0  fflti.o(.text)
    .text                                    0x08000682   Section        0  dflti.o(.text)
    .text                                    0x080006a4   Section        0  dfltui.o(.text)
    .text                                    0x080006be   Section        0  ffixi.o(.text)
    .text                                    0x080006f0   Section        0  ffixui.o(.text)
    .text                                    0x08000718   Section        0  dfixi.o(.text)
    .text                                    0x08000756   Section        0  dfixui.o(.text)
    .text                                    0x08000788   Section        0  f2d.o(.text)
    .text                                    0x080007ae   Section        0  d2f.o(.text)
    .text                                    0x080007e8   Section       20  cfcmple.o(.text)
    .text                                    0x080007fc   Section       20  cfrcmple.o(.text)
    .text                                    0x08000810   Section        0  llshl.o(.text)
    .text                                    0x0800082e   Section        0  llsshr.o(.text)
    .text                                    0x08000852   Section        0  fepilogue.o(.text)
    .text                                    0x08000852   Section        0  iusefp.o(.text)
    .text                                    0x080008c0   Section        0  depilogue.o(.text)
    .text                                    0x0800097c   Section       36  init.o(.text)
    .text                                    0x080009a0   Section        0  __dczerorl2.o(.text)
    i.ADC_ConversionStop_Disable             0x080009f8   Section        0  stm32f1xx_hal_adc.o(i.ADC_ConversionStop_Disable)
    i.ADC_DMAConvCplt                        0x08000a44   Section        0  stm32f1xx_hal_adc.o(i.ADC_DMAConvCplt)
    i.ADC_DMAError                           0x08000a92   Section        0  stm32f1xx_hal_adc.o(i.ADC_DMAError)
    i.ADC_DMAHalfConvCplt                    0x08000aac   Section        0  stm32f1xx_hal_adc.o(i.ADC_DMAHalfConvCplt)
    i.ADC_Enable                             0x08000ab8   Section        0  stm32f1xx_hal_adc.o(i.ADC_Enable)
    i.BusFault_Handler                       0x08000b28   Section        0  stm32f1xx_it.o(i.BusFault_Handler)
    i.CRC16                                  0x08000b2c   Section        0  bsp_rs485.o(i.CRC16)
    i.DMA1_Channel1_IRQHandler               0x08000b58   Section        0  stm32f1xx_it.o(i.DMA1_Channel1_IRQHandler)
    i.DMA1_Channel4_IRQHandler               0x08000b64   Section        0  stm32f1xx_it.o(i.DMA1_Channel4_IRQHandler)
    i.DMA1_Channel5_IRQHandler               0x08000b70   Section        0  stm32f1xx_it.o(i.DMA1_Channel5_IRQHandler)
    i.DMA1_Channel6_IRQHandler               0x08000b7c   Section        0  stm32f1xx_it.o(i.DMA1_Channel6_IRQHandler)
    i.DMA1_Channel7_IRQHandler               0x08000b88   Section        0  stm32f1xx_it.o(i.DMA1_Channel7_IRQHandler)
    i.DMA_SetConfig                          0x08000b94   Section        0  stm32f1xx_hal_dma.o(i.DMA_SetConfig)
    DMA_SetConfig                            0x08000b95   Thumb Code    42  stm32f1xx_hal_dma.o(i.DMA_SetConfig)
    i.DebugMon_Handler                       0x08000bbe   Section        0  stm32f1xx_it.o(i.DebugMon_Handler)
    i.EXTI15_10_IRQHandler                   0x08000bc0   Section        0  stm32f1xx_it.o(i.EXTI15_10_IRQHandler)
    i.FloatToStr5                            0x08000bd8   Section        0  main.o(i.FloatToStr5)
    i.HAL_ADCEx_Calibration_Start            0x08000cf4   Section        0  stm32f1xx_hal_adc_ex.o(i.HAL_ADCEx_Calibration_Start)
    i.HAL_ADC_ConfigChannel                  0x08000dbc   Section        0  stm32f1xx_hal_adc.o(i.HAL_ADC_ConfigChannel)
    i.HAL_ADC_ConvCpltCallback               0x08000eb8   Section        0  main.o(i.HAL_ADC_ConvCpltCallback)
    i.HAL_ADC_ConvHalfCpltCallback           0x08000eba   Section        0  stm32f1xx_hal_adc.o(i.HAL_ADC_ConvHalfCpltCallback)
    i.HAL_ADC_ErrorCallback                  0x08000ebc   Section        0  stm32f1xx_hal_adc.o(i.HAL_ADC_ErrorCallback)
    i.HAL_ADC_Init                           0x08000ec0   Section        0  stm32f1xx_hal_adc.o(i.HAL_ADC_Init)
    i.HAL_ADC_MspInit                        0x08000fe4   Section        0  adc.o(i.HAL_ADC_MspInit)
    i.HAL_ADC_Start_DMA                      0x08001070   Section        0  stm32f1xx_hal_adc.o(i.HAL_ADC_Start_DMA)
    i.HAL_DMA_Abort                          0x0800117c   Section        0  stm32f1xx_hal_dma.o(i.HAL_DMA_Abort)
    i.HAL_DMA_Abort_IT                       0x080011ac   Section        0  stm32f1xx_hal_dma.o(i.HAL_DMA_Abort_IT)
    i.HAL_DMA_IRQHandler                     0x080012dc   Section        0  stm32f1xx_hal_dma.o(i.HAL_DMA_IRQHandler)
    i.HAL_DMA_Init                           0x08001524   Section        0  stm32f1xx_hal_dma.o(i.HAL_DMA_Init)
    i.HAL_DMA_Start_IT                       0x080015a8   Section        0  stm32f1xx_hal_dma.o(i.HAL_DMA_Start_IT)
    i.HAL_Delay                              0x08001618   Section        0  stm32f1xx_hal.o(i.HAL_Delay)
    i.HAL_GPIO_EXTI_Callback                 0x08001634   Section        0  main.o(i.HAL_GPIO_EXTI_Callback)
    i.HAL_GPIO_EXTI_IRQHandler               0x080016e4   Section        0  stm32f1xx_hal_gpio.o(i.HAL_GPIO_EXTI_IRQHandler)
    i.HAL_GPIO_Init                          0x080016fc   Section        0  stm32f1xx_hal_gpio.o(i.HAL_GPIO_Init)
    i.HAL_GPIO_ReadPin                       0x080018e4   Section        0  stm32f1xx_hal_gpio.o(i.HAL_GPIO_ReadPin)
    i.HAL_GPIO_WritePin                      0x080018ee   Section        0  stm32f1xx_hal_gpio.o(i.HAL_GPIO_WritePin)
    i.HAL_GetTick                            0x080018f8   Section        0  stm32f1xx_hal.o(i.HAL_GetTick)
    i.HAL_IncTick                            0x08001904   Section        0  stm32f1xx_hal.o(i.HAL_IncTick)
    i.HAL_Init                               0x08001914   Section        0  stm32f1xx_hal.o(i.HAL_Init)
    i.HAL_InitTick                           0x08001938   Section        0  stm32f1xx_hal.o(i.HAL_InitTick)
    i.HAL_MspInit                            0x08001960   Section        0  stm32f1xx_hal_msp.o(i.HAL_MspInit)
    i.HAL_NVIC_DisableIRQ                    0x080019e4   Section        0  stm32f1xx_hal_cortex.o(i.HAL_NVIC_DisableIRQ)
    i.HAL_NVIC_EnableIRQ                     0x080019fa   Section        0  stm32f1xx_hal_cortex.o(i.HAL_NVIC_EnableIRQ)
    i.HAL_NVIC_SetPriority                   0x08001a10   Section        0  stm32f1xx_hal_cortex.o(i.HAL_NVIC_SetPriority)
    i.HAL_NVIC_SetPriorityGrouping           0x08001a50   Section        0  stm32f1xx_hal_cortex.o(i.HAL_NVIC_SetPriorityGrouping)
    i.HAL_RCCEx_GetPeriphCLKFreq             0x08001a74   Section        0  stm32f1xx_hal_rcc_ex.o(i.HAL_RCCEx_GetPeriphCLKFreq)
    i.HAL_RCCEx_PeriphCLKConfig              0x08001b48   Section        0  stm32f1xx_hal_rcc_ex.o(i.HAL_RCCEx_PeriphCLKConfig)
    i.HAL_RCC_ClockConfig                    0x08001c34   Section        0  stm32f1xx_hal_rcc.o(i.HAL_RCC_ClockConfig)
    i.HAL_RCC_GetHCLKFreq                    0x08001d88   Section        0  stm32f1xx_hal_rcc.o(i.HAL_RCC_GetHCLKFreq)
    i.HAL_RCC_GetPCLK1Freq                   0x08001d94   Section        0  stm32f1xx_hal_rcc.o(i.HAL_RCC_GetPCLK1Freq)
    i.HAL_RCC_GetPCLK2Freq                   0x08001db4   Section        0  stm32f1xx_hal_rcc.o(i.HAL_RCC_GetPCLK2Freq)
    i.HAL_RCC_GetSysClockFreq                0x08001dd4   Section        0  stm32f1xx_hal_rcc.o(i.HAL_RCC_GetSysClockFreq)
    i.HAL_RCC_OscConfig                      0x08001e40   Section        0  stm32f1xx_hal_rcc.o(i.HAL_RCC_OscConfig)
    i.HAL_SPI_Init                           0x08002144   Section        0  stm32f1xx_hal_spi_ex.o(i.HAL_SPI_Init)
    i.HAL_SPI_MspInit                        0x080021c8   Section        0  spi.o(i.HAL_SPI_MspInit)
    i.HAL_SPI_TransmitReceive                0x08002258   Section        0  stm32f1xx_hal_spi.o(i.HAL_SPI_TransmitReceive)
    i.HAL_SYSTICK_CLKSourceConfig            0x08002430   Section        0  stm32f1xx_hal_cortex.o(i.HAL_SYSTICK_CLKSourceConfig)
    i.HAL_SYSTICK_Callback                   0x08002448   Section        0  stm32f1xx_hal_cortex.o(i.HAL_SYSTICK_Callback)
    i.HAL_SYSTICK_Config                     0x0800244a   Section        0  stm32f1xx_hal_cortex.o(i.HAL_SYSTICK_Config)
    i.HAL_SYSTICK_IRQHandler                 0x08002472   Section        0  stm32f1xx_hal_cortex.o(i.HAL_SYSTICK_IRQHandler)
    i.HAL_TIMEx_BreakCallback                0x0800247a   Section        0  stm32f1xx_hal_tim_ex.o(i.HAL_TIMEx_BreakCallback)
    i.HAL_TIMEx_CommutationCallback          0x0800247c   Section        0  stm32f1xx_hal_tim_ex.o(i.HAL_TIMEx_CommutationCallback)
    i.HAL_TIMEx_MasterConfigSynchronization  0x0800247e   Section        0  stm32f1xx_hal_tim_ex.o(i.HAL_TIMEx_MasterConfigSynchronization)
    i.HAL_TIM_Base_Init                      0x080024ce   Section        0  stm32f1xx_hal_tim.o(i.HAL_TIM_Base_Init)
    i.HAL_TIM_Base_MspInit                   0x08002504   Section        0  tim.o(i.HAL_TIM_Base_MspInit)
    i.HAL_TIM_Base_Start_IT                  0x0800253c   Section        0  stm32f1xx_hal_tim.o(i.HAL_TIM_Base_Start_IT)
    i.HAL_TIM_ConfigClockSource              0x08002554   Section        0  stm32f1xx_hal_tim.o(i.HAL_TIM_ConfigClockSource)
    i.HAL_TIM_IC_CaptureCallback             0x08002646   Section        0  stm32f1xx_hal_tim.o(i.HAL_TIM_IC_CaptureCallback)
    i.HAL_TIM_IRQHandler                     0x08002648   Section        0  stm32f1xx_hal_tim.o(i.HAL_TIM_IRQHandler)
    i.HAL_TIM_OC_DelayElapsedCallback        0x080027ae   Section        0  stm32f1xx_hal_tim.o(i.HAL_TIM_OC_DelayElapsedCallback)
    i.HAL_TIM_PWM_PulseFinishedCallback      0x080027b0   Section        0  stm32f1xx_hal_tim.o(i.HAL_TIM_PWM_PulseFinishedCallback)
    i.HAL_TIM_PeriodElapsedCallback          0x080027b4   Section        0  main.o(i.HAL_TIM_PeriodElapsedCallback)
    i.HAL_TIM_TriggerCallback                0x08002894   Section        0  stm32f1xx_hal_tim.o(i.HAL_TIM_TriggerCallback)
    i.HAL_UART_DMAStop                       0x08002896   Section        0  stm32f1xx_hal_uart.o(i.HAL_UART_DMAStop)
    i.HAL_UART_ErrorCallback                 0x080028ee   Section        0  stm32f1xx_hal_uart.o(i.HAL_UART_ErrorCallback)
    i.HAL_UART_IRQHandler                    0x080028f0   Section        0  stm32f1xx_hal_uart.o(i.HAL_UART_IRQHandler)
    i.HAL_UART_Init                          0x08002a00   Section        0  stm32f1xx_hal_uart.o(i.HAL_UART_Init)
    i.HAL_UART_MspInit                       0x08002a64   Section        0  usart.o(i.HAL_UART_MspInit)
    i.HAL_UART_Receive_DMA                   0x08002cd8   Section        0  stm32f1xx_hal_uart.o(i.HAL_UART_Receive_DMA)
    i.HAL_UART_RxCpltCallback                0x08002d70   Section        0  main.o(i.HAL_UART_RxCpltCallback)
    i.HAL_UART_RxHalfCpltCallback            0x08002d72   Section        0  stm32f1xx_hal_uart.o(i.HAL_UART_RxHalfCpltCallback)
    i.HAL_UART_Transmit                      0x08002d74   Section        0  stm32f1xx_hal_uart.o(i.HAL_UART_Transmit)
    i.HAL_UART_TxCpltCallback                0x08002e2e   Section        0  stm32f1xx_hal_uart.o(i.HAL_UART_TxCpltCallback)
    i.HardFault_Handler                      0x08002e30   Section        0  stm32f1xx_it.o(i.HardFault_Handler)
    i.IO_INPUT                               0x08002e34   Section        0  bsp_ds1302.o(i.IO_INPUT)
    i.IO_OUT                                 0x08002e54   Section        0  bsp_ds1302.o(i.IO_OUT)
    i.Line_1A_WTN5                           0x08002e74   Section        0  main.o(i.Line_1A_WTN5)
    i.MX_ADC1_Init                           0x08002f64   Section        0  adc.o(i.MX_ADC1_Init)
    i.MX_DMA_Init                            0x08002ffc   Section        0  dma.o(i.MX_DMA_Init)
    i.MX_GPIO_Init                           0x08003088   Section        0  gpio.o(i.MX_GPIO_Init)
    i.MX_SPI1_Init                           0x08003220   Section        0  spi.o(i.MX_SPI1_Init)
    i.MX_SPI2_Init                           0x0800327c   Section        0  spi.o(i.MX_SPI2_Init)
    i.MX_TIM2_Init                           0x080032d8   Section        0  tim.o(i.MX_TIM2_Init)
    i.MX_USART1_UART_Init                    0x08003350   Section        0  usart.o(i.MX_USART1_UART_Init)
    i.MX_USART2_UART_Init                    0x0800339c   Section        0  usart.o(i.MX_USART2_UART_Init)
    i.MX_USART3_UART_Init                    0x080033e8   Section        0  usart.o(i.MX_USART3_UART_Init)
    i.MemManage_Handler                      0x08003434   Section        0  stm32f1xx_it.o(i.MemManage_Handler)
    i.NMI_Handler                            0x08003436   Section        0  stm32f1xx_it.o(i.NMI_Handler)
    i.NVIC_SetPriority                       0x08003438   Section        0  stm32f1xx_hal_cortex.o(i.NVIC_SetPriority)
    NVIC_SetPriority                         0x08003439   Thumb Code    32  stm32f1xx_hal_cortex.o(i.NVIC_SetPriority)
    i.NotifyButton                           0x08003458   Section        0  bsp_usart_lcd.o(i.NotifyButton)
    i.NotifyMenu                             0x08003b5c   Section        0  bsp_usart_lcd.o(i.NotifyMenu)
    i.NotifyScreen                           0x08003c2c   Section        0  bsp_usart_lcd.o(i.NotifyScreen)
    i.NotifySelector                         0x0800402c   Section        0  bsp_usart_lcd.o(i.NotifySelector)
    i.NotifyText                             0x0800418c   Section        0  bsp_usart_lcd.o(i.NotifyText)
    i.PendSV_Handler                         0x08004408   Section        0  stm32f1xx_it.o(i.PendSV_Handler)
    i.ProcessUIMessage                       0x0800440a   Section        0  bsp_usart_lcd.o(i.ProcessUIMessage)
    i.RS485_Send_Data                        0x08004480   Section        0  bsp_rs485.o(i.RS485_Send_Data)
    i.SPI_CheckFlag_BSY                      0x080044d0   Section        0  stm32f1xx_hal_spi.o(i.SPI_CheckFlag_BSY)
    SPI_CheckFlag_BSY                        0x080044d1   Thumb Code    32  stm32f1xx_hal_spi.o(i.SPI_CheckFlag_BSY)
    i.SPI_FLASH_BufferRead                   0x080044f0   Section        0  bsp_spi_flash.o(i.SPI_FLASH_BufferRead)
    i.SPI_FLASH_BufferWrite                  0x0800454c   Section        0  bsp_spi_flash.o(i.SPI_FLASH_BufferWrite)
    i.SPI_FLASH_PageWrite                    0x08004608   Section        0  bsp_spi_flash.o(i.SPI_FLASH_PageWrite)
    i.SPI_FLASH_SectorErase                  0x08004670   Section        0  bsp_spi_flash.o(i.SPI_FLASH_SectorErase)
    i.SPI_FLASH_SendByte                     0x080046c0   Section        0  bsp_spi_flash.o(i.SPI_FLASH_SendByte)
    i.SPI_FLASH_WaitForWriteEnd              0x080046ec   Section        0  bsp_spi_flash.o(i.SPI_FLASH_WaitForWriteEnd)
    i.SPI_FLASH_WriteEnable                  0x08004720   Section        0  bsp_spi_flash.o(i.SPI_FLASH_WriteEnable)
    i.SPI_WaitFlagStateUntilTimeout          0x0800474c   Section        0  stm32f1xx_hal_spi.o(i.SPI_WaitFlagStateUntilTimeout)
    SPI_WaitFlagStateUntilTimeout            0x0800474d   Thumb Code   150  stm32f1xx_hal_spi.o(i.SPI_WaitFlagStateUntilTimeout)
    i.SVC_Handler                            0x080047e2   Section        0  stm32f1xx_it.o(i.SVC_Handler)
    i.StrToFloat                             0x080047e4   Section        0  main.o(i.StrToFloat)
    i.SysTick_Handler                        0x080048d8   Section        0  stm32f1xx_it.o(i.SysTick_Handler)
    i.SystemClock_Config                     0x080048e6   Section        0  main.o(i.SystemClock_Config)
    i.SystemInit                             0x08004960   Section        0  system_stm32f1xx.o(i.SystemInit)
    i.TIM2_IRQHandler                        0x080049a8   Section        0  stm32f1xx_it.o(i.TIM2_IRQHandler)
    i.TIM_Base_SetConfig                     0x080049c0   Section        0  stm32f1xx_hal_tim.o(i.TIM_Base_SetConfig)
    i.TIM_ETR_SetConfig                      0x08004a4c   Section        0  stm32f1xx_hal_tim.o(i.TIM_ETR_SetConfig)
    TIM_ETR_SetConfig                        0x08004a4d   Thumb Code    20  stm32f1xx_hal_tim.o(i.TIM_ETR_SetConfig)
    i.TIM_ITRx_SetConfig                     0x08004a60   Section        0  stm32f1xx_hal_tim.o(i.TIM_ITRx_SetConfig)
    TIM_ITRx_SetConfig                       0x08004a61   Thumb Code    16  stm32f1xx_hal_tim.o(i.TIM_ITRx_SetConfig)
    i.TIM_TI1_ConfigInputStage               0x08004a70   Section        0  stm32f1xx_hal_tim.o(i.TIM_TI1_ConfigInputStage)
    TIM_TI1_ConfigInputStage                 0x08004a71   Thumb Code    34  stm32f1xx_hal_tim.o(i.TIM_TI1_ConfigInputStage)
    i.TIM_TI2_ConfigInputStage               0x08004a92   Section        0  stm32f1xx_hal_tim.o(i.TIM_TI2_ConfigInputStage)
    TIM_TI2_ConfigInputStage                 0x08004a93   Thumb Code    36  stm32f1xx_hal_tim.o(i.TIM_TI2_ConfigInputStage)
    i.UART_DMAAbortOnError                   0x08004ab6   Section        0  stm32f1xx_hal_uart.o(i.UART_DMAAbortOnError)
    UART_DMAAbortOnError                     0x08004ab7   Thumb Code    16  stm32f1xx_hal_uart.o(i.UART_DMAAbortOnError)
    i.UART_DMAError                          0x08004ac6   Section        0  stm32f1xx_hal_uart.o(i.UART_DMAError)
    UART_DMAError                            0x08004ac7   Thumb Code    74  stm32f1xx_hal_uart.o(i.UART_DMAError)
    i.UART_DMAReceiveCplt                    0x08004b10   Section        0  stm32f1xx_hal_uart.o(i.UART_DMAReceiveCplt)
    UART_DMAReceiveCplt                      0x08004b11   Thumb Code    60  stm32f1xx_hal_uart.o(i.UART_DMAReceiveCplt)
    i.UART_DMARxHalfCplt                     0x08004b4c   Section        0  stm32f1xx_hal_uart.o(i.UART_DMARxHalfCplt)
    UART_DMARxHalfCplt                       0x08004b4d   Thumb Code    10  stm32f1xx_hal_uart.o(i.UART_DMARxHalfCplt)
    i.UART_EndRxTransfer                     0x08004b56   Section        0  stm32f1xx_hal_uart.o(i.UART_EndRxTransfer)
    UART_EndRxTransfer                       0x08004b57   Thumb Code    28  stm32f1xx_hal_uart.o(i.UART_EndRxTransfer)
    i.UART_EndTxTransfer                     0x08004b72   Section        0  stm32f1xx_hal_uart.o(i.UART_EndTxTransfer)
    UART_EndTxTransfer                       0x08004b73   Thumb Code    18  stm32f1xx_hal_uart.o(i.UART_EndTxTransfer)
    i.UART_Receive_IT                        0x08004b84   Section        0  stm32f1xx_hal_uart.o(i.UART_Receive_IT)
    UART_Receive_IT                          0x08004b85   Thumb Code   150  stm32f1xx_hal_uart.o(i.UART_Receive_IT)
    i.UART_RxIDLECallback                    0x08004c1c   Section        0  main.o(i.UART_RxIDLECallback)
    i.UART_SetConfig                         0x08004da0   Section        0  stm32f1xx_hal_uart.o(i.UART_SetConfig)
    UART_SetConfig                           0x08004da1   Thumb Code   364  stm32f1xx_hal_uart.o(i.UART_SetConfig)
    i.UART_Transmit_IT                       0x08004f10   Section        0  stm32f1xx_hal_uart.o(i.UART_Transmit_IT)
    UART_Transmit_IT                         0x08004f11   Thumb Code    98  stm32f1xx_hal_uart.o(i.UART_Transmit_IT)
    i.UART_WaitOnFlagUntilTimeout            0x08004f72   Section        0  stm32f1xx_hal_uart.o(i.UART_WaitOnFlagUntilTimeout)
    UART_WaitOnFlagUntilTimeout              0x08004f73   Thumb Code   100  stm32f1xx_hal_uart.o(i.UART_WaitOnFlagUntilTimeout)
    i.USART1_IRQHandler                      0x08004fd8   Section        0  stm32f1xx_it.o(i.USART1_IRQHandler)
    i.USART2_IRQHandler                      0x08004ff0   Section        0  stm32f1xx_it.o(i.USART2_IRQHandler)
    i.UsageFault_Handler                     0x08005008   Section        0  stm32f1xx_it.o(i.UsageFault_Handler)
    i._Error_Handler                         0x0800500a   Section        0  main.o(i._Error_Handler)
    i.__scatterload_copy                     0x0800500c   Section       14  handlers.o(i.__scatterload_copy)
    i.__scatterload_null                     0x0800501a   Section        2  handlers.o(i.__scatterload_null)
    i.__scatterload_zeroinit                 0x0800501c   Section       14  handlers.o(i.__scatterload_zeroinit)
    i.alarm_off                              0x0800502c   Section        0  main.o(i.alarm_off)
    i.alarm_on                               0x08005050   Section        0  main.o(i.alarm_on)
    i.application                            0x080050b8   Section        0  main.o(i.application)
    i.bsp_Delay_Nus                          0x08005404   Section        0  main.o(i.bsp_Delay_Nus)
    i.calcDays                               0x08005418   Section        0  main.o(i.calcDays)
    i.change_float_big_485rom                0x08005520   Section        0  main.o(i.change_float_big_485rom)
    i.checkLic                               0x0800553c   Section        0  main.o(i.checkLic)
    i.ds1302_init                            0x08005640   Section        0  bsp_ds1302.o(i.ds1302_init)
    i.ds1302_read                            0x08005698   Section        0  bsp_ds1302.o(i.ds1302_read)
    i.ds1302_write                           0x080056ec   Section        0  bsp_ds1302.o(i.ds1302_write)
    i.eepromReadSetting                      0x08005744   Section        0  main.o(i.eepromReadSetting)
    i.eepromWriteSetting                     0x080057d8   Section        0  main.o(i.eepromWriteSetting)
    i.factorySetting                         0x08005870   Section        0  main.o(i.factorySetting)
    i.getCurrentPage                         0x080059d8   Section        0  main.o(i.getCurrentPage)
    i.get_all                                0x08005a14   Section        0  bsp_ds1302.o(i.get_all)
    i.get_date                               0x08005a54   Section        0  bsp_ds1302.o(i.get_date)
    i.loadMainPage                           0x08005a98   Section        0  main.o(i.loadMainPage)
    i.main                                   0x080062ac   Section        0  main.o(i.main)
    i.selfTest                               0x080062dc   Section        0  main.o(i.selfTest)
    i.set485rom                              0x080067e4   Section        0  main.o(i.set485rom)
    i.setBluetooth                           0x08006968   Section        0  main.o(i.setBluetooth)
    i.set_time                               0x08006994   Section        0  bsp_ds1302.o(i.set_time)
    i.updateADC                              0x080069d4   Section        0  main.o(i.updateADC)
    i.updateLed                              0x08006bd0   Section        0  main.o(i.updateLed)
    i.updateUI                               0x08006d58   Section        0  main.o(i.updateUI)
    .constdata                               0x080072c8   Section       16  system_stm32f1xx.o(.constdata)
    .constdata                               0x080072d8   Section        8  system_stm32f1xx.o(.constdata)
    .data                                    0x20000000   Section        4  system_stm32f1xx.o(.data)
    .data                                    0x20000004   Section      244  main.o(.data)
    .data                                    0x200000f8   Section        1  main.o(.data)
    .data                                    0x200000fc   Section       39  bsp_ds1302.o(.data)
    .data                                    0x20000123   Section      512  bsp_rs485.o(.data)
    auchCRCHi                                0x20000123   Data         256  bsp_rs485.o(.data)
    auchCRCLo                                0x20000223   Data         256  bsp_rs485.o(.data)
    .data                                    0x20000323   Section        8  bsp_rs485.o(.data)
    .data                                    0x2000032b   Section        2  bsp_usart_lcd.o(.data)
    .data                                    0x2000032d   Section        2  bsp_usart_lcd.o(.data)
    .data                                    0x2000032f   Section      210  bsp_usart_lcd.o(.data)
    .data                                    0x20000401   Section      315  bsp_usart_lcd.o(.data)
    .data                                    0x2000053c   Section        4  stm32f1xx_hal.o(.data)
    .bss                                     0x20000540   Section      176  spi.o(.bss)
    .bss                                     0x200005f0   Section      116  adc.o(.bss)
    .bss                                     0x20000664   Section     1048  main.o(.bss)
    .bss                                     0x20000a7c   Section       13  main.o(.bss)
    .bss                                     0x20000a8c   Section      600  usart.o(.bss)
    .bss                                     0x20000ce4   Section       64  tim.o(.bss)
    STACK                                    0x20000d28   Section     1024  startup_stm32f103xe.o(STACK)

    Global Symbols

    Symbol Name                              Value     Ov Type        Size  Object(Section)

    BuildAttributes$$THM_ISAv4$P$D$K$B$S$PE$A:L22UL41UL21$X:L11$S22US41US21$IEEE1$IW$USESV6$~STKCKD$USESV7$~SHL$OTIME$ROPI$EBA8$MICROLIB$REQ8$PRES8$EABIv2 0x00000000   Number         0  anon$$obj.o ABSOLUTE
    __ARM_use_no_argv                        0x00000000   Number         0  main.o ABSOLUTE
    __cpp_initialize__aeabi_                  - Undefined Weak Reference
    __cxa_finalize                            - Undefined Weak Reference
    _clock_init                               - Undefined Weak Reference
    _microlib_exit                            - Undefined Weak Reference
    __Vectors_Size                           0x00000130   Number         0  startup_stm32f103xe.o ABSOLUTE
    __Vectors                                0x08000000   Data           4  startup_stm32f103xe.o(RESET)
    __Vectors_End                            0x08000130   Data           0  startup_stm32f103xe.o(RESET)
    __main                                   0x08000131   Thumb Code     0  entry.o(.ARM.Collect$$$$00000000)
    _main_stk                                0x08000131   Thumb Code     0  entry2.o(.ARM.Collect$$$$00000001)
    _main_scatterload                        0x08000135   Thumb Code     0  entry5.o(.ARM.Collect$$$$00000004)
    __main_after_scatterload                 0x08000139   Thumb Code     0  entry5.o(.ARM.Collect$$$$00000004)
    _main_clock                              0x08000139   Thumb Code     0  entry7b.o(.ARM.Collect$$$$00000008)
    _main_cpp_init                           0x08000139   Thumb Code     0  entry8b.o(.ARM.Collect$$$$0000000A)
    _main_init                               0x08000139   Thumb Code     0  entry9a.o(.ARM.Collect$$$$0000000B)
    __rt_final_cpp                           0x08000141   Thumb Code     0  entry10a.o(.ARM.Collect$$$$0000000D)
    __rt_final_exit                          0x08000141   Thumb Code     0  entry11a.o(.ARM.Collect$$$$0000000F)
    Reset_Handler                            0x08000145   Thumb Code     8  startup_stm32f103xe.o(.text)
    ADC1_2_IRQHandler                        0x0800015f   Thumb Code     0  startup_stm32f103xe.o(.text)
    ADC3_IRQHandler                          0x0800015f   Thumb Code     0  startup_stm32f103xe.o(.text)
    CAN1_RX1_IRQHandler                      0x0800015f   Thumb Code     0  startup_stm32f103xe.o(.text)
    CAN1_SCE_IRQHandler                      0x0800015f   Thumb Code     0  startup_stm32f103xe.o(.text)
    DMA1_Channel2_IRQHandler                 0x0800015f   Thumb Code     0  startup_stm32f103xe.o(.text)
    DMA1_Channel3_IRQHandler                 0x0800015f   Thumb Code     0  startup_stm32f103xe.o(.text)
    DMA2_Channel1_IRQHandler                 0x0800015f   Thumb Code     0  startup_stm32f103xe.o(.text)
    DMA2_Channel2_IRQHandler                 0x0800015f   Thumb Code     0  startup_stm32f103xe.o(.text)
    DMA2_Channel3_IRQHandler                 0x0800015f   Thumb Code     0  startup_stm32f103xe.o(.text)
    DMA2_Channel4_5_IRQHandler               0x0800015f   Thumb Code     0  startup_stm32f103xe.o(.text)
    EXTI0_IRQHandler                         0x0800015f   Thumb Code     0  startup_stm32f103xe.o(.text)
    EXTI1_IRQHandler                         0x0800015f   Thumb Code     0  startup_stm32f103xe.o(.text)
    EXTI2_IRQHandler                         0x0800015f   Thumb Code     0  startup_stm32f103xe.o(.text)
    EXTI3_IRQHandler                         0x0800015f   Thumb Code     0  startup_stm32f103xe.o(.text)
    EXTI4_IRQHandler                         0x0800015f   Thumb Code     0  startup_stm32f103xe.o(.text)
    EXTI9_5_IRQHandler                       0x0800015f   Thumb Code     0  startup_stm32f103xe.o(.text)
    FLASH_IRQHandler                         0x0800015f   Thumb Code     0  startup_stm32f103xe.o(.text)
    FSMC_IRQHandler                          0x0800015f   Thumb Code     0  startup_stm32f103xe.o(.text)
    I2C1_ER_IRQHandler                       0x0800015f   Thumb Code     0  startup_stm32f103xe.o(.text)
    I2C1_EV_IRQHandler                       0x0800015f   Thumb Code     0  startup_stm32f103xe.o(.text)
    I2C2_ER_IRQHandler                       0x0800015f   Thumb Code     0  startup_stm32f103xe.o(.text)
    I2C2_EV_IRQHandler                       0x0800015f   Thumb Code     0  startup_stm32f103xe.o(.text)
    PVD_IRQHandler                           0x0800015f   Thumb Code     0  startup_stm32f103xe.o(.text)
    RCC_IRQHandler                           0x0800015f   Thumb Code     0  startup_stm32f103xe.o(.text)
    RTC_Alarm_IRQHandler                     0x0800015f   Thumb Code     0  startup_stm32f103xe.o(.text)
    RTC_IRQHandler                           0x0800015f   Thumb Code     0  startup_stm32f103xe.o(.text)
    SDIO_IRQHandler                          0x0800015f   Thumb Code     0  startup_stm32f103xe.o(.text)
    SPI1_IRQHandler                          0x0800015f   Thumb Code     0  startup_stm32f103xe.o(.text)
    SPI2_IRQHandler                          0x0800015f   Thumb Code     0  startup_stm32f103xe.o(.text)
    SPI3_IRQHandler                          0x0800015f   Thumb Code     0  startup_stm32f103xe.o(.text)
    TAMPER_IRQHandler                        0x0800015f   Thumb Code     0  startup_stm32f103xe.o(.text)
    TIM1_BRK_IRQHandler                      0x0800015f   Thumb Code     0  startup_stm32f103xe.o(.text)
    TIM1_CC_IRQHandler                       0x0800015f   Thumb Code     0  startup_stm32f103xe.o(.text)
    TIM1_TRG_COM_IRQHandler                  0x0800015f   Thumb Code     0  startup_stm32f103xe.o(.text)
    TIM1_UP_IRQHandler                       0x0800015f   Thumb Code     0  startup_stm32f103xe.o(.text)
    TIM3_IRQHandler                          0x0800015f   Thumb Code     0  startup_stm32f103xe.o(.text)
    TIM4_IRQHandler                          0x0800015f   Thumb Code     0  startup_stm32f103xe.o(.text)
    TIM5_IRQHandler                          0x0800015f   Thumb Code     0  startup_stm32f103xe.o(.text)
    TIM6_IRQHandler                          0x0800015f   Thumb Code     0  startup_stm32f103xe.o(.text)
    TIM7_IRQHandler                          0x0800015f   Thumb Code     0  startup_stm32f103xe.o(.text)
    TIM8_BRK_IRQHandler                      0x0800015f   Thumb Code     0  startup_stm32f103xe.o(.text)
    TIM8_CC_IRQHandler                       0x0800015f   Thumb Code     0  startup_stm32f103xe.o(.text)
    TIM8_TRG_COM_IRQHandler                  0x0800015f   Thumb Code     0  startup_stm32f103xe.o(.text)
    TIM8_UP_IRQHandler                       0x0800015f   Thumb Code     0  startup_stm32f103xe.o(.text)
    UART4_IRQHandler                         0x0800015f   Thumb Code     0  startup_stm32f103xe.o(.text)
    UART5_IRQHandler                         0x0800015f   Thumb Code     0  startup_stm32f103xe.o(.text)
    USART3_IRQHandler                        0x0800015f   Thumb Code     0  startup_stm32f103xe.o(.text)
    USBWakeUp_IRQHandler                     0x0800015f   Thumb Code     0  startup_stm32f103xe.o(.text)
    USB_HP_CAN1_TX_IRQHandler                0x0800015f   Thumb Code     0  startup_stm32f103xe.o(.text)
    USB_LP_CAN1_RX0_IRQHandler               0x0800015f   Thumb Code     0  startup_stm32f103xe.o(.text)
    WWDG_IRQHandler                          0x0800015f   Thumb Code     0  startup_stm32f103xe.o(.text)
    __aeabi_llsr                             0x08000169   Thumb Code    32  llushr.o(.text)
    _ll_ushift_r                             0x08000169   Thumb Code     0  llushr.o(.text)
    __aeabi_memcpy                           0x08000189   Thumb Code    36  memcpya.o(.text)
    __aeabi_memcpy4                          0x08000189   Thumb Code     0  memcpya.o(.text)
    __aeabi_memcpy8                          0x08000189   Thumb Code     0  memcpya.o(.text)
    __aeabi_memset                           0x080001ad   Thumb Code    14  memseta.o(.text)
    __aeabi_memset4                          0x080001ad   Thumb Code     0  memseta.o(.text)
    __aeabi_memset8                          0x080001ad   Thumb Code     0  memseta.o(.text)
    __aeabi_memclr                           0x080001bb   Thumb Code     4  memseta.o(.text)
    __aeabi_memclr4                          0x080001bb   Thumb Code     0  memseta.o(.text)
    __aeabi_memclr8                          0x080001bb   Thumb Code     0  memseta.o(.text)
    _memset$wrapper                          0x080001bf   Thumb Code    18  memseta.o(.text)
    __aeabi_fadd                             0x080001d1   Thumb Code   164  fadd.o(.text)
    __aeabi_fsub                             0x08000275   Thumb Code     6  fadd.o(.text)
    __aeabi_frsub                            0x0800027b   Thumb Code     6  fadd.o(.text)
    __aeabi_fmul                             0x08000281   Thumb Code   100  fmul.o(.text)
    __aeabi_fdiv                             0x080002e5   Thumb Code   124  fdiv.o(.text)
    __aeabi_dadd                             0x08000361   Thumb Code   322  dadd.o(.text)
    __aeabi_dsub                             0x080004a3   Thumb Code     6  dadd.o(.text)
    __aeabi_drsub                            0x080004a9   Thumb Code     6  dadd.o(.text)
    __aeabi_dmul                             0x080004af   Thumb Code   228  dmul.o(.text)
    __aeabi_ddiv                             0x08000593   Thumb Code   222  ddiv.o(.text)
    __aeabi_i2f                              0x08000671   Thumb Code    18  fflti.o(.text)
    __aeabi_i2d                              0x08000683   Thumb Code    34  dflti.o(.text)
    __aeabi_ui2d                             0x080006a5   Thumb Code    26  dfltui.o(.text)
    __aeabi_f2iz                             0x080006bf   Thumb Code    50  ffixi.o(.text)
    __aeabi_f2uiz                            0x080006f1   Thumb Code    40  ffixui.o(.text)
    __aeabi_d2iz                             0x08000719   Thumb Code    62  dfixi.o(.text)
    __aeabi_d2uiz                            0x08000757   Thumb Code    50  dfixui.o(.text)
    __aeabi_f2d                              0x08000789   Thumb Code    38  f2d.o(.text)
    __aeabi_d2f                              0x080007af   Thumb Code    56  d2f.o(.text)
    __aeabi_cfcmpeq                          0x080007e9   Thumb Code     0  cfcmple.o(.text)
    __aeabi_cfcmple                          0x080007e9   Thumb Code    20  cfcmple.o(.text)
    __aeabi_cfrcmple                         0x080007fd   Thumb Code    20  cfrcmple.o(.text)
    __aeabi_llsl                             0x08000811   Thumb Code    30  llshl.o(.text)
    _ll_shift_l                              0x08000811   Thumb Code     0  llshl.o(.text)
    __aeabi_lasr                             0x0800082f   Thumb Code    36  llsshr.o(.text)
    _ll_sshift_r                             0x0800082f   Thumb Code     0  llsshr.o(.text)
    __I$use$fp                               0x08000853   Thumb Code     0  iusefp.o(.text)
    _float_round                             0x08000853   Thumb Code    18  fepilogue.o(.text)
    _float_epilogue                          0x08000865   Thumb Code    92  fepilogue.o(.text)
    _double_round                            0x080008c1   Thumb Code    30  depilogue.o(.text)
    _double_epilogue                         0x080008df   Thumb Code   156  depilogue.o(.text)
    __scatterload                            0x0800097d   Thumb Code    28  init.o(.text)
    __scatterload_rt2                        0x0800097d   Thumb Code     0  init.o(.text)
    __decompress                             0x080009a1   Thumb Code     0  __dczerorl2.o(.text)
    __decompress1                            0x080009a1   Thumb Code    86  __dczerorl2.o(.text)
    ADC_ConversionStop_Disable               0x080009f9   Thumb Code    76  stm32f1xx_hal_adc.o(i.ADC_ConversionStop_Disable)
    ADC_DMAConvCplt                          0x08000a45   Thumb Code    78  stm32f1xx_hal_adc.o(i.ADC_DMAConvCplt)
    ADC_DMAError                             0x08000a93   Thumb Code    26  stm32f1xx_hal_adc.o(i.ADC_DMAError)
    ADC_DMAHalfConvCplt                      0x08000aad   Thumb Code    10  stm32f1xx_hal_adc.o(i.ADC_DMAHalfConvCplt)
    ADC_Enable                               0x08000ab9   Thumb Code   104  stm32f1xx_hal_adc.o(i.ADC_Enable)
    BusFault_Handler                         0x08000b29   Thumb Code     2  stm32f1xx_it.o(i.BusFault_Handler)
    CRC16                                    0x08000b2d   Thumb Code    40  bsp_rs485.o(i.CRC16)
    DMA1_Channel1_IRQHandler                 0x08000b59   Thumb Code     6  stm32f1xx_it.o(i.DMA1_Channel1_IRQHandler)
    DMA1_Channel4_IRQHandler                 0x08000b65   Thumb Code     6  stm32f1xx_it.o(i.DMA1_Channel4_IRQHandler)
    DMA1_Channel5_IRQHandler                 0x08000b71   Thumb Code     6  stm32f1xx_it.o(i.DMA1_Channel5_IRQHandler)
    DMA1_Channel6_IRQHandler                 0x08000b7d   Thumb Code     6  stm32f1xx_it.o(i.DMA1_Channel6_IRQHandler)
    DMA1_Channel7_IRQHandler                 0x08000b89   Thumb Code     6  stm32f1xx_it.o(i.DMA1_Channel7_IRQHandler)
    DebugMon_Handler                         0x08000bbf   Thumb Code     2  stm32f1xx_it.o(i.DebugMon_Handler)
    EXTI15_10_IRQHandler                     0x08000bc1   Thumb Code    22  stm32f1xx_it.o(i.EXTI15_10_IRQHandler)
    FloatToStr5                              0x08000bd9   Thumb Code   262  main.o(i.FloatToStr5)
    HAL_ADCEx_Calibration_Start              0x08000cf5   Thumb Code   194  stm32f1xx_hal_adc_ex.o(i.HAL_ADCEx_Calibration_Start)
    HAL_ADC_ConfigChannel                    0x08000dbd   Thumb Code   240  stm32f1xx_hal_adc.o(i.HAL_ADC_ConfigChannel)
    HAL_ADC_ConvCpltCallback                 0x08000eb9   Thumb Code     2  main.o(i.HAL_ADC_ConvCpltCallback)
    HAL_ADC_ConvHalfCpltCallback             0x08000ebb   Thumb Code     2  stm32f1xx_hal_adc.o(i.HAL_ADC_ConvHalfCpltCallback)
    HAL_ADC_ErrorCallback                    0x08000ebd   Thumb Code     2  stm32f1xx_hal_adc.o(i.HAL_ADC_ErrorCallback)
    HAL_ADC_Init                             0x08000ec1   Thumb Code   276  stm32f1xx_hal_adc.o(i.HAL_ADC_Init)
    HAL_ADC_MspInit                          0x08000fe5   Thumb Code   104  adc.o(i.HAL_ADC_MspInit)
    HAL_ADC_Start_DMA                        0x08001071   Thumb Code   246  stm32f1xx_hal_adc.o(i.HAL_ADC_Start_DMA)
    HAL_DMA_Abort                            0x0800117d   Thumb Code    48  stm32f1xx_hal_dma.o(i.HAL_DMA_Abort)
    HAL_DMA_Abort_IT                         0x080011ad   Thumb Code   296  stm32f1xx_hal_dma.o(i.HAL_DMA_Abort_IT)
    HAL_DMA_IRQHandler                       0x080012dd   Thumb Code   552  stm32f1xx_hal_dma.o(i.HAL_DMA_IRQHandler)
    HAL_DMA_Init                             0x08001525   Thumb Code   120  stm32f1xx_hal_dma.o(i.HAL_DMA_Init)
    HAL_DMA_Start_IT                         0x080015a9   Thumb Code   112  stm32f1xx_hal_dma.o(i.HAL_DMA_Start_IT)
    HAL_Delay                                0x08001619   Thumb Code    28  stm32f1xx_hal.o(i.HAL_Delay)
    HAL_GPIO_EXTI_Callback                   0x08001635   Thumb Code   154  main.o(i.HAL_GPIO_EXTI_Callback)
    HAL_GPIO_EXTI_IRQHandler                 0x080016e5   Thumb Code    18  stm32f1xx_hal_gpio.o(i.HAL_GPIO_EXTI_IRQHandler)
    HAL_GPIO_Init                            0x080016fd   Thumb Code   446  stm32f1xx_hal_gpio.o(i.HAL_GPIO_Init)
    HAL_GPIO_ReadPin                         0x080018e5   Thumb Code    10  stm32f1xx_hal_gpio.o(i.HAL_GPIO_ReadPin)
    HAL_GPIO_WritePin                        0x080018ef   Thumb Code    10  stm32f1xx_hal_gpio.o(i.HAL_GPIO_WritePin)
    HAL_GetTick                              0x080018f9   Thumb Code     6  stm32f1xx_hal.o(i.HAL_GetTick)
    HAL_IncTick                              0x08001905   Thumb Code    10  stm32f1xx_hal.o(i.HAL_IncTick)
    HAL_Init                                 0x08001915   Thumb Code    32  stm32f1xx_hal.o(i.HAL_Init)
    HAL_InitTick                             0x08001939   Thumb Code    34  stm32f1xx_hal.o(i.HAL_InitTick)
    HAL_MspInit                              0x08001961   Thumb Code   122  stm32f1xx_hal_msp.o(i.HAL_MspInit)
    HAL_NVIC_DisableIRQ                      0x080019e5   Thumb Code    22  stm32f1xx_hal_cortex.o(i.HAL_NVIC_DisableIRQ)
    HAL_NVIC_EnableIRQ                       0x080019fb   Thumb Code    22  stm32f1xx_hal_cortex.o(i.HAL_NVIC_EnableIRQ)
    HAL_NVIC_SetPriority                     0x08001a11   Thumb Code    60  stm32f1xx_hal_cortex.o(i.HAL_NVIC_SetPriority)
    HAL_NVIC_SetPriorityGrouping             0x08001a51   Thumb Code    26  stm32f1xx_hal_cortex.o(i.HAL_NVIC_SetPriorityGrouping)
    HAL_RCCEx_GetPeriphCLKFreq               0x08001a75   Thumb Code   180  stm32f1xx_hal_rcc_ex.o(i.HAL_RCCEx_GetPeriphCLKFreq)
    HAL_RCCEx_PeriphCLKConfig                0x08001b49   Thumb Code   224  stm32f1xx_hal_rcc_ex.o(i.HAL_RCCEx_PeriphCLKConfig)
    HAL_RCC_ClockConfig                      0x08001c35   Thumb Code   322  stm32f1xx_hal_rcc.o(i.HAL_RCC_ClockConfig)
    HAL_RCC_GetHCLKFreq                      0x08001d89   Thumb Code     6  stm32f1xx_hal_rcc.o(i.HAL_RCC_GetHCLKFreq)
    HAL_RCC_GetPCLK1Freq                     0x08001d95   Thumb Code    20  stm32f1xx_hal_rcc.o(i.HAL_RCC_GetPCLK1Freq)
    HAL_RCC_GetPCLK2Freq                     0x08001db5   Thumb Code    20  stm32f1xx_hal_rcc.o(i.HAL_RCC_GetPCLK2Freq)
    HAL_RCC_GetSysClockFreq                  0x08001dd5   Thumb Code    74  stm32f1xx_hal_rcc.o(i.HAL_RCC_GetSysClockFreq)
    HAL_RCC_OscConfig                        0x08001e41   Thumb Code   750  stm32f1xx_hal_rcc.o(i.HAL_RCC_OscConfig)
    HAL_SPI_Init                             0x08002145   Thumb Code   130  stm32f1xx_hal_spi_ex.o(i.HAL_SPI_Init)
    HAL_SPI_MspInit                          0x080021c9   Thumb Code   122  spi.o(i.HAL_SPI_MspInit)
    HAL_SPI_TransmitReceive                  0x08002259   Thumb Code   472  stm32f1xx_hal_spi.o(i.HAL_SPI_TransmitReceive)
    HAL_SYSTICK_CLKSourceConfig              0x08002431   Thumb Code    24  stm32f1xx_hal_cortex.o(i.HAL_SYSTICK_CLKSourceConfig)
    HAL_SYSTICK_Callback                     0x08002449   Thumb Code     2  stm32f1xx_hal_cortex.o(i.HAL_SYSTICK_Callback)
    HAL_SYSTICK_Config                       0x0800244b   Thumb Code    40  stm32f1xx_hal_cortex.o(i.HAL_SYSTICK_Config)
    HAL_SYSTICK_IRQHandler                   0x08002473   Thumb Code     8  stm32f1xx_hal_cortex.o(i.HAL_SYSTICK_IRQHandler)
    HAL_TIMEx_BreakCallback                  0x0800247b   Thumb Code     2  stm32f1xx_hal_tim_ex.o(i.HAL_TIMEx_BreakCallback)
    HAL_TIMEx_CommutationCallback            0x0800247d   Thumb Code     2  stm32f1xx_hal_tim_ex.o(i.HAL_TIMEx_CommutationCallback)
    HAL_TIMEx_MasterConfigSynchronization    0x0800247f   Thumb Code    80  stm32f1xx_hal_tim_ex.o(i.HAL_TIMEx_MasterConfigSynchronization)
    HAL_TIM_Base_Init                        0x080024cf   Thumb Code    54  stm32f1xx_hal_tim.o(i.HAL_TIM_Base_Init)
    HAL_TIM_Base_MspInit                     0x08002505   Thumb Code    50  tim.o(i.HAL_TIM_Base_MspInit)
    HAL_TIM_Base_Start_IT                    0x0800253d   Thumb Code    24  stm32f1xx_hal_tim.o(i.HAL_TIM_Base_Start_IT)
    HAL_TIM_ConfigClockSource                0x08002555   Thumb Code   242  stm32f1xx_hal_tim.o(i.HAL_TIM_ConfigClockSource)
    HAL_TIM_IC_CaptureCallback               0x08002647   Thumb Code     2  stm32f1xx_hal_tim.o(i.HAL_TIM_IC_CaptureCallback)
    HAL_TIM_IRQHandler                       0x08002649   Thumb Code   358  stm32f1xx_hal_tim.o(i.HAL_TIM_IRQHandler)
    HAL_TIM_OC_DelayElapsedCallback          0x080027af   Thumb Code     2  stm32f1xx_hal_tim.o(i.HAL_TIM_OC_DelayElapsedCallback)
    HAL_TIM_PWM_PulseFinishedCallback        0x080027b1   Thumb Code     2  stm32f1xx_hal_tim.o(i.HAL_TIM_PWM_PulseFinishedCallback)
    HAL_TIM_PeriodElapsedCallback            0x080027b5   Thumb Code   208  main.o(i.HAL_TIM_PeriodElapsedCallback)
    HAL_TIM_TriggerCallback                  0x08002895   Thumb Code     2  stm32f1xx_hal_tim.o(i.HAL_TIM_TriggerCallback)
    HAL_UART_DMAStop                         0x08002897   Thumb Code    88  stm32f1xx_hal_uart.o(i.HAL_UART_DMAStop)
    HAL_UART_ErrorCallback                   0x080028ef   Thumb Code     2  stm32f1xx_hal_uart.o(i.HAL_UART_ErrorCallback)
    HAL_UART_IRQHandler                      0x080028f1   Thumb Code   266  stm32f1xx_hal_uart.o(i.HAL_UART_IRQHandler)
    HAL_UART_Init                            0x08002a01   Thumb Code    98  stm32f1xx_hal_uart.o(i.HAL_UART_Init)
    HAL_UART_MspInit                         0x08002a65   Thumb Code   576  usart.o(i.HAL_UART_MspInit)
    HAL_UART_Receive_DMA                     0x08002cd9   Thumb Code   138  stm32f1xx_hal_uart.o(i.HAL_UART_Receive_DMA)
    HAL_UART_RxCpltCallback                  0x08002d71   Thumb Code     2  main.o(i.HAL_UART_RxCpltCallback)
    HAL_UART_RxHalfCpltCallback              0x08002d73   Thumb Code     2  stm32f1xx_hal_uart.o(i.HAL_UART_RxHalfCpltCallback)
    HAL_UART_Transmit                        0x08002d75   Thumb Code   186  stm32f1xx_hal_uart.o(i.HAL_UART_Transmit)
    HAL_UART_TxCpltCallback                  0x08002e2f   Thumb Code     2  stm32f1xx_hal_uart.o(i.HAL_UART_TxCpltCallback)
    HardFault_Handler                        0x08002e31   Thumb Code     2  stm32f1xx_it.o(i.HardFault_Handler)
    IO_INPUT                                 0x08002e35   Thumb Code    28  bsp_ds1302.o(i.IO_INPUT)
    IO_OUT                                   0x08002e55   Thumb Code    26  bsp_ds1302.o(i.IO_OUT)
    Line_1A_WTN5                             0x08002e75   Thumb Code   234  main.o(i.Line_1A_WTN5)
    MX_ADC1_Init                             0x08002f65   Thumb Code   128  adc.o(i.MX_ADC1_Init)
    MX_DMA_Init                              0x08002ffd   Thumb Code   136  dma.o(i.MX_DMA_Init)
    MX_GPIO_Init                             0x08003089   Thumb Code   378  gpio.o(i.MX_GPIO_Init)
    MX_SPI1_Init                             0x08003221   Thumb Code    66  spi.o(i.MX_SPI1_Init)
    MX_SPI2_Init                             0x0800327d   Thumb Code    68  spi.o(i.MX_SPI2_Init)
    MX_TIM2_Init                             0x080032d9   Thumb Code    98  tim.o(i.MX_TIM2_Init)
    MX_USART1_UART_Init                      0x08003351   Thumb Code    52  usart.o(i.MX_USART1_UART_Init)
    MX_USART2_UART_Init                      0x0800339d   Thumb Code    52  usart.o(i.MX_USART2_UART_Init)
    MX_USART3_UART_Init                      0x080033e9   Thumb Code    52  usart.o(i.MX_USART3_UART_Init)
    MemManage_Handler                        0x08003435   Thumb Code     2  stm32f1xx_it.o(i.MemManage_Handler)
    NMI_Handler                              0x08003437   Thumb Code     2  stm32f1xx_it.o(i.NMI_Handler)
    NotifyButton                             0x08003459   Thumb Code  1768  bsp_usart_lcd.o(i.NotifyButton)
    NotifyMenu                               0x08003b5d   Thumb Code   182  bsp_usart_lcd.o(i.NotifyMenu)
    NotifyScreen                             0x08003c2d   Thumb Code   968  bsp_usart_lcd.o(i.NotifyScreen)
    NotifySelector                           0x0800402d   Thumb Code   276  bsp_usart_lcd.o(i.NotifySelector)
    NotifyText                               0x0800418d   Thumb Code   612  bsp_usart_lcd.o(i.NotifyText)
    PendSV_Handler                           0x08004409   Thumb Code     2  stm32f1xx_it.o(i.PendSV_Handler)
    ProcessUIMessage                         0x0800440b   Thumb Code   118  bsp_usart_lcd.o(i.ProcessUIMessage)
    RS485_Send_Data                          0x08004481   Thumb Code    72  bsp_rs485.o(i.RS485_Send_Data)
    SPI_FLASH_BufferRead                     0x080044f1   Thumb Code    88  bsp_spi_flash.o(i.SPI_FLASH_BufferRead)
    SPI_FLASH_BufferWrite                    0x0800454d   Thumb Code   188  bsp_spi_flash.o(i.SPI_FLASH_BufferWrite)
    SPI_FLASH_PageWrite                      0x08004609   Thumb Code   100  bsp_spi_flash.o(i.SPI_FLASH_PageWrite)
    SPI_FLASH_SectorErase                    0x08004671   Thumb Code    74  bsp_spi_flash.o(i.SPI_FLASH_SectorErase)
    SPI_FLASH_SendByte                       0x080046c1   Thumb Code    38  bsp_spi_flash.o(i.SPI_FLASH_SendByte)
    SPI_FLASH_WaitForWriteEnd                0x080046ed   Thumb Code    48  bsp_spi_flash.o(i.SPI_FLASH_WaitForWriteEnd)
    SPI_FLASH_WriteEnable                    0x08004721   Thumb Code    38  bsp_spi_flash.o(i.SPI_FLASH_WriteEnable)
    SVC_Handler                              0x080047e3   Thumb Code     2  stm32f1xx_it.o(i.SVC_Handler)
    StrToFloat                               0x080047e5   Thumb Code   230  main.o(i.StrToFloat)
    SysTick_Handler                          0x080048d9   Thumb Code    14  stm32f1xx_it.o(i.SysTick_Handler)
    SystemClock_Config                       0x080048e7   Thumb Code   122  main.o(i.SystemClock_Config)
    SystemInit                               0x08004961   Thumb Code    56  system_stm32f1xx.o(i.SystemInit)
    TIM2_IRQHandler                          0x080049a9   Thumb Code    18  stm32f1xx_it.o(i.TIM2_IRQHandler)
    TIM_Base_SetConfig                       0x080049c1   Thumb Code   120  stm32f1xx_hal_tim.o(i.TIM_Base_SetConfig)
    UART_RxIDLECallback                      0x08004c1d   Thumb Code   346  main.o(i.UART_RxIDLECallback)
    USART1_IRQHandler                        0x08004fd9   Thumb Code    18  stm32f1xx_it.o(i.USART1_IRQHandler)
    USART2_IRQHandler                        0x08004ff1   Thumb Code    18  stm32f1xx_it.o(i.USART2_IRQHandler)
    UsageFault_Handler                       0x08005009   Thumb Code     2  stm32f1xx_it.o(i.UsageFault_Handler)
    _Error_Handler                           0x0800500b   Thumb Code     2  main.o(i._Error_Handler)
    __scatterload_copy                       0x0800500d   Thumb Code    14  handlers.o(i.__scatterload_copy)
    __scatterload_null                       0x0800501b   Thumb Code     2  handlers.o(i.__scatterload_null)
    __scatterload_zeroinit                   0x0800501d   Thumb Code    14  handlers.o(i.__scatterload_zeroinit)
    alarm_off                                0x0800502d   Thumb Code    32  main.o(i.alarm_off)
    alarm_on                                 0x08005051   Thumb Code    90  main.o(i.alarm_on)
    application                              0x080050b9   Thumb Code   742  main.o(i.application)
    bsp_Delay_Nus                            0x08005405   Thumb Code    18  main.o(i.bsp_Delay_Nus)
    calcDays                                 0x08005419   Thumb Code   248  main.o(i.calcDays)
    change_float_big_485rom                  0x08005521   Thumb Code    24  main.o(i.change_float_big_485rom)
    checkLic                                 0x0800553d   Thumb Code   244  main.o(i.checkLic)
    ds1302_init                              0x08005641   Thumb Code    82  bsp_ds1302.o(i.ds1302_init)
    ds1302_read                              0x08005699   Thumb Code    78  bsp_ds1302.o(i.ds1302_read)
    ds1302_write                             0x080056ed   Thumb Code    84  bsp_ds1302.o(i.ds1302_write)
    eepromReadSetting                        0x08005745   Thumb Code   142  main.o(i.eepromReadSetting)
    eepromWriteSetting                       0x080057d9   Thumb Code   148  main.o(i.eepromWriteSetting)
    factorySetting                           0x08005871   Thumb Code   352  main.o(i.factorySetting)
    getCurrentPage                           0x080059d9   Thumb Code    56  main.o(i.getCurrentPage)
    get_all                                  0x08005a15   Thumb Code    54  bsp_ds1302.o(i.get_all)
    get_date                                 0x08005a55   Thumb Code    62  bsp_ds1302.o(i.get_date)
    loadMainPage                             0x08005a99   Thumb Code  2028  main.o(i.loadMainPage)
    main                                     0x080062ad   Thumb Code    48  main.o(i.main)
    selfTest                                 0x080062dd   Thumb Code  1278  main.o(i.selfTest)
    set485rom                                0x080067e5   Thumb Code   380  main.o(i.set485rom)
    setBluetooth                             0x08006969   Thumb Code    26  main.o(i.setBluetooth)
    set_time                                 0x08006995   Thumb Code    54  bsp_ds1302.o(i.set_time)
    updateADC                                0x080069d5   Thumb Code   468  main.o(i.updateADC)
    updateLed                                0x08006bd1   Thumb Code   380  main.o(i.updateLed)
    updateUI                                 0x08006d59   Thumb Code  1380  main.o(i.updateUI)
    AHBPrescTable                            0x080072c8   Data          16  system_stm32f1xx.o(.constdata)
    APBPrescTable                            0x080072d8   Data           8  system_stm32f1xx.o(.constdata)
    Region$$Table$$Base                      0x080072e0   Number         0  anon$$obj.o(Region$$Table)
    Region$$Table$$Limit                     0x08007300   Number         0  anon$$obj.o(Region$$Table)
    SystemCoreClock                          0x20000000   Data           4  system_stm32f1xx.o(.data)
    RS232_recvEndFlag                        0x20000004   Data           1  main.o(.data)
    RS232_recvLength                         0x20000005   Data           1  main.o(.data)
    currentPage                              0x20000006   Data           1  main.o(.data)
    lastPage                                 0x20000007   Data           1  main.o(.data)
    getUIFlag                                0x20000008   Data           1  main.o(.data)
    licFlag                                  0x20000009   Data           1  main.o(.data)
    testFlag                                 0x2000000a   Data           1  main.o(.data)
    bluetoothFlag                            0x2000000b   Data           1  main.o(.data)
    ADCFlag                                  0x2000000c   Data           1  main.o(.data)
    bebe                                     0x2000000d   Data           1  main.o(.data)
    muteFlag                                 0x2000000e   Data           1  main.o(.data)
    alarmFlag                                0x2000000f   Data           1  main.o(.data)
    ledFlag                                  0x20000010   Data           3  main.o(.data)
    timeStamp                                0x20000014   Data           4  main.o(.data)
    currentTime                              0x20000018   Data           4  main.o(.data)
    minTick                                  0x2000001c   Data           4  main.o(.data)
    multiUICMD                               0x20000020   Data          60  main.o(.data)
    statusColorCMD                           0x2000005c   Data          39  main.o(.data)
    numColorCMD                              0x20000083   Data          39  main.o(.data)
    percentPicCMD                            0x200000aa   Data          36  main.o(.data)
    volumePicCMD                             0x200000ce   Data          12  main.o(.data)
    licPassedCMD                             0x200000da   Data          11  main.o(.data)
    licFailedCMD                             0x200000e5   Data          19  main.o(.data)
    currentCHN                               0x200000f8   Data           1  main.o(.data)
    month                                    0x200000fc   Data           1  bsp_ds1302.o(.data)
    date                                     0x200000fd   Data           1  bsp_ds1302.o(.data)
    hour                                     0x200000fe   Data           1  bsp_ds1302.o(.data)
    min                                      0x200000ff   Data           1  bsp_ds1302.o(.data)
    sec                                      0x20000100   Data           1  bsp_ds1302.o(.data)
    year                                     0x20000104   Data           4  bsp_ds1302.o(.data)
    date_1302                                0x20000108   Data           6  bsp_ds1302.o(.data)
    time_1302                                0x2000010e   Data           6  bsp_ds1302.o(.data)
    table                                    0x20000114   Data           7  bsp_ds1302.o(.data)
    time_tab                                 0x2000011b   Data           8  bsp_ds1302.o(.data)
    RS485_RX_BUF                             0x20000323   Data           8  bsp_rs485.o(.data)
    setTextGreen                             0x2000032b   Data           2  bsp_usart_lcd.o(.data)
    setTextRed                               0x2000032d   Data           2  bsp_usart_lcd.o(.data)
    enName                                   0x2000032f   Data         210  bsp_usart_lcd.o(.data)
    cnName                                   0x20000401   Data         315  bsp_usart_lcd.o(.data)
    uwTick                                   0x2000053c   Data           4  stm32f1xx_hal.o(.data)
    hspi1                                    0x20000540   Data          88  spi.o(.bss)
    hspi2                                    0x20000598   Data          88  spi.o(.bss)
    hadc1                                    0x200005f0   Data          48  adc.o(.bss)
    hdma_adc1                                0x20000620   Data          68  adc.o(.bss)
    g_adc_Temp_filter                        0x20000664   Data          12  main.o(.bss)
    gg_adc_Temp_filter                       0x20000670   Data          12  main.o(.bss)
    adc_count                                0x2000067c   Data          12  main.o(.bss)
    adc_index                                0x20000688   Data          12  main.o(.bss)
    adc_Temp_filter                          0x20000694   Data          12  main.o(.bss)
    float_ADCValue                           0x200006a0   Data          12  main.o(.bss)
    k                                        0x200006ac   Data          12  main.o(.bss)
    b                                        0x200006b8   Data          12  main.o(.bss)
    rom485                                   0x200006c4   Data         256  main.o(.bss)
    BLUETOOTH_RX_BUF                         0x200007c4   Data          60  main.o(.bss)
    RS232_RX_BUF                             0x20000800   Data          60  main.o(.bss)
    ADC_ConvertedValue                       0x2000083c   Data          12  main.o(.bss)
    adcTemp                                  0x20000848   Data         240  main.o(.bss)
    val_20mA                                 0x20000938   Data          12  main.o(.bss)
    val_4mA                                  0x20000944   Data          12  main.o(.bss)
    saveData                                 0x20000950   Data         300  main.o(.bss)
    inputPassword                            0x20000a7c   Data          13  main.o(.bss)
    huart1                                   0x20000a8c   Data          64  usart.o(.bss)
    huart2                                   0x20000acc   Data          64  usart.o(.bss)
    huart3                                   0x20000b0c   Data          64  usart.o(.bss)
    hdma_usart1_rx                           0x20000b4c   Data          68  usart.o(.bss)
    hdma_usart1_tx                           0x20000b90   Data          68  usart.o(.bss)
    hdma_usart2_rx                           0x20000bd4   Data          68  usart.o(.bss)
    hdma_usart2_tx                           0x20000c18   Data          68  usart.o(.bss)
    hdma_usart3_rx                           0x20000c5c   Data          68  usart.o(.bss)
    hdma_usart3_tx                           0x20000ca0   Data          68  usart.o(.bss)
    htim2                                    0x20000ce4   Data          64  tim.o(.bss)
    __initial_sp                             0x20001128   Data           0  startup_stm32f103xe.o(STACK)



==============================================================================

Memory Map of the image

  Image Entry point : 0x08000131

  Load Region LR_IROM1 (Base: 0x08000000, Size: 0x00007840, Max: 0x00080000, ABSOLUTE, COMPRESSED[0x000075b0])

    Execution Region ER_IROM1 (Base: 0x08000000, Size: 0x00007300, Max: 0x00080000, ABSOLUTE)

    Base Addr    Size         Type   Attr      Idx    E Section Name        Object

    0x08000000   0x00000130   Data   RO         3863    RESET               startup_stm32f103xe.o
    0x08000130   0x00000000   Code   RO         3868  * .ARM.Collect$$$$00000000  mc_w.l(entry.o)
    0x08000130   0x00000004   Code   RO         3913    .ARM.Collect$$$$00000001  mc_w.l(entry2.o)
    0x08000134   0x00000004   Code   RO         3916    .ARM.Collect$$$$00000004  mc_w.l(entry5.o)
    0x08000138   0x00000000   Code   RO         3918    .ARM.Collect$$$$00000008  mc_w.l(entry7b.o)
    0x08000138   0x00000000   Code   RO         3920    .ARM.Collect$$$$0000000A  mc_w.l(entry8b.o)
    0x08000138   0x00000008   Code   RO         3921    .ARM.Collect$$$$0000000B  mc_w.l(entry9a.o)
    0x08000140   0x00000000   Code   RO         3923    .ARM.Collect$$$$0000000D  mc_w.l(entry10a.o)
    0x08000140   0x00000000   Code   RO         3925    .ARM.Collect$$$$0000000F  mc_w.l(entry11a.o)
    0x08000140   0x00000004   Code   RO         3914    .ARM.Collect$$$$00002712  mc_w.l(entry2.o)
    0x08000144   0x00000024   Code   RO         3864    .text               startup_stm32f103xe.o
    0x08000168   0x00000020   Code   RO         3871    .text               mc_w.l(llushr.o)
    0x08000188   0x00000024   Code   RO         3873    .text               mc_w.l(memcpya.o)
    0x080001ac   0x00000024   Code   RO         3875    .text               mc_w.l(memseta.o)
    0x080001d0   0x000000b0   Code   RO         3879    .text               mf_w.l(fadd.o)
    0x08000280   0x00000064   Code   RO         3881    .text               mf_w.l(fmul.o)
    0x080002e4   0x0000007c   Code   RO         3883    .text               mf_w.l(fdiv.o)
    0x08000360   0x0000014e   Code   RO         3885    .text               mf_w.l(dadd.o)
    0x080004ae   0x000000e4   Code   RO         3887    .text               mf_w.l(dmul.o)
    0x08000592   0x000000de   Code   RO         3889    .text               mf_w.l(ddiv.o)
    0x08000670   0x00000012   Code   RO         3891    .text               mf_w.l(fflti.o)
    0x08000682   0x00000022   Code   RO         3893    .text               mf_w.l(dflti.o)
    0x080006a4   0x0000001a   Code   RO         3895    .text               mf_w.l(dfltui.o)
    0x080006be   0x00000032   Code   RO         3897    .text               mf_w.l(ffixi.o)
    0x080006f0   0x00000028   Code   RO         3899    .text               mf_w.l(ffixui.o)
    0x08000718   0x0000003e   Code   RO         3901    .text               mf_w.l(dfixi.o)
    0x08000756   0x00000032   Code   RO         3903    .text               mf_w.l(dfixui.o)
    0x08000788   0x00000026   Code   RO         3905    .text               mf_w.l(f2d.o)
    0x080007ae   0x00000038   Code   RO         3907    .text               mf_w.l(d2f.o)
    0x080007e6   0x00000002   PAD
    0x080007e8   0x00000014   Code   RO         3909    .text               mf_w.l(cfcmple.o)
    0x080007fc   0x00000014   Code   RO         3911    .text               mf_w.l(cfrcmple.o)
    0x08000810   0x0000001e   Code   RO         3927    .text               mc_w.l(llshl.o)
    0x0800082e   0x00000024   Code   RO         3929    .text               mc_w.l(llsshr.o)
    0x08000852   0x00000000   Code   RO         3931    .text               mc_w.l(iusefp.o)
    0x08000852   0x0000006e   Code   RO         3932    .text               mf_w.l(fepilogue.o)
    0x080008c0   0x000000ba   Code   RO         3934    .text               mf_w.l(depilogue.o)
    0x0800097a   0x00000002   PAD
    0x0800097c   0x00000024   Code   RO         3936    .text               mc_w.l(init.o)
    0x080009a0   0x00000056   Code   RO         3946    .text               mc_w.l(__dczerorl2.o)
    0x080009f6   0x00000002   PAD
    0x080009f8   0x0000004c   Code   RO         2944    i.ADC_ConversionStop_Disable  stm32f1xx_hal_adc.o
    0x08000a44   0x0000004e   Code   RO         2945    i.ADC_DMAConvCplt   stm32f1xx_hal_adc.o
    0x08000a92   0x0000001a   Code   RO         2946    i.ADC_DMAError      stm32f1xx_hal_adc.o
    0x08000aac   0x0000000a   Code   RO         2947    i.ADC_DMAHalfConvCplt  stm32f1xx_hal_adc.o
    0x08000ab6   0x00000002   PAD
    0x08000ab8   0x00000070   Code   RO         2948    i.ADC_Enable        stm32f1xx_hal_adc.o
    0x08000b28   0x00000002   Code   RO          186    i.BusFault_Handler  stm32f1xx_it.o
    0x08000b2a   0x00000002   PAD
    0x08000b2c   0x0000002c   Code   RO          917    i.CRC16             bsp_rs485.o
    0x08000b58   0x0000000c   Code   RO          187    i.DMA1_Channel1_IRQHandler  stm32f1xx_it.o
    0x08000b64   0x0000000c   Code   RO          188    i.DMA1_Channel4_IRQHandler  stm32f1xx_it.o
    0x08000b70   0x0000000c   Code   RO          189    i.DMA1_Channel5_IRQHandler  stm32f1xx_it.o
    0x08000b7c   0x0000000c   Code   RO          190    i.DMA1_Channel6_IRQHandler  stm32f1xx_it.o
    0x08000b88   0x0000000c   Code   RO          191    i.DMA1_Channel7_IRQHandler  stm32f1xx_it.o
    0x08000b94   0x0000002a   Code   RO         2026    i.DMA_SetConfig     stm32f1xx_hal_dma.o
    0x08000bbe   0x00000002   Code   RO          192    i.DebugMon_Handler  stm32f1xx_it.o
    0x08000bc0   0x00000016   Code   RO          193    i.EXTI15_10_IRQHandler  stm32f1xx_it.o
    0x08000bd6   0x00000002   PAD
    0x08000bd8   0x0000011c   Code   RO          385    i.FloatToStr5       main.o
    0x08000cf4   0x000000c8   Code   RO         1828    i.HAL_ADCEx_Calibration_Start  stm32f1xx_hal_adc_ex.o
    0x08000dbc   0x000000fc   Code   RO         2950    i.HAL_ADC_ConfigChannel  stm32f1xx_hal_adc.o
    0x08000eb8   0x00000002   Code   RO          386    i.HAL_ADC_ConvCpltCallback  main.o
    0x08000eba   0x00000002   Code   RO         2952    i.HAL_ADC_ConvHalfCpltCallback  stm32f1xx_hal_adc.o
    0x08000ebc   0x00000002   Code   RO         2954    i.HAL_ADC_ErrorCallback  stm32f1xx_hal_adc.o
    0x08000ebe   0x00000002   PAD
    0x08000ec0   0x00000124   Code   RO         2959    i.HAL_ADC_Init      stm32f1xx_hal_adc.o
    0x08000fe4   0x0000008c   Code   RO          317    i.HAL_ADC_MspInit   adc.o
    0x08001070   0x0000010c   Code   RO         2966    i.HAL_ADC_Start_DMA  stm32f1xx_hal_adc.o
    0x0800117c   0x00000030   Code   RO         2027    i.HAL_DMA_Abort     stm32f1xx_hal_dma.o
    0x080011ac   0x00000130   Code   RO         2028    i.HAL_DMA_Abort_IT  stm32f1xx_hal_dma.o
    0x080012dc   0x00000248   Code   RO         2032    i.HAL_DMA_IRQHandler  stm32f1xx_hal_dma.o
    0x08001524   0x00000084   Code   RO         2033    i.HAL_DMA_Init      stm32f1xx_hal_dma.o
    0x080015a8   0x00000070   Code   RO         2037    i.HAL_DMA_Start_IT  stm32f1xx_hal_dma.o
    0x08001618   0x0000001c   Code   RO         1694    i.HAL_Delay         stm32f1xx_hal.o
    0x08001634   0x000000b0   Code   RO          387    i.HAL_GPIO_EXTI_Callback  main.o
    0x080016e4   0x00000018   Code   RO         1147    i.HAL_GPIO_EXTI_IRQHandler  stm32f1xx_hal_gpio.o
    0x080016fc   0x000001e8   Code   RO         1148    i.HAL_GPIO_Init     stm32f1xx_hal_gpio.o
    0x080018e4   0x0000000a   Code   RO         1150    i.HAL_GPIO_ReadPin  stm32f1xx_hal_gpio.o
    0x080018ee   0x0000000a   Code   RO         1152    i.HAL_GPIO_WritePin  stm32f1xx_hal_gpio.o
    0x080018f8   0x0000000c   Code   RO         1698    i.HAL_GetTick       stm32f1xx_hal.o
    0x08001904   0x00000010   Code   RO         1700    i.HAL_IncTick       stm32f1xx_hal.o
    0x08001914   0x00000024   Code   RO         1701    i.HAL_Init          stm32f1xx_hal.o
    0x08001938   0x00000028   Code   RO         1702    i.HAL_InitTick      stm32f1xx_hal.o
    0x08001960   0x00000084   Code   RO          630    i.HAL_MspInit       stm32f1xx_hal_msp.o
    0x080019e4   0x00000016   Code   RO         1535    i.HAL_NVIC_DisableIRQ  stm32f1xx_hal_cortex.o
    0x080019fa   0x00000016   Code   RO         1536    i.HAL_NVIC_EnableIRQ  stm32f1xx_hal_cortex.o
    0x08001a10   0x00000040   Code   RO         1542    i.HAL_NVIC_SetPriority  stm32f1xx_hal_cortex.o
    0x08001a50   0x00000024   Code   RO         1543    i.HAL_NVIC_SetPriorityGrouping  stm32f1xx_hal_cortex.o
    0x08001a74   0x000000d4   Code   RO         1652    i.HAL_RCCEx_GetPeriphCLKFreq  stm32f1xx_hal_rcc_ex.o
    0x08001b48   0x000000ec   Code   RO         1653    i.HAL_RCCEx_PeriphCLKConfig  stm32f1xx_hal_rcc_ex.o
    0x08001c34   0x00000154   Code   RO         1925    i.HAL_RCC_ClockConfig  stm32f1xx_hal_rcc.o
    0x08001d88   0x0000000c   Code   RO         1930    i.HAL_RCC_GetHCLKFreq  stm32f1xx_hal_rcc.o
    0x08001d94   0x00000020   Code   RO         1932    i.HAL_RCC_GetPCLK1Freq  stm32f1xx_hal_rcc.o
    0x08001db4   0x00000020   Code   RO         1933    i.HAL_RCC_GetPCLK2Freq  stm32f1xx_hal_rcc.o
    0x08001dd4   0x0000006c   Code   RO         1934    i.HAL_RCC_GetSysClockFreq  stm32f1xx_hal_rcc.o
    0x08001e40   0x00000304   Code   RO         1937    i.HAL_RCC_OscConfig  stm32f1xx_hal_rcc.o
    0x08002144   0x00000082   Code   RO         3124    i.HAL_SPI_Init      stm32f1xx_hal_spi_ex.o
    0x080021c6   0x00000002   PAD
    0x080021c8   0x00000090   Code   RO          132    i.HAL_SPI_MspInit   spi.o
    0x08002258   0x000001d8   Code   RO         1231    i.HAL_SPI_TransmitReceive  stm32f1xx_hal_spi.o
    0x08002430   0x00000018   Code   RO         1545    i.HAL_SYSTICK_CLKSourceConfig  stm32f1xx_hal_cortex.o
    0x08002448   0x00000002   Code   RO         1546    i.HAL_SYSTICK_Callback  stm32f1xx_hal_cortex.o
    0x0800244a   0x00000028   Code   RO         1547    i.HAL_SYSTICK_Config  stm32f1xx_hal_cortex.o
    0x08002472   0x00000008   Code   RO         1548    i.HAL_SYSTICK_IRQHandler  stm32f1xx_hal_cortex.o
    0x0800247a   0x00000002   Code   RO         2282    i.HAL_TIMEx_BreakCallback  stm32f1xx_hal_tim_ex.o
    0x0800247c   0x00000002   Code   RO         2283    i.HAL_TIMEx_CommutationCallback  stm32f1xx_hal_tim_ex.o
    0x0800247e   0x00000050   Code   RO         2299    i.HAL_TIMEx_MasterConfigSynchronization  stm32f1xx_hal_tim_ex.o
    0x080024ce   0x00000036   Code   RO         3150    i.HAL_TIM_Base_Init  stm32f1xx_hal_tim.o
    0x08002504   0x00000038   Code   RO         1104    i.HAL_TIM_Base_MspInit  tim.o
    0x0800253c   0x00000018   Code   RO         3155    i.HAL_TIM_Base_Start_IT  stm32f1xx_hal_tim.o
    0x08002554   0x000000f2   Code   RO         3159    i.HAL_TIM_ConfigClockSource  stm32f1xx_hal_tim.o
    0x08002646   0x00000002   Code   RO         3179    i.HAL_TIM_IC_CaptureCallback  stm32f1xx_hal_tim.o
    0x08002648   0x00000166   Code   RO         3192    i.HAL_TIM_IRQHandler  stm32f1xx_hal_tim.o
    0x080027ae   0x00000002   Code   RO         3195    i.HAL_TIM_OC_DelayElapsedCallback  stm32f1xx_hal_tim.o
    0x080027b0   0x00000002   Code   RO         3222    i.HAL_TIM_PWM_PulseFinishedCallback  stm32f1xx_hal_tim.o
    0x080027b2   0x00000002   PAD
    0x080027b4   0x000000e0   Code   RO          388    i.HAL_TIM_PeriodElapsedCallback  main.o
    0x08002894   0x00000002   Code   RO         3233    i.HAL_TIM_TriggerCallback  stm32f1xx_hal_tim.o
    0x08002896   0x00000058   Code   RO         2637    i.HAL_UART_DMAStop  stm32f1xx_hal_uart.o
    0x080028ee   0x00000002   Code   RO         2639    i.HAL_UART_ErrorCallback  stm32f1xx_hal_uart.o
    0x080028f0   0x00000110   Code   RO         2642    i.HAL_UART_IRQHandler  stm32f1xx_hal_uart.o
    0x08002a00   0x00000062   Code   RO         2643    i.HAL_UART_Init     stm32f1xx_hal_uart.o
    0x08002a62   0x00000002   PAD
    0x08002a64   0x00000274   Code   RO          679    i.HAL_UART_MspInit  usart.o
    0x08002cd8   0x00000098   Code   RO         2647    i.HAL_UART_Receive_DMA  stm32f1xx_hal_uart.o
    0x08002d70   0x00000002   Code   RO          389    i.HAL_UART_RxCpltCallback  main.o
    0x08002d72   0x00000002   Code   RO         2650    i.HAL_UART_RxHalfCpltCallback  stm32f1xx_hal_uart.o
    0x08002d74   0x000000ba   Code   RO         2651    i.HAL_UART_Transmit  stm32f1xx_hal_uart.o
    0x08002e2e   0x00000002   Code   RO         2654    i.HAL_UART_TxCpltCallback  stm32f1xx_hal_uart.o
    0x08002e30   0x00000002   Code   RO          194    i.HardFault_Handler  stm32f1xx_it.o
    0x08002e32   0x00000002   PAD
    0x08002e34   0x00000020   Code   RO          837    i.IO_INPUT          bsp_ds1302.o
    0x08002e54   0x00000020   Code   RO          838    i.IO_OUT            bsp_ds1302.o
    0x08002e74   0x000000f0   Code   RO          390    i.Line_1A_WTN5      main.o
    0x08002f64   0x00000098   Code   RO          318    i.MX_ADC1_Init      adc.o
    0x08002ffc   0x0000008c   Code   RO          654    i.MX_DMA_Init       dma.o
    0x08003088   0x00000198   Code   RO          361    i.MX_GPIO_Init      gpio.o
    0x08003220   0x0000005c   Code   RO          133    i.MX_SPI1_Init      spi.o
    0x0800327c   0x0000005c   Code   RO          134    i.MX_SPI2_Init      spi.o
    0x080032d8   0x00000078   Code   RO         1105    i.MX_TIM2_Init      tim.o
    0x08003350   0x0000004c   Code   RO          680    i.MX_USART1_UART_Init  usart.o
    0x0800339c   0x0000004c   Code   RO          681    i.MX_USART2_UART_Init  usart.o
    0x080033e8   0x0000004c   Code   RO          682    i.MX_USART3_UART_Init  usart.o
    0x08003434   0x00000002   Code   RO          195    i.MemManage_Handler  stm32f1xx_it.o
    0x08003436   0x00000002   Code   RO          196    i.NMI_Handler       stm32f1xx_it.o
    0x08003438   0x00000020   Code   RO         1549    i.NVIC_SetPriority  stm32f1xx_hal_cortex.o
    0x08003458   0x00000704   Code   RO          993    i.NotifyButton      bsp_usart_lcd.o
    0x08003b5c   0x000000d0   Code   RO          994    i.NotifyMenu        bsp_usart_lcd.o
    0x08003c2c   0x00000400   Code   RO          999    i.NotifyScreen      bsp_usart_lcd.o
    0x0800402c   0x00000160   Code   RO         1000    i.NotifySelector    bsp_usart_lcd.o
    0x0800418c   0x0000027c   Code   RO         1002    i.NotifyText        bsp_usart_lcd.o
    0x08004408   0x00000002   Code   RO          197    i.PendSV_Handler    stm32f1xx_it.o
    0x0800440a   0x00000076   Code   RO         1006    i.ProcessUIMessage  bsp_usart_lcd.o
    0x08004480   0x00000050   Code   RO          918    i.RS485_Send_Data   bsp_rs485.o
    0x080044d0   0x00000020   Code   RO         1246    i.SPI_CheckFlag_BSY  stm32f1xx_hal_spi.o
    0x080044f0   0x0000005c   Code   RO          732    i.SPI_FLASH_BufferRead  bsp_spi_flash.o
    0x0800454c   0x000000bc   Code   RO          733    i.SPI_FLASH_BufferWrite  bsp_spi_flash.o
    0x08004608   0x00000068   Code   RO          735    i.SPI_FLASH_PageWrite  bsp_spi_flash.o
    0x08004670   0x00000050   Code   RO          739    i.SPI_FLASH_SectorErase  bsp_spi_flash.o
    0x080046c0   0x0000002c   Code   RO          740    i.SPI_FLASH_SendByte  bsp_spi_flash.o
    0x080046ec   0x00000034   Code   RO          742    i.SPI_FLASH_WaitForWriteEnd  bsp_spi_flash.o
    0x08004720   0x0000002c   Code   RO          743    i.SPI_FLASH_WriteEnable  bsp_spi_flash.o
    0x0800474c   0x00000096   Code   RO         1265    i.SPI_WaitFlagStateUntilTimeout  stm32f1xx_hal_spi.o
    0x080047e2   0x00000002   Code   RO          198    i.SVC_Handler       stm32f1xx_it.o
    0x080047e4   0x000000f4   Code   RO          391    i.StrToFloat        main.o
    0x080048d8   0x0000000e   Code   RO          199    i.SysTick_Handler   stm32f1xx_it.o
    0x080048e6   0x0000007a   Code   RO          392    i.SystemClock_Config  main.o
    0x08004960   0x00000048   Code   RO            5    i.SystemInit        system_stm32f1xx.o
    0x080049a8   0x00000018   Code   RO          200    i.TIM2_IRQHandler   stm32f1xx_it.o
    0x080049c0   0x0000008c   Code   RO         3234    i.TIM_Base_SetConfig  stm32f1xx_hal_tim.o
    0x08004a4c   0x00000014   Code   RO         3241    i.TIM_ETR_SetConfig  stm32f1xx_hal_tim.o
    0x08004a60   0x00000010   Code   RO         3242    i.TIM_ITRx_SetConfig  stm32f1xx_hal_tim.o
    0x08004a70   0x00000022   Code   RO         3248    i.TIM_TI1_ConfigInputStage  stm32f1xx_hal_tim.o
    0x08004a92   0x00000024   Code   RO         3250    i.TIM_TI2_ConfigInputStage  stm32f1xx_hal_tim.o
    0x08004ab6   0x00000010   Code   RO         2656    i.UART_DMAAbortOnError  stm32f1xx_hal_uart.o
    0x08004ac6   0x0000004a   Code   RO         2657    i.UART_DMAError     stm32f1xx_hal_uart.o
    0x08004b10   0x0000003c   Code   RO         2658    i.UART_DMAReceiveCplt  stm32f1xx_hal_uart.o
    0x08004b4c   0x0000000a   Code   RO         2660    i.UART_DMARxHalfCplt  stm32f1xx_hal_uart.o
    0x08004b56   0x0000001c   Code   RO         2666    i.UART_EndRxTransfer  stm32f1xx_hal_uart.o
    0x08004b72   0x00000012   Code   RO         2667    i.UART_EndTxTransfer  stm32f1xx_hal_uart.o
    0x08004b84   0x00000096   Code   RO         2668    i.UART_Receive_IT   stm32f1xx_hal_uart.o
    0x08004c1a   0x00000002   PAD
    0x08004c1c   0x00000184   Code   RO          393    i.UART_RxIDLECallback  main.o
    0x08004da0   0x00000170   Code   RO         2669    i.UART_SetConfig    stm32f1xx_hal_uart.o
    0x08004f10   0x00000062   Code   RO         2670    i.UART_Transmit_IT  stm32f1xx_hal_uart.o
    0x08004f72   0x00000064   Code   RO         2671    i.UART_WaitOnFlagUntilTimeout  stm32f1xx_hal_uart.o
    0x08004fd6   0x00000002   PAD
    0x08004fd8   0x00000018   Code   RO          201    i.USART1_IRQHandler  stm32f1xx_it.o
    0x08004ff0   0x00000018   Code   RO          202    i.USART2_IRQHandler  stm32f1xx_it.o
    0x08005008   0x00000002   Code   RO          203    i.UsageFault_Handler  stm32f1xx_it.o
    0x0800500a   0x00000002   Code   RO          394    i._Error_Handler    main.o
    0x0800500c   0x0000000e   Code   RO         3940    i.__scatterload_copy  mc_w.l(handlers.o)
    0x0800501a   0x00000002   Code   RO         3941    i.__scatterload_null  mc_w.l(handlers.o)
    0x0800501c   0x0000000e   Code   RO         3942    i.__scatterload_zeroinit  mc_w.l(handlers.o)
    0x0800502a   0x00000002   PAD
    0x0800502c   0x00000024   Code   RO          395    i.alarm_off         main.o
    0x08005050   0x00000068   Code   RO          396    i.alarm_on          main.o
    0x080050b8   0x0000034c   Code   RO          397    i.application       main.o
    0x08005404   0x00000012   Code   RO          398    i.bsp_Delay_Nus     main.o
    0x08005416   0x00000002   PAD
    0x08005418   0x00000108   Code   RO          399    i.calcDays          main.o
    0x08005520   0x0000001c   Code   RO          400    i.change_float_big_485rom  main.o
    0x0800553c   0x00000104   Code   RO          401    i.checkLic          main.o
    0x08005640   0x00000058   Code   RO          839    i.ds1302_init       bsp_ds1302.o
    0x08005698   0x00000054   Code   RO          840    i.ds1302_read       bsp_ds1302.o
    0x080056ec   0x00000058   Code   RO          841    i.ds1302_write      bsp_ds1302.o
    0x08005744   0x00000094   Code   RO          402    i.eepromReadSetting  main.o
    0x080057d8   0x00000098   Code   RO          403    i.eepromWriteSetting  main.o
    0x08005870   0x00000168   Code   RO          404    i.factorySetting    main.o
    0x080059d8   0x0000003c   Code   RO          406    i.getCurrentPage    main.o
    0x08005a14   0x00000040   Code   RO          842    i.get_all           bsp_ds1302.o
    0x08005a54   0x00000044   Code   RO          843    i.get_date          bsp_ds1302.o
    0x08005a98   0x00000814   Code   RO          407    i.loadMainPage      main.o
    0x080062ac   0x00000030   Code   RO          408    i.main              main.o
    0x080062dc   0x00000508   Code   RO          409    i.selfTest          main.o
    0x080067e4   0x00000184   Code   RO          410    i.set485rom         main.o
    0x08006968   0x0000002c   Code   RO          411    i.setBluetooth      main.o
    0x08006994   0x00000040   Code   RO          846    i.set_time          bsp_ds1302.o
    0x080069d4   0x000001fc   Code   RO          412    i.updateADC         main.o
    0x08006bd0   0x00000188   Code   RO          413    i.updateLed         main.o
    0x08006d58   0x00000570   Code   RO          414    i.updateUI          main.o
    0x080072c8   0x00000010   Data   RO            6    .constdata          system_stm32f1xx.o
    0x080072d8   0x00000008   Data   RO            7    .constdata          system_stm32f1xx.o
    0x080072e0   0x00000020   Data   RO         3938    Region$$Table       anon$$obj.o


    Execution Region RW_IRAM1 (Base: 0x20000000, Size: 0x00001128, Max: 0x00010000, ABSOLUTE, COMPRESSED[0x000002b0])

    Base Addr    Size         Type   Attr      Idx    E Section Name        Object

    0x20000000   0x00000004   Data   RW            8    .data               system_stm32f1xx.o
    0x20000004   0x000000f4   Data   RW          418    .data               main.o
    0x200000f8   0x00000001   Data   RW          421    .data               main.o
    0x200000f9   0x00000003   PAD
    0x200000fc   0x00000027   Data   RW          847    .data               bsp_ds1302.o
    0x20000123   0x00000200   Data   RW          921    .data               bsp_rs485.o
    0x20000323   0x00000008   Data   RW          922    .data               bsp_rs485.o
    0x2000032b   0x00000002   Data   RW         1008    .data               bsp_usart_lcd.o
    0x2000032d   0x00000002   Data   RW         1009    .data               bsp_usart_lcd.o
    0x2000032f   0x000000d2   Data   RW         1010    .data               bsp_usart_lcd.o
    0x20000401   0x0000013b   Data   RW         1011    .data               bsp_usart_lcd.o
    0x2000053c   0x00000004   Data   RW         1707    .data               stm32f1xx_hal.o
    0x20000540   0x000000b0   Zero   RW          135    .bss                spi.o
    0x200005f0   0x00000074   Zero   RW          319    .bss                adc.o
    0x20000664   0x00000418   Zero   RW          415    .bss                main.o
    0x20000a7c   0x0000000d   Zero   RW          417    .bss                main.o
    0x20000a89   0x00000003   PAD
    0x20000a8c   0x00000258   Zero   RW          683    .bss                usart.o
    0x20000ce4   0x00000040   Zero   RW         1106    .bss                tim.o
    0x20000d24   0x00000004   PAD
    0x20000d28   0x00000400   Zero   RW         3861    STACK               startup_stm32f103xe.o


==============================================================================

Image component sizes


      Code (inc. data)   RO Data    RW Data    ZI Data      Debug   Object Name

       292         60          0          0        116       1823   adc.o
       520         52          0         39          0       5247   bsp_ds1302.o
       124         12          0        520          0       2161   bsp_rs485.o
       604         30          0          0          0       6552   bsp_spi_flash.o
      4134        318          0        529          0      10294   bsp_usart_lcd.o
       140          4          0          0          0        838   dma.o
       408         30          0          0          0       1147   gpio.o
     10086        548          0        245       1061      30188   main.o
       328         72          0          0        176       2326   spi.o
        36          8        304          0       1024        788   startup_stm32f103xe.o
       132         22          0          4          0       3847   stm32f1xx_hal.o
      1118         58          0          0          0       8339   stm32f1xx_hal_adc.o
       200          6          0          0          0       1470   stm32f1xx_hal_adc_ex.o
       250         14          0          0          0      28303   stm32f1xx_hal_cortex.o
      1222         52          0          0          0       5226   stm32f1xx_hal_dma.o
       532         48          0          0          0       4238   stm32f1xx_hal_gpio.o
       132         10          0          0          0        902   stm32f1xx_hal_msp.o
      1296        104          0          0          0       5820   stm32f1xx_hal_rcc.o
       448         44          0          0          0       2649   stm32f1xx_hal_rcc_ex.o
       654          0          0          0          0       3726   stm32f1xx_hal_spi.o
       130          0          0          0          0       1119   stm32f1xx_hal_spi_ex.o
       932         20          0          0          0       9835   stm32f1xx_hal_tim.o
        84          0          0          0          0       2438   stm32f1xx_hal_tim_ex.o
      1724         24          0          0          0      13365   stm32f1xx_hal_uart.o
       184         48          0          0          0       8414   stm32f1xx_it.o
        72         16         24          4          0     506235   system_stm32f1xx.o
       176         28          0          0         64       1718   tim.o
       856        124          0          0        600       3610   usart.o

    ----------------------------------------------------------------------
     26836       1752        360       1344       3048     672618   Object Totals
         0          0         32          0          0          0   (incl. Generated)
        22          0          0          3          7          0   (incl. Padding)

    ----------------------------------------------------------------------

      Code (inc. data)   RO Data    RW Data    ZI Data      Debug   Library Member Name

        86          0          0          0          0          0   __dczerorl2.o
         0          0          0          0          0          0   entry.o
         0          0          0          0          0          0   entry10a.o
         0          0          0          0          0          0   entry11a.o
         8          4          0          0          0          0   entry2.o
         4          0          0          0          0          0   entry5.o
         0          0          0          0          0          0   entry7b.o
         0          0          0          0          0          0   entry8b.o
         8          4          0          0          0          0   entry9a.o
        30          0          0          0          0          0   handlers.o
        36          8          0          0          0         68   init.o
         0          0          0          0          0          0   iusefp.o
        30          0          0          0          0         68   llshl.o
        36          0          0          0          0         68   llsshr.o
        32          0          0          0          0         68   llushr.o
        36          0          0          0          0         68   memcpya.o
        36          0          0          0          0        108   memseta.o
        20          0          0          0          0         68   cfcmple.o
        20          0          0          0          0         68   cfrcmple.o
        56          0          0          0          0         88   d2f.o
       334          0          0          0          0        148   dadd.o
       222          0          0          0          0        100   ddiv.o
       186          0          0          0          0        176   depilogue.o
        62          0          0          0          0         80   dfixi.o
        50          0          0          0          0         76   dfixui.o
        34          0          0          0          0         76   dflti.o
        26          0          0          0          0         76   dfltui.o
       228          0          0          0          0         96   dmul.o
        38          0          0          0          0         68   f2d.o
       176          0          0          0          0        140   fadd.o
       124          0          0          0          0         88   fdiv.o
       110          0          0          0          0        168   fepilogue.o
        50          0          0          0          0         68   ffixi.o
        40          0          0          0          0         68   ffixui.o
        18          0          0          0          0         68   fflti.o
       100          0          0          0          0         76   fmul.o

    ----------------------------------------------------------------------
      2244         16          0          0          0       2244   Library Totals
         8          0          0          0          0          0   (incl. Padding)

    ----------------------------------------------------------------------

      Code (inc. data)   RO Data    RW Data    ZI Data      Debug   Library Name

       342         16          0          0          0        448   mc_w.l
      1894          0          0          0          0       1796   mf_w.l

    ----------------------------------------------------------------------
      2244         16          0          0          0       2244   Library Totals

    ----------------------------------------------------------------------

==============================================================================


      Code (inc. data)   RO Data    RW Data    ZI Data      Debug   

     29080       1768        360       1344       3048     665422   Grand Totals
     29080       1768        360        688       3048     665422   ELF Image Totals (compressed)
     29080       1768        360        688          0          0   ROM Totals

==============================================================================

    Total RO  Size (Code + RO Data)                29440 (  28.75kB)
    Total RW  Size (RW Data + ZI Data)              4392 (   4.29kB)
    Total ROM Size (Code + RO Data + RW Data)      30128 (  29.42kB)

==============================================================================

